Archive member included to satisfy reference by file (symbol)

/home/googly/ARMToolchains/gcc-arm-none-eabi-5_3-151225/bin/../lib/gcc/arm-none-eabi/5.3.1/armv6-m/libgcc.a(_thumb1_case_uqi.o)
                              ./system/src/stm32f0-stdperiph/stm32f0xx_rcc.o (__gnu_thumb1_case_uqi)
/home/googly/ARMToolchains/gcc-arm-none-eabi-5_3-151225/bin/../lib/gcc/arm-none-eabi/5.3.1/armv6-m/libgcc.a(_udivsi3.o)
                              ./system/src/stm32f0-stdperiph/stm32f0xx_rcc.o (__aeabi_uidiv)
/home/googly/ARMToolchains/gcc-arm-none-eabi-5_3-151225/bin/../lib/gcc/arm-none-eabi/5.3.1/armv6-m/libgcc.a(_dvmd_tls.o)
                              /home/googly/ARMToolchains/gcc-arm-none-eabi-5_3-151225/bin/../lib/gcc/arm-none-eabi/5.3.1/armv6-m/libgcc.a(_udivsi3.o) (__aeabi_idiv0)
/home/googly/ARMToolchains/gcc-arm-none-eabi-5_3-151225/bin/../lib/gcc/arm-none-eabi/5.3.1/../../../../arm-none-eabi/lib/armv6-m/libg_nano.a(lib_a-errno.o)
                              ./system/src/newlib/_sbrk.o (__errno)
/home/googly/ARMToolchains/gcc-arm-none-eabi-5_3-151225/bin/../lib/gcc/arm-none-eabi/5.3.1/../../../../arm-none-eabi/lib/armv6-m/libg_nano.a(lib_a-impure.o)
                              /home/googly/ARMToolchains/gcc-arm-none-eabi-5_3-151225/bin/../lib/gcc/arm-none-eabi/5.3.1/../../../../arm-none-eabi/lib/armv6-m/libg_nano.a(lib_a-errno.o) (_impure_ptr)

Allocating common symbols
Common symbol       size              file

timer_delayCount    0x4               ./src/Timer.o
errno               0x4               ./system/src/newlib/_syscalls.o
ADC_array           0x8               ./src/ADC_DMA_One_Shot.o

Discarded input sections

 .text          0x0000000000000000        0x0 ./system/src/stm32f0-stdperiph/stm32f0xx_gpio.o
 .data          0x0000000000000000        0x0 ./system/src/stm32f0-stdperiph/stm32f0xx_gpio.o
 .bss           0x0000000000000000        0x0 ./system/src/stm32f0-stdperiph/stm32f0xx_gpio.o
 .text.GPIO_DeInit
                0x0000000000000000       0xac ./system/src/stm32f0-stdperiph/stm32f0xx_gpio.o
 .text.GPIO_Init
                0x0000000000000000       0x76 ./system/src/stm32f0-stdperiph/stm32f0xx_gpio.o
 .text.GPIO_StructInit
                0x0000000000000000       0x18 ./system/src/stm32f0-stdperiph/stm32f0xx_gpio.o
 .text.GPIO_PinLockConfig
                0x0000000000000000       0x24 ./system/src/stm32f0-stdperiph/stm32f0xx_gpio.o
 .text.GPIO_ReadInputDataBit
                0x0000000000000000        0xe ./system/src/stm32f0-stdperiph/stm32f0xx_gpio.o
 .text.GPIO_ReadInputData
                0x0000000000000000        0x6 ./system/src/stm32f0-stdperiph/stm32f0xx_gpio.o
 .text.GPIO_ReadOutputDataBit
                0x0000000000000000        0xe ./system/src/stm32f0-stdperiph/stm32f0xx_gpio.o
 .text.GPIO_ReadOutputData
                0x0000000000000000        0x6 ./system/src/stm32f0-stdperiph/stm32f0xx_gpio.o
 .text.GPIO_SetBits
                0x0000000000000000        0x4 ./system/src/stm32f0-stdperiph/stm32f0xx_gpio.o
 .text.GPIO_ResetBits
                0x0000000000000000        0x4 ./system/src/stm32f0-stdperiph/stm32f0xx_gpio.o
 .text.GPIO_WriteBit
                0x0000000000000000        0xc ./system/src/stm32f0-stdperiph/stm32f0xx_gpio.o
 .text.GPIO_Write
                0x0000000000000000        0x4 ./system/src/stm32f0-stdperiph/stm32f0xx_gpio.o
 .text.GPIO_PinAFConfig
                0x0000000000000000       0x22 ./system/src/stm32f0-stdperiph/stm32f0xx_gpio.o
 .debug_info    0x0000000000000000      0x686 ./system/src/stm32f0-stdperiph/stm32f0xx_gpio.o
 .debug_abbrev  0x0000000000000000      0x1d1 ./system/src/stm32f0-stdperiph/stm32f0xx_gpio.o
 .debug_loc     0x0000000000000000      0x35e ./system/src/stm32f0-stdperiph/stm32f0xx_gpio.o
 .debug_aranges
                0x0000000000000000       0x80 ./system/src/stm32f0-stdperiph/stm32f0xx_gpio.o
 .debug_ranges  0x0000000000000000       0x70 ./system/src/stm32f0-stdperiph/stm32f0xx_gpio.o
 .debug_line    0x0000000000000000      0x272 ./system/src/stm32f0-stdperiph/stm32f0xx_gpio.o
 .debug_str     0x0000000000000000      0x4b5 ./system/src/stm32f0-stdperiph/stm32f0xx_gpio.o
 .comment       0x0000000000000000       0x5e ./system/src/stm32f0-stdperiph/stm32f0xx_gpio.o
 .debug_frame   0x0000000000000000      0x108 ./system/src/stm32f0-stdperiph/stm32f0xx_gpio.o
 .ARM.attributes
                0x0000000000000000       0x31 ./system/src/stm32f0-stdperiph/stm32f0xx_gpio.o
 .text          0x0000000000000000        0x0 ./system/src/stm32f0-stdperiph/stm32f0xx_rcc.o
 .data          0x0000000000000000        0x0 ./system/src/stm32f0-stdperiph/stm32f0xx_rcc.o
 .bss           0x0000000000000000        0x0 ./system/src/stm32f0-stdperiph/stm32f0xx_rcc.o
 .text.RCC_DeInit
                0x0000000000000000       0x60 ./system/src/stm32f0-stdperiph/stm32f0xx_rcc.o
 .text.RCC_HSEConfig
                0x0000000000000000       0x10 ./system/src/stm32f0-stdperiph/stm32f0xx_rcc.o
 .text.RCC_AdjustHSICalibrationValue
                0x0000000000000000       0x14 ./system/src/stm32f0-stdperiph/stm32f0xx_rcc.o
 .text.RCC_HSICmd
                0x0000000000000000       0x18 ./system/src/stm32f0-stdperiph/stm32f0xx_rcc.o
 .text.RCC_AdjustHSI14CalibrationValue
                0x0000000000000000       0x14 ./system/src/stm32f0-stdperiph/stm32f0xx_rcc.o
 .text.RCC_HSI14Cmd
                0x0000000000000000       0x18 ./system/src/stm32f0-stdperiph/stm32f0xx_rcc.o
 .text.RCC_HSI14ADCRequestCmd
                0x0000000000000000       0x18 ./system/src/stm32f0-stdperiph/stm32f0xx_rcc.o
 .text.RCC_LSEConfig
                0x0000000000000000       0x20 ./system/src/stm32f0-stdperiph/stm32f0xx_rcc.o
 .text.RCC_LSEDriveConfig
                0x0000000000000000       0x18 ./system/src/stm32f0-stdperiph/stm32f0xx_rcc.o
 .text.RCC_LSICmd
                0x0000000000000000       0x18 ./system/src/stm32f0-stdperiph/stm32f0xx_rcc.o
 .text.RCC_PLLConfig
                0x0000000000000000       0x20 ./system/src/stm32f0-stdperiph/stm32f0xx_rcc.o
 .text.RCC_PLLCmd
                0x0000000000000000       0x24 ./system/src/stm32f0-stdperiph/stm32f0xx_rcc.o
 .text.RCC_HSI48Cmd
                0x0000000000000000       0x24 ./system/src/stm32f0-stdperiph/stm32f0xx_rcc.o
 .text.RCC_PREDIV1Config
                0x0000000000000000       0x14 ./system/src/stm32f0-stdperiph/stm32f0xx_rcc.o
 .text.RCC_ClockSecuritySystemCmd
                0x0000000000000000       0x24 ./system/src/stm32f0-stdperiph/stm32f0xx_rcc.o
 .text.RCC_MCOConfig
                0x0000000000000000        0xc ./system/src/stm32f0-stdperiph/stm32f0xx_rcc.o
 .text.RCC_SYSCLKConfig
                0x0000000000000000       0x14 ./system/src/stm32f0-stdperiph/stm32f0xx_rcc.o
 .text.RCC_GetSYSCLKSource
                0x0000000000000000       0x10 ./system/src/stm32f0-stdperiph/stm32f0xx_rcc.o
 .text.RCC_HCLKConfig
                0x0000000000000000       0x14 ./system/src/stm32f0-stdperiph/stm32f0xx_rcc.o
 .text.RCC_PCLKConfig
                0x0000000000000000       0x18 ./system/src/stm32f0-stdperiph/stm32f0xx_rcc.o
 .text.RCC_ADCCLKConfig
                0x0000000000000000       0x30 ./system/src/stm32f0-stdperiph/stm32f0xx_rcc.o
 .text.RCC_CECCLKConfig
                0x0000000000000000       0x18 ./system/src/stm32f0-stdperiph/stm32f0xx_rcc.o
 .text.RCC_I2CCLKConfig
                0x0000000000000000       0x18 ./system/src/stm32f0-stdperiph/stm32f0xx_rcc.o
 .text.RCC_USARTCLKConfig
                0x0000000000000000       0x28 ./system/src/stm32f0-stdperiph/stm32f0xx_rcc.o
 .text.RCC_USBCLKConfig
                0x0000000000000000       0x18 ./system/src/stm32f0-stdperiph/stm32f0xx_rcc.o
 .text.RCC_GetClocksFreq
                0x0000000000000000      0x148 ./system/src/stm32f0-stdperiph/stm32f0xx_rcc.o
 .text.RCC_RTCCLKConfig
                0x0000000000000000       0x10 ./system/src/stm32f0-stdperiph/stm32f0xx_rcc.o
 .text.RCC_RTCCLKCmd
                0x0000000000000000       0x24 ./system/src/stm32f0-stdperiph/stm32f0xx_rcc.o
 .text.RCC_BackupResetCmd
                0x0000000000000000       0x24 ./system/src/stm32f0-stdperiph/stm32f0xx_rcc.o
 .text.RCC_AHBPeriphClockCmd
                0x0000000000000000       0x18 ./system/src/stm32f0-stdperiph/stm32f0xx_rcc.o
 .text.RCC_APB2PeriphClockCmd
                0x0000000000000000       0x18 ./system/src/stm32f0-stdperiph/stm32f0xx_rcc.o
 .text.RCC_APB1PeriphClockCmd
                0x0000000000000000       0x18 ./system/src/stm32f0-stdperiph/stm32f0xx_rcc.o
 .text.RCC_AHBPeriphResetCmd
                0x0000000000000000       0x18 ./system/src/stm32f0-stdperiph/stm32f0xx_rcc.o
 .text.RCC_APB2PeriphResetCmd
                0x0000000000000000       0x18 ./system/src/stm32f0-stdperiph/stm32f0xx_rcc.o
 .text.RCC_APB1PeriphResetCmd
                0x0000000000000000       0x18 ./system/src/stm32f0-stdperiph/stm32f0xx_rcc.o
 .text.RCC_ITConfig
                0x0000000000000000       0x18 ./system/src/stm32f0-stdperiph/stm32f0xx_rcc.o
 .text.RCC_GetFlagStatus
                0x0000000000000000       0x2c ./system/src/stm32f0-stdperiph/stm32f0xx_rcc.o
 .text.RCC_WaitForHSEStartUp
                0x0000000000000000       0x2e ./system/src/stm32f0-stdperiph/stm32f0xx_rcc.o
 .text.RCC_ClearFlag
                0x0000000000000000       0x14 ./system/src/stm32f0-stdperiph/stm32f0xx_rcc.o
 .text.RCC_GetITStatus
                0x0000000000000000       0x14 ./system/src/stm32f0-stdperiph/stm32f0xx_rcc.o
 .text.RCC_ClearITPendingBit
                0x0000000000000000        0xc ./system/src/stm32f0-stdperiph/stm32f0xx_rcc.o
 .data.APBAHBPrescTable
                0x0000000000000000       0x10 ./system/src/stm32f0-stdperiph/stm32f0xx_rcc.o
 .debug_info    0x0000000000000000      0xa51 ./system/src/stm32f0-stdperiph/stm32f0xx_rcc.o
 .debug_abbrev  0x0000000000000000      0x232 ./system/src/stm32f0-stdperiph/stm32f0xx_rcc.o
 .debug_loc     0x0000000000000000      0x83d ./system/src/stm32f0-stdperiph/stm32f0xx_rcc.o
 .debug_aranges
                0x0000000000000000      0x160 ./system/src/stm32f0-stdperiph/stm32f0xx_rcc.o
 .debug_ranges  0x0000000000000000      0x150 ./system/src/stm32f0-stdperiph/stm32f0xx_rcc.o
 .debug_line    0x0000000000000000      0x536 ./system/src/stm32f0-stdperiph/stm32f0xx_rcc.o
 .debug_str     0x0000000000000000      0x78d ./system/src/stm32f0-stdperiph/stm32f0xx_rcc.o
 .comment       0x0000000000000000       0x5e ./system/src/stm32f0-stdperiph/stm32f0xx_rcc.o
 .debug_frame   0x0000000000000000      0x2c4 ./system/src/stm32f0-stdperiph/stm32f0xx_rcc.o
 .ARM.attributes
                0x0000000000000000       0x31 ./system/src/stm32f0-stdperiph/stm32f0xx_rcc.o
 .text          0x0000000000000000        0x0 ./system/src/newlib/_cxx.o
 .data          0x0000000000000000        0x0 ./system/src/newlib/_cxx.o
 .bss           0x0000000000000000        0x0 ./system/src/newlib/_cxx.o
 .text._ZN9__gnu_cxx27__verbose_terminate_handlerEv
                0x0000000000000000        0x6 ./system/src/newlib/_cxx.o
 .text.__cxa_pure_virtual
                0x0000000000000000        0x6 ./system/src/newlib/_cxx.o
 .debug_info    0x0000000000000000      0x565 ./system/src/newlib/_cxx.o
 .debug_abbrev  0x0000000000000000      0x1ba ./system/src/newlib/_cxx.o
 .debug_aranges
                0x0000000000000000       0x20 ./system/src/newlib/_cxx.o
 .debug_ranges  0x0000000000000000       0x10 ./system/src/newlib/_cxx.o
 .debug_line    0x0000000000000000      0x226 ./system/src/newlib/_cxx.o
 .debug_str     0x0000000000000000      0x319 ./system/src/newlib/_cxx.o
 .comment       0x0000000000000000       0x5e ./system/src/newlib/_cxx.o
 .debug_frame   0x0000000000000000       0x40 ./system/src/newlib/_cxx.o
 .ARM.attributes
                0x0000000000000000       0x31 ./system/src/newlib/_cxx.o
 .text          0x0000000000000000        0x0 ./system/src/newlib/_exit.o
 .data          0x0000000000000000        0x0 ./system/src/newlib/_exit.o
 .bss           0x0000000000000000        0x0 ./system/src/newlib/_exit.o
 .text.abort    0x0000000000000000        0x8 ./system/src/newlib/_exit.o
 .text          0x0000000000000000        0x0 ./system/src/newlib/_sbrk.o
 .data          0x0000000000000000        0x0 ./system/src/newlib/_sbrk.o
 .bss           0x0000000000000000        0x0 ./system/src/newlib/_sbrk.o
 .text._sbrk    0x0000000000000000       0x40 ./system/src/newlib/_sbrk.o
 .bss.current_heap_end.3921
                0x0000000000000000        0x4 ./system/src/newlib/_sbrk.o
 .debug_info    0x0000000000000000      0x11b ./system/src/newlib/_sbrk.o
 .debug_abbrev  0x0000000000000000       0xb6 ./system/src/newlib/_sbrk.o
 .debug_loc     0x0000000000000000       0x5f ./system/src/newlib/_sbrk.o
 .debug_aranges
                0x0000000000000000       0x20 ./system/src/newlib/_sbrk.o
 .debug_ranges  0x0000000000000000       0x10 ./system/src/newlib/_sbrk.o
 .debug_line    0x0000000000000000       0xcc ./system/src/newlib/_sbrk.o
 .debug_str     0x0000000000000000      0x1df ./system/src/newlib/_sbrk.o
 .comment       0x0000000000000000       0x5e ./system/src/newlib/_sbrk.o
 .debug_frame   0x0000000000000000       0x28 ./system/src/newlib/_sbrk.o
 .ARM.attributes
                0x0000000000000000       0x31 ./system/src/newlib/_sbrk.o
 .text          0x0000000000000000        0x0 ./system/src/newlib/_startup.o
 .data          0x0000000000000000        0x0 ./system/src/newlib/_startup.o
 .bss           0x0000000000000000        0x0 ./system/src/newlib/_startup.o
 .text.__initialize_data
                0x0000000000000000        0xc ./system/src/newlib/_startup.o
 .text.__initialize_bss
                0x0000000000000000        0xc ./system/src/newlib/_startup.o
 .text.__run_init_array
                0x0000000000000000       0x48 ./system/src/newlib/_startup.o
 .text.__run_fini_array
                0x0000000000000000       0x24 ./system/src/newlib/_startup.o
 .text          0x0000000000000000        0x0 ./system/src/newlib/_syscalls.o
 .data          0x0000000000000000        0x0 ./system/src/newlib/_syscalls.o
 .bss           0x0000000000000000        0x0 ./system/src/newlib/_syscalls.o
 .text.raise    0x0000000000000000       0x10 ./system/src/newlib/_syscalls.o
 .text.kill     0x0000000000000000       0x10 ./system/src/newlib/_syscalls.o
 .bss.__dso_handle
                0x0000000000000000        0x4 ./system/src/newlib/_syscalls.o
 COMMON         0x0000000000000000        0x4 ./system/src/newlib/_syscalls.o
 .text          0x0000000000000000        0x0 ./system/src/newlib/assert.o
 .data          0x0000000000000000        0x0 ./system/src/newlib/assert.o
 .bss           0x0000000000000000        0x0 ./system/src/newlib/assert.o
 .text.__assert_func
                0x0000000000000000        0x6 ./system/src/newlib/assert.o
 .debug_info    0x0000000000000000      0x10f ./system/src/newlib/assert.o
 .debug_abbrev  0x0000000000000000       0xa9 ./system/src/newlib/assert.o
 .debug_loc     0x0000000000000000       0x84 ./system/src/newlib/assert.o
 .debug_aranges
                0x0000000000000000       0x20 ./system/src/newlib/assert.o
 .debug_ranges  0x0000000000000000       0x10 ./system/src/newlib/assert.o
 .debug_line    0x0000000000000000       0xd6 ./system/src/newlib/assert.o
 .debug_str     0x0000000000000000      0x1c8 ./system/src/newlib/assert.o
 .comment       0x0000000000000000       0x5e ./system/src/newlib/assert.o
 .debug_frame   0x0000000000000000       0x28 ./system/src/newlib/assert.o
 .ARM.attributes
                0x0000000000000000       0x31 ./system/src/newlib/assert.o
 .text          0x0000000000000000        0x0 ./system/src/diag/Trace.o
 .data          0x0000000000000000        0x0 ./system/src/diag/Trace.o
 .bss           0x0000000000000000        0x0 ./system/src/diag/Trace.o
 .debug_line    0x0000000000000000        0x0 ./system/src/diag/Trace.o
 .debug_str     0x0000000000000000       0xe5 ./system/src/diag/Trace.o
 .comment       0x0000000000000000       0x5e ./system/src/diag/Trace.o
 .ARM.attributes
                0x0000000000000000       0x31 ./system/src/diag/Trace.o
 .text          0x0000000000000000        0x0 ./system/src/diag/trace_impl.o
 .data          0x0000000000000000        0x0 ./system/src/diag/trace_impl.o
 .bss           0x0000000000000000        0x0 ./system/src/diag/trace_impl.o
 .debug_line    0x0000000000000000        0x0 ./system/src/diag/trace_impl.o
 .debug_str     0x0000000000000000       0xea ./system/src/diag/trace_impl.o
 .comment       0x0000000000000000       0x5e ./system/src/diag/trace_impl.o
 .ARM.attributes
                0x0000000000000000       0x31 ./system/src/diag/trace_impl.o
 .text          0x0000000000000000        0x0 ./system/src/cortexm/_initialize_hardware.o
 .data          0x0000000000000000        0x0 ./system/src/cortexm/_initialize_hardware.o
 .bss           0x0000000000000000        0x0 ./system/src/cortexm/_initialize_hardware.o
 .text          0x0000000000000000        0x0 ./system/src/cortexm/_reset_hardware.o
 .data          0x0000000000000000        0x0 ./system/src/cortexm/_reset_hardware.o
 .bss           0x0000000000000000        0x0 ./system/src/cortexm/_reset_hardware.o
 .text          0x0000000000000000        0x0 ./system/src/cortexm/exception_handlers.o
 .data          0x0000000000000000        0x0 ./system/src/cortexm/exception_handlers.o
 .bss           0x0000000000000000        0x0 ./system/src/cortexm/exception_handlers.o
 .text          0x0000000000000000        0x0 ./system/src/cmsis/system_stm32f0xx.o
 .data          0x0000000000000000        0x0 ./system/src/cmsis/system_stm32f0xx.o
 .bss           0x0000000000000000        0x0 ./system/src/cmsis/system_stm32f0xx.o
 .text          0x0000000000000000        0x0 ./system/src/cmsis/vectors_stm32f0xx.o
 .data          0x0000000000000000        0x0 ./system/src/cmsis/vectors_stm32f0xx.o
 .bss           0x0000000000000000        0x0 ./system/src/cmsis/vectors_stm32f0xx.o
 .text          0x0000000000000000        0x0 ./src/ADC_DMA_One_Shot.o
 .data          0x0000000000000000        0x0 ./src/ADC_DMA_One_Shot.o
 .bss           0x0000000000000000        0x0 ./src/ADC_DMA_One_Shot.o
 .text          0x0000000000000000        0x0 ./src/Timer.o
 .data          0x0000000000000000        0x0 ./src/Timer.o
 .bss           0x0000000000000000        0x0 ./src/Timer.o
 .text.timer_start
                0x0000000000000000       0x44 ./src/Timer.o
 .text.timer_sleep
                0x0000000000000000       0x10 ./src/Timer.o
 .text          0x0000000000000000        0x0 ./src/_write.o
 .data          0x0000000000000000        0x0 ./src/_write.o
 .bss           0x0000000000000000        0x0 ./src/_write.o
 .debug_line    0x0000000000000000        0x0 ./src/_write.o
 .debug_str     0x0000000000000000       0xda ./src/_write.o
 .comment       0x0000000000000000       0x5e ./src/_write.o
 .ARM.attributes
                0x0000000000000000       0x31 ./src/_write.o
 .text          0x0000000000000000        0x0 ./src/main.o
 .data          0x0000000000000000        0x0 ./src/main.o
 .bss           0x0000000000000000        0x0 ./src/main.o
 .text          0x0000000000000000       0x14 /home/googly/ARMToolchains/gcc-arm-none-eabi-5_3-151225/bin/../lib/gcc/arm-none-eabi/5.3.1/armv6-m/libgcc.a(_thumb1_case_uqi.o)
 .data          0x0000000000000000        0x0 /home/googly/ARMToolchains/gcc-arm-none-eabi-5_3-151225/bin/../lib/gcc/arm-none-eabi/5.3.1/armv6-m/libgcc.a(_thumb1_case_uqi.o)
 .bss           0x0000000000000000        0x0 /home/googly/ARMToolchains/gcc-arm-none-eabi-5_3-151225/bin/../lib/gcc/arm-none-eabi/5.3.1/armv6-m/libgcc.a(_thumb1_case_uqi.o)
 .debug_line    0x0000000000000000       0x84 /home/googly/ARMToolchains/gcc-arm-none-eabi-5_3-151225/bin/../lib/gcc/arm-none-eabi/5.3.1/armv6-m/libgcc.a(_thumb1_case_uqi.o)
 .debug_info    0x0000000000000000       0xcf /home/googly/ARMToolchains/gcc-arm-none-eabi-5_3-151225/bin/../lib/gcc/arm-none-eabi/5.3.1/armv6-m/libgcc.a(_thumb1_case_uqi.o)
 .debug_abbrev  0x0000000000000000       0x14 /home/googly/ARMToolchains/gcc-arm-none-eabi-5_3-151225/bin/../lib/gcc/arm-none-eabi/5.3.1/armv6-m/libgcc.a(_thumb1_case_uqi.o)
 .debug_aranges
                0x0000000000000000       0x20 /home/googly/ARMToolchains/gcc-arm-none-eabi-5_3-151225/bin/../lib/gcc/arm-none-eabi/5.3.1/armv6-m/libgcc.a(_thumb1_case_uqi.o)
 .ARM.attributes
                0x0000000000000000       0x1e /home/googly/ARMToolchains/gcc-arm-none-eabi-5_3-151225/bin/../lib/gcc/arm-none-eabi/5.3.1/armv6-m/libgcc.a(_thumb1_case_uqi.o)
 .data          0x0000000000000000        0x0 /home/googly/ARMToolchains/gcc-arm-none-eabi-5_3-151225/bin/../lib/gcc/arm-none-eabi/5.3.1/armv6-m/libgcc.a(_udivsi3.o)
 .bss           0x0000000000000000        0x0 /home/googly/ARMToolchains/gcc-arm-none-eabi-5_3-151225/bin/../lib/gcc/arm-none-eabi/5.3.1/armv6-m/libgcc.a(_udivsi3.o)
 .data          0x0000000000000000        0x0 /home/googly/ARMToolchains/gcc-arm-none-eabi-5_3-151225/bin/../lib/gcc/arm-none-eabi/5.3.1/armv6-m/libgcc.a(_dvmd_tls.o)
 .bss           0x0000000000000000        0x0 /home/googly/ARMToolchains/gcc-arm-none-eabi-5_3-151225/bin/../lib/gcc/arm-none-eabi/5.3.1/armv6-m/libgcc.a(_dvmd_tls.o)
 .text          0x0000000000000000        0x0 /home/googly/ARMToolchains/gcc-arm-none-eabi-5_3-151225/bin/../lib/gcc/arm-none-eabi/5.3.1/../../../../arm-none-eabi/lib/armv6-m/libg_nano.a(lib_a-errno.o)
 .data          0x0000000000000000        0x0 /home/googly/ARMToolchains/gcc-arm-none-eabi-5_3-151225/bin/../lib/gcc/arm-none-eabi/5.3.1/../../../../arm-none-eabi/lib/armv6-m/libg_nano.a(lib_a-errno.o)
 .bss           0x0000000000000000        0x0 /home/googly/ARMToolchains/gcc-arm-none-eabi-5_3-151225/bin/../lib/gcc/arm-none-eabi/5.3.1/../../../../arm-none-eabi/lib/armv6-m/libg_nano.a(lib_a-errno.o)
 .text.__errno  0x0000000000000000        0xc /home/googly/ARMToolchains/gcc-arm-none-eabi-5_3-151225/bin/../lib/gcc/arm-none-eabi/5.3.1/../../../../arm-none-eabi/lib/armv6-m/libg_nano.a(lib_a-errno.o)
 .debug_info    0x0000000000000000      0x738 /home/googly/ARMToolchains/gcc-arm-none-eabi-5_3-151225/bin/../lib/gcc/arm-none-eabi/5.3.1/../../../../arm-none-eabi/lib/armv6-m/libg_nano.a(lib_a-errno.o)
 .debug_abbrev  0x0000000000000000      0x132 /home/googly/ARMToolchains/gcc-arm-none-eabi-5_3-151225/bin/../lib/gcc/arm-none-eabi/5.3.1/../../../../arm-none-eabi/lib/armv6-m/libg_nano.a(lib_a-errno.o)
 .debug_aranges
                0x0000000000000000       0x20 /home/googly/ARMToolchains/gcc-arm-none-eabi-5_3-151225/bin/../lib/gcc/arm-none-eabi/5.3.1/../../../../arm-none-eabi/lib/armv6-m/libg_nano.a(lib_a-errno.o)
 .debug_ranges  0x0000000000000000       0x10 /home/googly/ARMToolchains/gcc-arm-none-eabi-5_3-151225/bin/../lib/gcc/arm-none-eabi/5.3.1/../../../../arm-none-eabi/lib/armv6-m/libg_nano.a(lib_a-errno.o)
 .debug_line    0x0000000000000000      0x166 /home/googly/ARMToolchains/gcc-arm-none-eabi-5_3-151225/bin/../lib/gcc/arm-none-eabi/5.3.1/../../../../arm-none-eabi/lib/armv6-m/libg_nano.a(lib_a-errno.o)
 .debug_str     0x0000000000000000      0x4d1 /home/googly/ARMToolchains/gcc-arm-none-eabi-5_3-151225/bin/../lib/gcc/arm-none-eabi/5.3.1/../../../../arm-none-eabi/lib/armv6-m/libg_nano.a(lib_a-errno.o)
 .comment       0x0000000000000000       0x5e /home/googly/ARMToolchains/gcc-arm-none-eabi-5_3-151225/bin/../lib/gcc/arm-none-eabi/5.3.1/../../../../arm-none-eabi/lib/armv6-m/libg_nano.a(lib_a-errno.o)
 .debug_frame   0x0000000000000000       0x20 /home/googly/ARMToolchains/gcc-arm-none-eabi-5_3-151225/bin/../lib/gcc/arm-none-eabi/5.3.1/../../../../arm-none-eabi/lib/armv6-m/libg_nano.a(lib_a-errno.o)
 .ARM.attributes
                0x0000000000000000       0x2c /home/googly/ARMToolchains/gcc-arm-none-eabi-5_3-151225/bin/../lib/gcc/arm-none-eabi/5.3.1/../../../../arm-none-eabi/lib/armv6-m/libg_nano.a(lib_a-errno.o)
 .text          0x0000000000000000        0x0 /home/googly/ARMToolchains/gcc-arm-none-eabi-5_3-151225/bin/../lib/gcc/arm-none-eabi/5.3.1/../../../../arm-none-eabi/lib/armv6-m/libg_nano.a(lib_a-impure.o)
 .data          0x0000000000000000        0x0 /home/googly/ARMToolchains/gcc-arm-none-eabi-5_3-151225/bin/../lib/gcc/arm-none-eabi/5.3.1/../../../../arm-none-eabi/lib/armv6-m/libg_nano.a(lib_a-impure.o)
 .bss           0x0000000000000000        0x0 /home/googly/ARMToolchains/gcc-arm-none-eabi-5_3-151225/bin/../lib/gcc/arm-none-eabi/5.3.1/../../../../arm-none-eabi/lib/armv6-m/libg_nano.a(lib_a-impure.o)
 .data.impure_data
                0x0000000000000000       0x60 /home/googly/ARMToolchains/gcc-arm-none-eabi-5_3-151225/bin/../lib/gcc/arm-none-eabi/5.3.1/../../../../arm-none-eabi/lib/armv6-m/libg_nano.a(lib_a-impure.o)
 .data._impure_ptr
                0x0000000000000000        0x4 /home/googly/ARMToolchains/gcc-arm-none-eabi-5_3-151225/bin/../lib/gcc/arm-none-eabi/5.3.1/../../../../arm-none-eabi/lib/armv6-m/libg_nano.a(lib_a-impure.o)
 .rodata.str1.1
                0x0000000000000000        0x2 /home/googly/ARMToolchains/gcc-arm-none-eabi-5_3-151225/bin/../lib/gcc/arm-none-eabi/5.3.1/../../../../arm-none-eabi/lib/armv6-m/libg_nano.a(lib_a-impure.o)
 .rodata._global_impure_ptr
                0x0000000000000000        0x4 /home/googly/ARMToolchains/gcc-arm-none-eabi-5_3-151225/bin/../lib/gcc/arm-none-eabi/5.3.1/../../../../arm-none-eabi/lib/armv6-m/libg_nano.a(lib_a-impure.o)
 .debug_info    0x0000000000000000      0x7d6 /home/googly/ARMToolchains/gcc-arm-none-eabi-5_3-151225/bin/../lib/gcc/arm-none-eabi/5.3.1/../../../../arm-none-eabi/lib/armv6-m/libg_nano.a(lib_a-impure.o)
 .debug_abbrev  0x0000000000000000      0x134 /home/googly/ARMToolchains/gcc-arm-none-eabi-5_3-151225/bin/../lib/gcc/arm-none-eabi/5.3.1/../../../../arm-none-eabi/lib/armv6-m/libg_nano.a(lib_a-impure.o)
 .debug_aranges
                0x0000000000000000       0x18 /home/googly/ARMToolchains/gcc-arm-none-eabi-5_3-151225/bin/../lib/gcc/arm-none-eabi/5.3.1/../../../../arm-none-eabi/lib/armv6-m/libg_nano.a(lib_a-impure.o)
 .debug_line    0x0000000000000000      0x149 /home/googly/ARMToolchains/gcc-arm-none-eabi-5_3-151225/bin/../lib/gcc/arm-none-eabi/5.3.1/../../../../arm-none-eabi/lib/armv6-m/libg_nano.a(lib_a-impure.o)
 .debug_str     0x0000000000000000      0x528 /home/googly/ARMToolchains/gcc-arm-none-eabi-5_3-151225/bin/../lib/gcc/arm-none-eabi/5.3.1/../../../../arm-none-eabi/lib/armv6-m/libg_nano.a(lib_a-impure.o)
 .comment       0x0000000000000000       0x5e /home/googly/ARMToolchains/gcc-arm-none-eabi-5_3-151225/bin/../lib/gcc/arm-none-eabi/5.3.1/../../../../arm-none-eabi/lib/armv6-m/libg_nano.a(lib_a-impure.o)
 .ARM.attributes
                0x0000000000000000       0x2c /home/googly/ARMToolchains/gcc-arm-none-eabi-5_3-151225/bin/../lib/gcc/arm-none-eabi/5.3.1/../../../../arm-none-eabi/lib/armv6-m/libg_nano.a(lib_a-impure.o)

Memory Configuration

Name             Origin             Length             Attributes
RAM              0x0000000020000000 0x0000000000002000 xrw
CCMRAM           0x0000000000000000 0x0000000000000000 xrw
FLASH            0x0000000008000000 0x0000000000010000 xr
FLASHB1          0x0000000000000000 0x0000000000000000 xr
EXTMEMB0         0x0000000000000000 0x0000000000000000 xr
EXTMEMB1         0x0000000000000000 0x0000000000000000 xr
EXTMEMB2         0x0000000000000000 0x0000000000000000 xr
EXTMEMB3         0x0000000000000000 0x0000000000000000 xr
MEMORY_ARRAY     0x0000000000000000 0x0000000000000000 xrw
*default*        0x0000000000000000 0xffffffffffffffff

Linker script and memory map

LOAD ./system/src/stm32f0-stdperiph/stm32f0xx_gpio.o
LOAD ./system/src/stm32f0-stdperiph/stm32f0xx_rcc.o
LOAD ./system/src/newlib/_cxx.o
LOAD ./system/src/newlib/_exit.o
LOAD ./system/src/newlib/_sbrk.o
LOAD ./system/src/newlib/_startup.o
LOAD ./system/src/newlib/_syscalls.o
LOAD ./system/src/newlib/assert.o
LOAD ./system/src/diag/Trace.o
LOAD ./system/src/diag/trace_impl.o
LOAD ./system/src/cortexm/_initialize_hardware.o
LOAD ./system/src/cortexm/_reset_hardware.o
LOAD ./system/src/cortexm/exception_handlers.o
LOAD ./system/src/cmsis/system_stm32f0xx.o
LOAD ./system/src/cmsis/vectors_stm32f0xx.o
LOAD ./src/ADC_DMA_One_Shot.o
LOAD ./src/Timer.o
LOAD ./src/_write.o
LOAD ./src/main.o
LOAD /home/googly/ARMToolchains/gcc-arm-none-eabi-5_3-151225/bin/../lib/gcc/arm-none-eabi/5.3.1/../../../../arm-none-eabi/lib/armv6-m/libstdc++_nano.a
LOAD /home/googly/ARMToolchains/gcc-arm-none-eabi-5_3-151225/bin/../lib/gcc/arm-none-eabi/5.3.1/../../../../arm-none-eabi/lib/armv6-m/libm.a
START GROUP
LOAD /home/googly/ARMToolchains/gcc-arm-none-eabi-5_3-151225/bin/../lib/gcc/arm-none-eabi/5.3.1/armv6-m/libgcc.a
LOAD /home/googly/ARMToolchains/gcc-arm-none-eabi-5_3-151225/bin/../lib/gcc/arm-none-eabi/5.3.1/../../../../arm-none-eabi/lib/armv6-m/libg_nano.a
LOAD /home/googly/ARMToolchains/gcc-arm-none-eabi-5_3-151225/bin/../lib/gcc/arm-none-eabi/5.3.1/../../../../arm-none-eabi/lib/armv6-m/libc_nano.a
END GROUP
START GROUP
LOAD /home/googly/ARMToolchains/gcc-arm-none-eabi-5_3-151225/bin/../lib/gcc/arm-none-eabi/5.3.1/armv6-m/libgcc.a
LOAD /home/googly/ARMToolchains/gcc-arm-none-eabi-5_3-151225/bin/../lib/gcc/arm-none-eabi/5.3.1/../../../../arm-none-eabi/lib/armv6-m/libc_nano.a
END GROUP
                0x0000000020002000                __stack = (ORIGIN (RAM) + LENGTH (RAM))
                0x0000000020002000                _estack = __stack
                0x0000000000000400                __Main_Stack_Size = 0x400
                [!provide]                        PROVIDE (_Main_Stack_Size, __Main_Stack_Size)
                0x0000000020001c00                __Main_Stack_Limit = (__stack - __Main_Stack_Size)
                [!provide]                        PROVIDE (_Main_Stack_Limit, __Main_Stack_Limit)
                0x0000000000000100                _Minimum_Stack_Size = 0x100
                0x0000000020000038                PROVIDE (_Heap_Begin, _end_noinit)
                0x0000000020001c00                PROVIDE (_Heap_Limit, (__stack - __Main_Stack_Size))

.isr_vector     0x0000000008000000      0x242
 FILL mask 0xff
                0x0000000008000000                __vectors_start = ABSOLUTE (.)
                0x0000000008000000                __vectors_start__ = ABSOLUTE (.)
 *(.isr_vector)
 .isr_vector    0x0000000008000000       0xc4 ./system/src/cmsis/vectors_stm32f0xx.o
                0x0000000008000000                g_pfnVectors
 *(.cfmconfig)
 *(.after_vectors .after_vectors.*)
 .after_vectors
                0x00000000080000c4       0xc0 ./system/src/newlib/_startup.o
                0x00000000080000c4                _start
 .after_vectors
                0x0000000008000184       0xbc ./system/src/cortexm/exception_handlers.o
                0x0000000008000184                Reset_Handler
                0x0000000008000188                NMI_Handler
                0x000000000800018a                HardFault_Handler
                0x00000000080001a2                HardFault_Handler_C
                0x00000000080001a4                SVC_Handler
                0x00000000080001a6                PendSV_Handler
 .after_vectors
                0x0000000008000240        0x2 ./system/src/cmsis/vectors_stm32f0xx.o
                0x0000000008000240                TIM1_CC_IRQHandler
                0x0000000008000240                TSC_IRQHandler
                0x0000000008000240                PVD_IRQHandler
                0x0000000008000240                I2C1_IRQHandler
                0x0000000008000240                RCC_CRS_IRQHandler
                0x0000000008000240                SPI1_IRQHandler
                0x0000000008000240                TIM6_DAC_IRQHandler
                0x0000000008000240                USART3_4_IRQHandler
                0x0000000008000240                EXTI2_3_IRQHandler
                0x0000000008000240                ADC1_IRQHandler
                0x0000000008000240                I2C2_IRQHandler
                0x0000000008000240                TIM17_IRQHandler
                0x0000000008000240                CEC_CAN_IRQHandler
                0x0000000008000240                RTC_IRQHandler
                0x0000000008000240                PVD_VDDIO2_IRQHandler
                0x0000000008000240                DMA1_Channel4_5_6_7_IRQHandler
                0x0000000008000240                TIM16_IRQHandler
                0x0000000008000240                TIM3_IRQHandler
                0x0000000008000240                RCC_IRQHandler
                0x0000000008000240                EXTI4_15_IRQHandler
                0x0000000008000240                Default_Handler
                0x0000000008000240                CEC_IRQHandler
                0x0000000008000240                TIM14_IRQHandler
                0x0000000008000240                DMA1_Channel4_5_IRQHandler
                0x0000000008000240                TIM7_IRQHandler
                0x0000000008000240                TIM15_IRQHandler
                0x0000000008000240                USB_IRQHandler
                0x0000000008000240                SPI2_IRQHandler
                0x0000000008000240                TS_IRQHandler
                0x0000000008000240                WWDG_IRQHandler
                0x0000000008000240                TIM2_IRQHandler
                0x0000000008000240                DMA1_Channel2_3_IRQHandler
                0x0000000008000240                USART2_IRQHandler
                0x0000000008000240                FLASH_IRQHandler
                0x0000000008000240                USART1_IRQHandler
                0x0000000008000240                TIM1_BRK_UP_TRG_COM_IRQHandler

.inits          0x0000000008000244       0x28
                0x0000000008000244                __data_regions_array_start = .
                0x0000000008000244        0x4 LONG 0x80008cc LOADADDR (.data)
                0x0000000008000248        0x4 LONG 0x20000000 ADDR (.data)
                0x000000000800024c        0x4 LONG 0x20000024 (ADDR (.data) + SIZEOF (.data))
                0x0000000008000250        0x4 LONG 0x80008cc LOADADDR (.data_CCMRAM)
                0x0000000008000254        0x4 LONG 0x0 ADDR (.data_CCMRAM)
                0x0000000008000258        0x4 LONG 0x0 (ADDR (.data_CCMRAM) + SIZEOF (.data_CCMRAM))
                0x000000000800025c                __data_regions_array_end = .
                0x000000000800025c                __bss_regions_array_start = .
                0x000000000800025c        0x4 LONG 0x20000024 ADDR (.bss)
                0x0000000008000260        0x4 LONG 0x20000038 (ADDR (.bss) + SIZEOF (.bss))
                0x0000000008000264        0x4 LONG 0x0 ADDR (.bss_CCMRAM)
                0x0000000008000268        0x4 LONG 0x0 (ADDR (.bss_CCMRAM) + SIZEOF (.bss_CCMRAM))
                0x000000000800026c                __bss_regions_array_end = .
 *(.init)
 *(.fini)
                0x000000000800026c                . = ALIGN (0x4)
                0x000000000800026c                PROVIDE (__preinit_array_start, .)
 *(.preinit_array_sysinit .preinit_array_sysinit.*)
 *(.preinit_array_platform .preinit_array_platform.*)
 *(.preinit_array .preinit_array.*)
                0x000000000800026c                PROVIDE (__preinit_array_end, .)
                0x000000000800026c                . = ALIGN (0x4)
                0x000000000800026c                PROVIDE (__init_array_start, .)
 *(SORT(.init_array.*))
 *(.init_array)
                0x000000000800026c                PROVIDE (__init_array_end, .)
                0x000000000800026c                . = ALIGN (0x4)
                0x000000000800026c                PROVIDE (__fini_array_start, .)
 *(SORT(.fini_array.*))
 *(.fini_array)
                0x000000000800026c                PROVIDE (__fini_array_end, .)

.flashtext
 *(.flashtext .flashtext.*)

.text           0x000000000800026c      0x660
 *(.text .text.*)
 .text._exit    0x000000000800026c        0x6 ./system/src/newlib/_exit.o
                0x000000000800026c                _exit
 *fill*         0x0000000008000272        0x2 
 .text.__initialize_args
                0x0000000008000274       0x10 ./system/src/newlib/_syscalls.o
                0x0000000008000274                __initialize_args
 .text.__initialize_hardware_early
                0x0000000008000284        0x8 ./system/src/cortexm/_initialize_hardware.o
                0x0000000008000284                __initialize_hardware_early
 .text.__initialize_hardware
                0x000000000800028c        0x8 ./system/src/cortexm/_initialize_hardware.o
                0x000000000800028c                __initialize_hardware
 .text.__reset_hardware
                0x0000000008000294       0x1c ./system/src/cortexm/_reset_hardware.o
                0x0000000008000294                __reset_hardware
 .text.SystemInit
                0x00000000080002b0       0xfc ./system/src/cmsis/system_stm32f0xx.o
                0x00000000080002b0                SystemInit
 .text.SystemCoreClockUpdate
                0x00000000080003ac       0x68 ./system/src/cmsis/system_stm32f0xx.o
                0x00000000080003ac                SystemCoreClockUpdate
 .text.ConfigureGPIO
                0x0000000008000414       0x2c ./src/ADC_DMA_One_Shot.o
                0x0000000008000414                ConfigureGPIO
 .text.ConfigureGPIOforADC
                0x0000000008000440       0x38 ./src/ADC_DMA_One_Shot.o
                0x0000000008000440                ConfigureGPIOforADC
 .text.ConfigureExternalIT
                0x0000000008000478       0x40 ./src/ADC_DMA_One_Shot.o
                0x0000000008000478                ConfigureExternalIT
 .text.SetClockForADC
                0x00000000080004b8       0x24 ./src/ADC_DMA_One_Shot.o
                0x00000000080004b8                SetClockForADC
 .text.CalibrateADC
                0x00000000080004dc       0x28 ./src/ADC_DMA_One_Shot.o
                0x00000000080004dc                CalibrateADC
 .text.ConfigureADC
                0x0000000008000504       0x50 ./src/ADC_DMA_One_Shot.o
                0x0000000008000504                ConfigureADC
 .text.ConfigureDMA
                0x0000000008000554       0x64 ./src/ADC_DMA_One_Shot.o
                0x0000000008000554                ConfigureDMA
 .text.EnableADC
                0x00000000080005b8       0x18 ./src/ADC_DMA_One_Shot.o
                0x00000000080005b8                EnableADC
 .text.DisableADC
                0x00000000080005d0       0x30 ./src/ADC_DMA_One_Shot.o
                0x00000000080005d0                DisableADC
 .text.DMA1_Channel1_IRQHandler
                0x0000000008000600       0x74 ./src/ADC_DMA_One_Shot.o
                0x0000000008000600                DMA1_Channel1_IRQHandler
 .text.ADC1_COMP_IRQHandler
                0x0000000008000674       0x58 ./src/ADC_DMA_One_Shot.o
                0x0000000008000674                ADC1_COMP_IRQHandler
 .text.EXTI0_1_IRQHandler
                0x00000000080006cc       0x5c ./src/ADC_DMA_One_Shot.o
                0x00000000080006cc                EXTI0_1_IRQHandler
 .text.timer_tick
                0x0000000008000728       0x14 ./src/Timer.o
                0x0000000008000728                timer_tick
 .text.SysTick_Handler
                0x000000000800073c        0x8 ./src/Timer.o
                0x000000000800073c                SysTick_Handler
 .text.startup.main
                0x0000000008000744       0x70 ./src/main.o
                0x0000000008000744                main
 .text          0x00000000080007b4      0x114 /home/googly/ARMToolchains/gcc-arm-none-eabi-5_3-151225/bin/../lib/gcc/arm-none-eabi/5.3.1/armv6-m/libgcc.a(_udivsi3.o)
                0x00000000080007b4                __udivsi3
                0x00000000080007b4                __aeabi_uidiv
                0x00000000080008c0                __aeabi_uidivmod
 .text          0x00000000080008c8        0x4 /home/googly/ARMToolchains/gcc-arm-none-eabi-5_3-151225/bin/../lib/gcc/arm-none-eabi/5.3.1/armv6-m/libgcc.a(_dvmd_tls.o)
                0x00000000080008c8                __aeabi_ldiv0
                0x00000000080008c8                __aeabi_idiv0
 *(.rodata .rodata.* .constdata .constdata.*)
 *(vtable)
 *(.eh_frame*)
 *(.glue_7)
 .glue_7        0x00000000080008cc        0x0 linker stubs
 *(.glue_7t)
 .glue_7t       0x00000000080008cc        0x0 linker stubs

.vfp11_veneer   0x00000000080008cc        0x0
 .vfp11_veneer  0x00000000080008cc        0x0 linker stubs

.v4_bx          0x00000000080008cc        0x0
 .v4_bx         0x00000000080008cc        0x0 linker stubs

.iplt           0x00000000080008cc        0x0
 .iplt          0x00000000080008cc        0x0 ./system/src/stm32f0-stdperiph/stm32f0xx_gpio.o

.rel.dyn        0x00000000080008cc        0x0
 .rel.iplt      0x00000000080008cc        0x0 ./system/src/stm32f0-stdperiph/stm32f0xx_gpio.o

.ARM.extab
 *(.ARM.extab* .gnu.linkonce.armextab.*)
                0x00000000080008cc                . = ALIGN (0x4)
                0x00000000080008cc                __exidx_start = .

.ARM.exidx
 *(.ARM.exidx* .gnu.linkonce.armexidx.*)
                0x00000000080008cc                __exidx_end = .
                0x00000000080008cc                . = ALIGN (0x4)
                0x00000000080008cc                _etext = .
                0x00000000080008cc                __etext = .

.data_CCMRAM    0x0000000000000000        0x0 load address 0x00000000080008cc
 FILL mask 0xff
 *(.data.CCMRAM .data.CCMRAM.*)
                0x0000000000000000                . = ALIGN (0x4)
                0x00000000080008cc                _sidata = LOADADDR (.data)

.data           0x0000000020000000       0x24 load address 0x00000000080008cc
 FILL mask 0xff
                0x0000000020000000                _sdata = .
                0x0000000020000000                __data_start__ = .
 *(.data_begin .data_begin.*)
 *(.data .data.*)
 .data.argv.4238
                0x0000000020000000        0x8 ./system/src/newlib/_syscalls.o
 .data.short_counter.6680
                0x0000000020000008        0x4 ./system/src/cortexm/exception_handlers.o
 .data.long_counter.6679
                0x000000002000000c        0x4 ./system/src/cortexm/exception_handlers.o
 .data.AHBPrescTable
                0x0000000020000010       0x10 ./system/src/cmsis/system_stm32f0xx.o
                0x0000000020000010                AHBPrescTable
 .data.SystemCoreClock
                0x0000000020000020        0x4 ./system/src/cmsis/system_stm32f0xx.o
                0x0000000020000020                SystemCoreClock
 *(.data_end .data_end.*)
                0x0000000020000024                . = ALIGN (0x4)
                0x0000000020000024                _edata = .
                0x0000000020000024                __data_end__ = .

.igot.plt       0x0000000020000024        0x0 load address 0x00000000080008f0
 .igot.plt      0x0000000020000024        0x0 ./system/src/stm32f0-stdperiph/stm32f0xx_gpio.o

.bss_CCMRAM     0x0000000000000000        0x0
 *(.bss.CCMRAM .bss.CCMRAM.*)

.bss            0x0000000020000024       0x14
                0x0000000020000024                __bss_start__ = .
                0x0000000020000024                _sbss = .
 *(.bss_begin .bss_begin.*)
 *(.bss .bss.*)
 .bss.name.4237
                0x0000000020000024        0x1 ./system/src/newlib/_syscalls.o
 *fill*         0x0000000020000025        0x1 
 .bss.error     0x0000000020000026        0x2 ./system/src/cortexm/exception_handlers.o
                0x0000000020000026                error
 .bss.error_temp.6681
                0x0000000020000028        0x2 ./system/src/cortexm/exception_handlers.o
 *(COMMON)
 COMMON         0x000000002000002a        0x8 ./src/ADC_DMA_One_Shot.o
                0x000000002000002a                ADC_array
 *fill*         0x0000000020000032        0x2 
 COMMON         0x0000000020000034        0x4 ./src/Timer.o
                0x0000000020000034                timer_delayCount
 *(.bss_end .bss_end.*)
                0x0000000020000038                . = ALIGN (0x4)
                0x0000000020000038                __bss_end__ = .
                0x0000000020000038                _ebss = .

.noinit_CCMRAM
 *(.noinit.CCMRAM .noinit.CCMRAM.*)

.noinit         0x0000000020000038        0x0
                0x0000000020000038                _noinit = .
 *(.noinit .noinit.*)
                0x0000000020000038                . = ALIGN (0x4)
                0x0000000020000038                _end_noinit = .
                [!provide]                        PROVIDE (end, _end_noinit)
                [!provide]                        PROVIDE (_end, _end_noinit)
                [!provide]                        PROVIDE (__end, _end_noinit)
                [!provide]                        PROVIDE (__end__, _end_noinit)

._check_stack   0x0000000020000038      0x100
                0x0000000020000138                . = (. + _Minimum_Stack_Size)
 *fill*         0x0000000020000038      0x100 

.b1text
 *(.b1text)
 *(.b1rodata)
 *(.b1rodata.*)

.eb0text
 *(.eb0text)
 *(.eb0rodata)
 *(.eb0rodata.*)

.eb1text
 *(.eb1text)
 *(.eb1rodata)
 *(.eb1rodata.*)

.eb2text
 *(.eb2text)
 *(.eb2rodata)
 *(.eb2rodata.*)

.eb3text
 *(.eb3text)
 *(.eb3rodata)
 *(.eb3rodata.*)

.stab
 *(.stab)

.stabstr
 *(.stabstr)

.stab.excl
 *(.stab.excl)

.stab.exclstr
 *(.stab.exclstr)

.stab.index
 *(.stab.index)

.stab.indexstr
 *(.stab.indexstr)

.comment        0x0000000000000000       0x5d
 *(.comment)
 .comment       0x0000000000000000       0x5d ./system/src/newlib/_exit.o
                                         0x5e (size before relaxing)
 .comment       0x000000000000005d       0x5e ./system/src/newlib/_startup.o
 .comment       0x000000000000005d       0x5e ./system/src/newlib/_syscalls.o
 .comment       0x000000000000005d       0x5e ./system/src/cortexm/_initialize_hardware.o
 .comment       0x000000000000005d       0x5e ./system/src/cortexm/_reset_hardware.o
 .comment       0x000000000000005d       0x5e ./system/src/cortexm/exception_handlers.o
 .comment       0x000000000000005d       0x5e ./system/src/cmsis/system_stm32f0xx.o
 .comment       0x000000000000005d       0x5e ./system/src/cmsis/vectors_stm32f0xx.o
 .comment       0x000000000000005d       0x5e ./src/ADC_DMA_One_Shot.o
 .comment       0x000000000000005d       0x5e ./src/Timer.o
 .comment       0x000000000000005d       0x5e ./src/main.o

.ARM.attributes
                0x0000000000000000       0x31
 .ARM.attributes
                0x0000000000000000       0x31 ./system/src/newlib/_exit.o
 .ARM.attributes
                0x0000000000000031       0x31 ./system/src/newlib/_startup.o
 .ARM.attributes
                0x0000000000000062       0x31 ./system/src/newlib/_syscalls.o
 .ARM.attributes
                0x0000000000000093       0x31 ./system/src/cortexm/_initialize_hardware.o
 .ARM.attributes
                0x00000000000000c4       0x31 ./system/src/cortexm/_reset_hardware.o
 .ARM.attributes
                0x00000000000000f5       0x31 ./system/src/cortexm/exception_handlers.o
 .ARM.attributes
                0x0000000000000126       0x31 ./system/src/cmsis/system_stm32f0xx.o
 .ARM.attributes
                0x0000000000000157       0x31 ./system/src/cmsis/vectors_stm32f0xx.o
 .ARM.attributes
                0x0000000000000188       0x31 ./src/ADC_DMA_One_Shot.o
 .ARM.attributes
                0x00000000000001b9       0x31 ./src/Timer.o
 .ARM.attributes
                0x00000000000001ea       0x31 ./src/main.o
 .ARM.attributes
                0x000000000000021b       0x1e /home/googly/ARMToolchains/gcc-arm-none-eabi-5_3-151225/bin/../lib/gcc/arm-none-eabi/5.3.1/armv6-m/libgcc.a(_udivsi3.o)
 .ARM.attributes
                0x0000000000000239       0x1e /home/googly/ARMToolchains/gcc-arm-none-eabi-5_3-151225/bin/../lib/gcc/arm-none-eabi/5.3.1/armv6-m/libgcc.a(_dvmd_tls.o)

.debug
 *(.debug)

.line
 *(.line)

.debug_srcinfo
 *(.debug_srcinfo)

.debug_sfnames
 *(.debug_sfnames)

.debug_aranges  0x0000000000000000      0x288
 *(.debug_aranges)
 .debug_aranges
                0x0000000000000000       0x28 ./system/src/newlib/_exit.o
 .debug_aranges
                0x0000000000000028       0x40 ./system/src/newlib/_startup.o
 .debug_aranges
                0x0000000000000068       0x30 ./system/src/newlib/_syscalls.o
 .debug_aranges
                0x0000000000000098       0x28 ./system/src/cortexm/_initialize_hardware.o
 .debug_aranges
                0x00000000000000c0       0x20 ./system/src/cortexm/_reset_hardware.o
 .debug_aranges
                0x00000000000000e0       0x50 ./system/src/cortexm/exception_handlers.o
 .debug_aranges
                0x0000000000000130       0x28 ./system/src/cmsis/system_stm32f0xx.o
 .debug_aranges
                0x0000000000000158       0x20 ./system/src/cmsis/vectors_stm32f0xx.o
 .debug_aranges
                0x0000000000000178       0x78 ./src/ADC_DMA_One_Shot.o
 .debug_aranges
                0x00000000000001f0       0x38 ./src/Timer.o
 .debug_aranges
                0x0000000000000228       0x20 ./src/main.o
 .debug_aranges
                0x0000000000000248       0x20 /home/googly/ARMToolchains/gcc-arm-none-eabi-5_3-151225/bin/../lib/gcc/arm-none-eabi/5.3.1/armv6-m/libgcc.a(_udivsi3.o)
 .debug_aranges
                0x0000000000000268       0x20 /home/googly/ARMToolchains/gcc-arm-none-eabi-5_3-151225/bin/../lib/gcc/arm-none-eabi/5.3.1/armv6-m/libgcc.a(_dvmd_tls.o)

.debug_pubnames
 *(.debug_pubnames)

.debug_info     0x0000000000000000     0x2481
 *(.debug_info .gnu.linkonce.wi.*)
 .debug_info    0x0000000000000000      0x104 ./system/src/newlib/_exit.o
 .debug_info    0x0000000000000104      0x3ec ./system/src/newlib/_startup.o
 .debug_info    0x00000000000004f0      0x1b8 ./system/src/newlib/_syscalls.o
 .debug_info    0x00000000000006a8       0xc7 ./system/src/cortexm/_initialize_hardware.o
 .debug_info    0x000000000000076f      0x195 ./system/src/cortexm/_reset_hardware.o
 .debug_info    0x0000000000000904      0x2f9 ./system/src/cortexm/exception_handlers.o
 .debug_info    0x0000000000000bfd      0x300 ./system/src/cmsis/system_stm32f0xx.o
 .debug_info    0x0000000000000efd       0xcd ./system/src/cmsis/vectors_stm32f0xx.o
 .debug_info    0x0000000000000fca      0x891 ./src/ADC_DMA_One_Shot.o
 .debug_info    0x000000000000185b      0x478 ./src/Timer.o
 .debug_info    0x0000000000001cd3      0x610 ./src/main.o
 .debug_info    0x00000000000022e3       0xcf /home/googly/ARMToolchains/gcc-arm-none-eabi-5_3-151225/bin/../lib/gcc/arm-none-eabi/5.3.1/armv6-m/libgcc.a(_udivsi3.o)
 .debug_info    0x00000000000023b2       0xcf /home/googly/ARMToolchains/gcc-arm-none-eabi-5_3-151225/bin/../lib/gcc/arm-none-eabi/5.3.1/armv6-m/libgcc.a(_dvmd_tls.o)

.debug_abbrev   0x0000000000000000      0xd11
 *(.debug_abbrev)
 .debug_abbrev  0x0000000000000000       0xbb ./system/src/newlib/_exit.o
 .debug_abbrev  0x00000000000000bb      0x19e ./system/src/newlib/_startup.o
 .debug_abbrev  0x0000000000000259       0xe9 ./system/src/newlib/_syscalls.o
 .debug_abbrev  0x0000000000000342       0x60 ./system/src/cortexm/_initialize_hardware.o
 .debug_abbrev  0x00000000000003a2       0xe9 ./system/src/cortexm/_reset_hardware.o
 .debug_abbrev  0x000000000000048b      0x135 ./system/src/cortexm/exception_handlers.o
 .debug_abbrev  0x00000000000005c0      0x150 ./system/src/cmsis/system_stm32f0xx.o
 .debug_abbrev  0x0000000000000710       0x9a ./system/src/cmsis/vectors_stm32f0xx.o
 .debug_abbrev  0x00000000000007aa      0x190 ./src/ADC_DMA_One_Shot.o
 .debug_abbrev  0x000000000000093a      0x1c6 ./src/Timer.o
 .debug_abbrev  0x0000000000000b00      0x1e9 ./src/main.o
 .debug_abbrev  0x0000000000000ce9       0x14 /home/googly/ARMToolchains/gcc-arm-none-eabi-5_3-151225/bin/../lib/gcc/arm-none-eabi/5.3.1/armv6-m/libgcc.a(_udivsi3.o)
 .debug_abbrev  0x0000000000000cfd       0x14 /home/googly/ARMToolchains/gcc-arm-none-eabi-5_3-151225/bin/../lib/gcc/arm-none-eabi/5.3.1/armv6-m/libgcc.a(_dvmd_tls.o)

.debug_line     0x0000000000000000      0xea3
 *(.debug_line)
 .debug_line    0x0000000000000000      0x137 ./system/src/newlib/_exit.o
 .debug_line    0x0000000000000137      0x104 ./system/src/newlib/_startup.o
 .debug_line    0x000000000000023b      0x149 ./system/src/newlib/_syscalls.o
 .debug_line    0x0000000000000384       0xa0 ./system/src/cortexm/_initialize_hardware.o
 .debug_line    0x0000000000000424      0x10d ./system/src/cortexm/_reset_hardware.o
 .debug_line    0x0000000000000531      0x1b6 ./system/src/cortexm/exception_handlers.o
 .debug_line    0x00000000000006e7      0x157 ./system/src/cmsis/system_stm32f0xx.o
 .debug_line    0x000000000000083e       0x58 ./system/src/cmsis/vectors_stm32f0xx.o
 .debug_line    0x0000000000000896      0x28c ./src/ADC_DMA_One_Shot.o
 .debug_line    0x0000000000000b22      0x16f ./src/Timer.o
 .debug_line    0x0000000000000c91      0x10e ./src/main.o
 .debug_line    0x0000000000000d9f       0x88 /home/googly/ARMToolchains/gcc-arm-none-eabi-5_3-151225/bin/../lib/gcc/arm-none-eabi/5.3.1/armv6-m/libgcc.a(_udivsi3.o)
 .debug_line    0x0000000000000e27       0x7c /home/googly/ARMToolchains/gcc-arm-none-eabi-5_3-151225/bin/../lib/gcc/arm-none-eabi/5.3.1/armv6-m/libgcc.a(_dvmd_tls.o)

.debug_frame    0x0000000000000000      0x3f0
 *(.debug_frame)
 .debug_frame   0x0000000000000000       0x40 ./system/src/newlib/_exit.o
 .debug_frame   0x0000000000000040       0x88 ./system/src/newlib/_startup.o
 .debug_frame   0x00000000000000c8       0x50 ./system/src/newlib/_syscalls.o
 .debug_frame   0x0000000000000118       0x40 ./system/src/cortexm/_initialize_hardware.o
 .debug_frame   0x0000000000000158       0x20 ./system/src/cortexm/_reset_hardware.o
 .debug_frame   0x0000000000000178       0x8c ./system/src/cortexm/exception_handlers.o
 .debug_frame   0x0000000000000204       0x40 ./system/src/cmsis/system_stm32f0xx.o
 .debug_frame   0x0000000000000244       0x20 ./system/src/cmsis/vectors_stm32f0xx.o
 .debug_frame   0x0000000000000264       0xe4 ./src/ADC_DMA_One_Shot.o
 .debug_frame   0x0000000000000348       0x60 ./src/Timer.o
 .debug_frame   0x00000000000003a8       0x28 ./src/main.o
 .debug_frame   0x00000000000003d0       0x20 /home/googly/ARMToolchains/gcc-arm-none-eabi-5_3-151225/bin/../lib/gcc/arm-none-eabi/5.3.1/armv6-m/libgcc.a(_udivsi3.o)

.debug_str      0x0000000000000000      0xad0
 *(.debug_str)
 .debug_str     0x0000000000000000      0x179 ./system/src/newlib/_exit.o
                                        0x1b2 (size before relaxing)
 .debug_str     0x0000000000000179      0x173 ./system/src/newlib/_startup.o
                                        0x2f7 (size before relaxing)
 .debug_str     0x00000000000002ec       0x5a ./system/src/newlib/_syscalls.o
                                        0x1df (size before relaxing)
 .debug_str     0x0000000000000346       0x4e ./system/src/cortexm/_initialize_hardware.o
                                        0x1d7 (size before relaxing)
 .debug_str     0x0000000000000394       0x79 ./system/src/cortexm/_reset_hardware.o
                                        0x1ea (size before relaxing)
 .debug_str     0x000000000000040d      0x138 ./system/src/cortexm/exception_handlers.o
                                        0x2c6 (size before relaxing)
 .debug_str     0x0000000000000545      0x10f ./system/src/cmsis/system_stm32f0xx.o
                                        0x29e (size before relaxing)
 .debug_str     0x0000000000000654       0x56 ./system/src/cmsis/vectors_stm32f0xx.o
                                        0x1ad (size before relaxing)
 .debug_str     0x00000000000006aa      0x37b ./src/ADC_DMA_One_Shot.o
                                        0x5c4 (size before relaxing)
 .debug_str     0x0000000000000a25       0x83 ./src/Timer.o
                                        0x45b (size before relaxing)
 .debug_str     0x0000000000000aa8       0x28 ./src/main.o
                                        0x4e7 (size before relaxing)

.debug_loc      0x0000000000000000      0x4eb
 *(.debug_loc)
 .debug_loc     0x0000000000000000       0x21 ./system/src/newlib/_exit.o
 .debug_loc     0x0000000000000021      0x218 ./system/src/newlib/_startup.o
 .debug_loc     0x0000000000000239       0x63 ./system/src/newlib/_syscalls.o
 .debug_loc     0x000000000000029c       0xe7 ./system/src/cmsis/system_stm32f0xx.o
 .debug_loc     0x0000000000000383       0xb4 ./src/ADC_DMA_One_Shot.o
 .debug_loc     0x0000000000000437       0x49 ./src/Timer.o
 .debug_loc     0x0000000000000480       0x6b ./src/main.o

.debug_macinfo
 *(.debug_macinfo)

.debug_weaknames
 *(.debug_weaknames)

.debug_funcnames
 *(.debug_funcnames)

.debug_typenames
 *(.debug_typenames)

.debug_varnames
 *(.debug_varnames)
OUTPUT(ADC_DMA_One_Shot.elf elf32-littlearm)

.debug_ranges   0x0000000000000000      0x2c0
 .debug_ranges  0x0000000000000000       0x18 ./system/src/newlib/_exit.o
 .debug_ranges  0x0000000000000018       0x48 ./system/src/newlib/_startup.o
 .debug_ranges  0x0000000000000060       0x20 ./system/src/newlib/_syscalls.o
 .debug_ranges  0x0000000000000080       0x18 ./system/src/cortexm/_initialize_hardware.o
 .debug_ranges  0x0000000000000098       0x10 ./system/src/cortexm/_reset_hardware.o
 .debug_ranges  0x00000000000000a8       0x40 ./system/src/cortexm/exception_handlers.o
 .debug_ranges  0x00000000000000e8       0x38 ./system/src/cmsis/system_stm32f0xx.o
 .debug_ranges  0x0000000000000120       0x10 ./system/src/cmsis/vectors_stm32f0xx.o
 .debug_ranges  0x0000000000000130      0x108 ./src/ADC_DMA_One_Shot.o
 .debug_ranges  0x0000000000000238       0x58 ./src/Timer.o
 .debug_ranges  0x0000000000000290       0x30 ./src/main.o
