Archive member included to satisfy reference by file (symbol)

/home/googly/ARMToolchains/gcc-arm-none-eabi-5_3-151225/bin/../lib/gcc/arm-none-eabi/5.3.1/armv6-m/libgcc.a(_udivsi3.o)
                              ./system/src/stm32f0-stdperiph/stm32f0xx_rcc.o (__aeabi_uidiv)
/home/googly/ARMToolchains/gcc-arm-none-eabi-5_3-151225/bin/../lib/gcc/arm-none-eabi/5.3.1/armv6-m/libgcc.a(_dvmd_tls.o)
                              /home/googly/ARMToolchains/gcc-arm-none-eabi-5_3-151225/bin/../lib/gcc/arm-none-eabi/5.3.1/armv6-m/libgcc.a(_udivsi3.o) (__aeabi_idiv0)
/home/googly/ARMToolchains/gcc-arm-none-eabi-5_3-151225/bin/../lib/gcc/arm-none-eabi/5.3.1/../../../../arm-none-eabi/lib/armv6-m/libg_nano.a(lib_a-errno.o)
                              ./system/src/newlib/_sbrk.o (__errno)
/home/googly/ARMToolchains/gcc-arm-none-eabi-5_3-151225/bin/../lib/gcc/arm-none-eabi/5.3.1/../../../../arm-none-eabi/lib/armv6-m/libg_nano.a(lib_a-impure.o)
                              /home/googly/ARMToolchains/gcc-arm-none-eabi-5_3-151225/bin/../lib/gcc/arm-none-eabi/5.3.1/../../../../arm-none-eabi/lib/armv6-m/libg_nano.a(lib_a-errno.o) (_impure_ptr)
/home/googly/ARMToolchains/gcc-arm-none-eabi-5_3-151225/bin/../lib/gcc/arm-none-eabi/5.3.1/../../../../arm-none-eabi/lib/armv6-m/libg_nano.a(lib_a-strlen.o)
                              ./system/src/diag/Trace.o (strlen)
/home/googly/ARMToolchains/gcc-arm-none-eabi-5_3-151225/bin/../lib/gcc/arm-none-eabi/5.3.1/../../../../arm-none-eabi/lib/armv6-m/libg_nano.a(lib_a-vsnprintf.o)
                              ./system/src/diag/Trace.o (vsnprintf)
/home/googly/ARMToolchains/gcc-arm-none-eabi-5_3-151225/bin/../lib/gcc/arm-none-eabi/5.3.1/../../../../arm-none-eabi/lib/armv6-m/libg_nano.a(lib_a-nano-svfprintf.o)
                              /home/googly/ARMToolchains/gcc-arm-none-eabi-5_3-151225/bin/../lib/gcc/arm-none-eabi/5.3.1/../../../../arm-none-eabi/lib/armv6-m/libg_nano.a(lib_a-vsnprintf.o) (_svfprintf_r)
/home/googly/ARMToolchains/gcc-arm-none-eabi-5_3-151225/bin/../lib/gcc/arm-none-eabi/5.3.1/../../../../arm-none-eabi/lib/armv6-m/libg_nano.a(lib_a-nano-vfprintf_i.o)
                              /home/googly/ARMToolchains/gcc-arm-none-eabi-5_3-151225/bin/../lib/gcc/arm-none-eabi/5.3.1/../../../../arm-none-eabi/lib/armv6-m/libg_nano.a(lib_a-nano-svfprintf.o) (_printf_i)
/home/googly/ARMToolchains/gcc-arm-none-eabi-5_3-151225/bin/../lib/gcc/arm-none-eabi/5.3.1/../../../../arm-none-eabi/lib/armv6-m/libg_nano.a(lib_a-memchr-stub.o)
                              /home/googly/ARMToolchains/gcc-arm-none-eabi-5_3-151225/bin/../lib/gcc/arm-none-eabi/5.3.1/../../../../arm-none-eabi/lib/armv6-m/libg_nano.a(lib_a-nano-svfprintf.o) (memchr)
/home/googly/ARMToolchains/gcc-arm-none-eabi-5_3-151225/bin/../lib/gcc/arm-none-eabi/5.3.1/../../../../arm-none-eabi/lib/armv6-m/libg_nano.a(lib_a-memcpy-stub.o)
                              /home/googly/ARMToolchains/gcc-arm-none-eabi-5_3-151225/bin/../lib/gcc/arm-none-eabi/5.3.1/../../../../arm-none-eabi/lib/armv6-m/libg_nano.a(lib_a-nano-svfprintf.o) (memcpy)
/home/googly/ARMToolchains/gcc-arm-none-eabi-5_3-151225/bin/../lib/gcc/arm-none-eabi/5.3.1/../../../../arm-none-eabi/lib/armv6-m/libg_nano.a(lib_a-memmove.o)
                              /home/googly/ARMToolchains/gcc-arm-none-eabi-5_3-151225/bin/../lib/gcc/arm-none-eabi/5.3.1/../../../../arm-none-eabi/lib/armv6-m/libg_nano.a(lib_a-nano-svfprintf.o) (memmove)
/home/googly/ARMToolchains/gcc-arm-none-eabi-5_3-151225/bin/../lib/gcc/arm-none-eabi/5.3.1/../../../../arm-none-eabi/lib/armv6-m/libg_nano.a(lib_a-nano-freer.o)
                              /home/googly/ARMToolchains/gcc-arm-none-eabi-5_3-151225/bin/../lib/gcc/arm-none-eabi/5.3.1/../../../../arm-none-eabi/lib/armv6-m/libg_nano.a(lib_a-nano-svfprintf.o) (_free_r)
/home/googly/ARMToolchains/gcc-arm-none-eabi-5_3-151225/bin/../lib/gcc/arm-none-eabi/5.3.1/../../../../arm-none-eabi/lib/armv6-m/libg_nano.a(lib_a-nano-mallocr.o)
                              /home/googly/ARMToolchains/gcc-arm-none-eabi-5_3-151225/bin/../lib/gcc/arm-none-eabi/5.3.1/../../../../arm-none-eabi/lib/armv6-m/libg_nano.a(lib_a-nano-svfprintf.o) (_malloc_r)
/home/googly/ARMToolchains/gcc-arm-none-eabi-5_3-151225/bin/../lib/gcc/arm-none-eabi/5.3.1/../../../../arm-none-eabi/lib/armv6-m/libg_nano.a(lib_a-nano-reallocr.o)
                              /home/googly/ARMToolchains/gcc-arm-none-eabi-5_3-151225/bin/../lib/gcc/arm-none-eabi/5.3.1/../../../../arm-none-eabi/lib/armv6-m/libg_nano.a(lib_a-nano-svfprintf.o) (_realloc_r)
/home/googly/ARMToolchains/gcc-arm-none-eabi-5_3-151225/bin/../lib/gcc/arm-none-eabi/5.3.1/../../../../arm-none-eabi/lib/armv6-m/libg_nano.a(lib_a-sbrkr.o)
                              /home/googly/ARMToolchains/gcc-arm-none-eabi-5_3-151225/bin/../lib/gcc/arm-none-eabi/5.3.1/../../../../arm-none-eabi/lib/armv6-m/libg_nano.a(lib_a-nano-mallocr.o) (_sbrk_r)
[...]
Memory Configuration

Name             Origin             Length             Attributes
RAM              0x0000000020000000 0x0000000000002000 xrw
CCMRAM           0x0000000000000000 0x0000000000000000 xrw
FLASH            0x0000000008000000 0x0000000000010000 xr
FLASHB1          0x0000000000000000 0x0000000000000000 xr
EXTMEMB0         0x0000000000000000 0x0000000000000000 xr
EXTMEMB1         0x0000000000000000 0x0000000000000000 xr
EXTMEMB2         0x0000000000000000 0x0000000000000000 xr
EXTMEMB3         0x0000000000000000 0x0000000000000000 xr
MEMORY_ARRAY     0x0000000000000000 0x0000000000000000 xrw
*default*        0x0000000000000000 0xffffffffffffffff

Linker script and memory map

LOAD ./system/src/stm32f0-stdperiph/stm32f0xx_gpio.o
LOAD ./system/src/stm32f0-stdperiph/stm32f0xx_misc.o
LOAD ./system/src/stm32f0-stdperiph/stm32f0xx_rcc.o
LOAD ./system/src/stm32f0-stdperiph/stm32f0xx_tim.o
LOAD ./system/src/newlib/_cxx.o
LOAD ./system/src/newlib/_exit.o
LOAD ./system/src/newlib/_sbrk.o
LOAD ./system/src/newlib/_startup.o
LOAD ./system/src/newlib/_syscalls.o
LOAD ./system/src/newlib/assert.o
LOAD ./system/src/diag/Trace.o
LOAD ./system/src/diag/trace_impl.o
LOAD ./system/src/cortexm/_initialize_hardware.o
LOAD ./system/src/cortexm/_reset_hardware.o
LOAD ./system/src/cortexm/exception_handlers.o
LOAD ./system/src/cmsis/system_stm32f0xx.o
LOAD ./system/src/cmsis/vectors_stm32f0xx.o
LOAD ./src/BlinkLed.o
LOAD ./src/Timer.o
LOAD ./src/_write.o
LOAD ./src/main.o
LOAD /home/googly/ARMToolchains/gcc-arm-none-eabi-5_3-151225/bin/../lib/gcc/arm-none-eabi/5.3.1/../../../../arm-none-eabi/lib/armv6-m/libstdc++_nano.a
LOAD /home/googly/ARMToolchains/gcc-arm-none-eabi-5_3-151225/bin/../lib/gcc/arm-none-eabi/5.3.1/../../../../arm-none-eabi/lib/armv6-m/libm.a
START GROUP
LOAD /home/googly/ARMToolchains/gcc-arm-none-eabi-5_3-151225/bin/../lib/gcc/arm-none-eabi/5.3.1/armv6-m/libgcc.a
LOAD /home/googly/ARMToolchains/gcc-arm-none-eabi-5_3-151225/bin/../lib/gcc/arm-none-eabi/5.3.1/../../../../arm-none-eabi/lib/armv6-m/libg_nano.a
LOAD /home/googly/ARMToolchains/gcc-arm-none-eabi-5_3-151225/bin/../lib/gcc/arm-none-eabi/5.3.1/../../../../arm-none-eabi/lib/armv6-m/libc_nano.a
END GROUP
START GROUP
LOAD /home/googly/ARMToolchains/gcc-arm-none-eabi-5_3-151225/bin/../lib/gcc/arm-none-eabi/5.3.1/armv6-m/libgcc.a
LOAD /home/googly/ARMToolchains/gcc-arm-none-eabi-5_3-151225/bin/../lib/gcc/arm-none-eabi/5.3.1/../../../../arm-none-eabi/lib/armv6-m/libc_nano.a
END GROUP
                0x0000000020002000                __stack = (ORIGIN (RAM) + LENGTH (RAM))
                0x0000000020002000                _estack = __stack
                0x0000000000000400                __Main_Stack_Size = 0x400
                [!provide]                        PROVIDE (_Main_Stack_Size, __Main_Stack_Size)
                0x0000000020001c00                __Main_Stack_Limit = (__stack - __Main_Stack_Size)
                [!provide]                        PROVIDE (_Main_Stack_Limit, __Main_Stack_Limit)
                0x0000000000000100                _Minimum_Stack_Size = 0x100
                0x0000000020000124                PROVIDE (_Heap_Begin, _end_noinit)
                0x0000000020001c00                PROVIDE (_Heap_Limit, (__stack - __Main_Stack_Size))

.isr_vector     0x0000000008000000      0x230
 FILL mask 0xff
                0x0000000008000000                __vectors_start = ABSOLUTE (.)
                0x0000000008000000                __vectors_start__ = ABSOLUTE (.)
 *(.isr_vector)
 .isr_vector    0x0000000008000000       0xc4 ./system/src/cmsis/vectors_stm32f0xx.o
                0x0000000008000000                g_pfnVectors
 *(.cfmconfig)
 *(.after_vectors .after_vectors.*)
 .after_vectors
                0x00000000080000c4      0x118 ./system/src/newlib/_startup.o
                0x00000000080000c4                _start
 .after_vectors
                0x00000000080001dc       0x50 ./system/src/cortexm/exception_handlers.o
                0x00000000080001dc                Reset_Handler
                0x00000000080001e4                NMI_Handler
                0x00000000080001e8                HardFault_Handler
                0x0000000008000200                HardFault_Handler_C
                0x000000000800021c                SVC_Handler
                0x0000000008000220                PendSV_Handler
                0x0000000008000224                SysTick_Handler
 .after_vectors
                0x000000000800022c        0x4 ./system/src/cmsis/vectors_stm32f0xx.o
                0x000000000800022c                TIM1_CC_IRQHandler
                0x000000000800022c                TSC_IRQHandler
                0x000000000800022c                ADC1_COMP_IRQHandler
                0x000000000800022c                PVD_IRQHandler
                0x000000000800022c                I2C1_IRQHandler
                0x000000000800022c                RCC_CRS_IRQHandler
                0x000000000800022c                SPI1_IRQHandler
                0x000000000800022c                TIM6_DAC_IRQHandler
                0x000000000800022c                USART3_4_IRQHandler
                0x000000000800022c                EXTI2_3_IRQHandler
                0x000000000800022c                ADC1_IRQHandler
                0x000000000800022c                I2C2_IRQHandler
                0x000000000800022c                TIM17_IRQHandler
                0x000000000800022c                CEC_CAN_IRQHandler
                0x000000000800022c                RTC_IRQHandler
                0x000000000800022c                PVD_VDDIO2_IRQHandler
                0x000000000800022c                DMA1_Channel4_5_6_7_IRQHandler
                0x000000000800022c                TIM16_IRQHandler
                0x000000000800022c                TIM3_IRQHandler
                0x000000000800022c                RCC_IRQHandler
                0x000000000800022c                EXTI4_15_IRQHandler
                0x000000000800022c                DMA1_Channel1_IRQHandler
                0x000000000800022c                Default_Handler
                0x000000000800022c                CEC_IRQHandler
                0x000000000800022c                TIM14_IRQHandler
                0x000000000800022c                DMA1_Channel4_5_IRQHandler
                0x000000000800022c                TIM7_IRQHandler
                0x000000000800022c                TIM15_IRQHandler
                0x000000000800022c                EXTI0_1_IRQHandler
                0x000000000800022c                USB_IRQHandler
                0x000000000800022c                SPI2_IRQHandler
                0x000000000800022c                TS_IRQHandler
                0x000000000800022c                WWDG_IRQHandler
                0x000000000800022c                DMA1_Channel2_3_IRQHandler
                0x000000000800022c                USART2_IRQHandler
                0x000000000800022c                FLASH_IRQHandler
                0x000000000800022c                USART1_IRQHandler
                0x000000000800022c                TIM1_BRK_UP_TRG_COM_IRQHandler

.inits          0x0000000008000230       0x28
                0x0000000008000230                __data_regions_array_start = .
                0x0000000008000230        0x4 LONG 0x80019c4 LOADADDR (.data)
                0x0000000008000234        0x4 LONG 0x20000000 ADDR (.data)
                0x0000000008000238        0x4 LONG 0x20000088 (ADDR (.data) + SIZEOF (.data))
                0x000000000800023c        0x4 LONG 0x80019c4 LOADADDR (.data_CCMRAM)
                0x0000000008000240        0x4 LONG 0x0 ADDR (.data_CCMRAM)
                0x0000000008000244        0x4 LONG 0x0 (ADDR (.data_CCMRAM) + SIZEOF (.data_CCMRAM))
                0x0000000008000248                __data_regions_array_end = .
                0x0000000008000248                __bss_regions_array_start = .
                0x0000000008000248        0x4 LONG 0x20000088 ADDR (.bss)
                0x000000000800024c        0x4 LONG 0x20000124 (ADDR (.bss) + SIZEOF (.bss))
                0x0000000008000250        0x4 LONG 0x0 ADDR (.bss_CCMRAM)
                0x0000000008000254        0x4 LONG 0x0 (ADDR (.bss_CCMRAM) + SIZEOF (.bss_CCMRAM))
                0x0000000008000258                __bss_regions_array_end = .
 *(.init)
 *(.fini)
                0x0000000008000258                . = ALIGN (0x4)
                0x0000000008000258                PROVIDE (__preinit_array_start, .)
 *(.preinit_array_sysinit .preinit_array_sysinit.*)
 *(.preinit_array_platform .preinit_array_platform.*)
 *(.preinit_array .preinit_array.*)
                0x0000000008000258                PROVIDE (__preinit_array_end, .)
                0x0000000008000258                . = ALIGN (0x4)
                0x0000000008000258                PROVIDE (__init_array_start, .)
 *(SORT(.init_array.*))
 *(.init_array)
                0x0000000008000258                PROVIDE (__init_array_end, .)
                0x0000000008000258                . = ALIGN (0x4)
                0x0000000008000258                PROVIDE (__fini_array_start, .)
 *(SORT(.fini_array.*))
 *(.fini_array)
                0x0000000008000258                PROVIDE (__fini_array_end, .)

.flashtext
 *(.flashtext .flashtext.*)

.text           0x0000000008000258     0x1769
 *(.text .text.*)
 .text.GPIO_Init
                0x0000000008000258      0x118 ./system/src/stm32f0-stdperiph/stm32f0xx_gpio.o
                0x0000000008000258                GPIO_Init
 .text.GPIO_ReadInputDataBit
                0x0000000008000370       0xc8 ./system/src/stm32f0-stdperiph/stm32f0xx_gpio.o
                0x0000000008000370                GPIO_ReadInputDataBit
 .text.GPIO_WriteBit
                0x0000000008000438       0xd4 ./system/src/stm32f0-stdperiph/stm32f0xx_gpio.o
                0x0000000008000438                GPIO_WriteBit
 .text.NVIC_Init
                0x000000000800050c       0x74 ./system/src/stm32f0-stdperiph/stm32f0xx_misc.o
                0x000000000800050c                NVIC_Init
 .text.RCC_APB1PeriphClockCmd
                0x0000000008000580       0x50 ./system/src/stm32f0-stdperiph/stm32f0xx_rcc.o
                0x0000000008000580                RCC_APB1PeriphClockCmd
 .text.TIM_TimeBaseInit
                0x00000000080005d0      0x10c ./system/src/stm32f0-stdperiph/stm32f0xx_tim.o
                0x00000000080005d0                TIM_TimeBaseInit
 .text.TIM_Cmd  0x00000000080006dc       0x98 ./system/src/stm32f0-stdperiph/stm32f0xx_tim.o
                0x00000000080006dc                TIM_Cmd
 .text.TIM_ITConfig
                0x0000000008000774       0xac ./system/src/stm32f0-stdperiph/stm32f0xx_tim.o
                0x0000000008000774                TIM_ITConfig
 .text.TIM_GetITStatus
                0x0000000008000820       0xb4 ./system/src/stm32f0-stdperiph/stm32f0xx_tim.o
                0x0000000008000820                TIM_GetITStatus
 .text.TIM_ClearITPendingBit
                0x00000000080008d4       0x90 ./system/src/stm32f0-stdperiph/stm32f0xx_tim.o
                0x00000000080008d4                TIM_ClearITPendingBit
 .text._exit    0x0000000008000964        0x4 ./system/src/newlib/_exit.o
                0x0000000008000964                _exit
 .text.abort    0x0000000008000968       0x14 ./system/src/newlib/_exit.o
                0x0000000008000968                abort
 .text._sbrk    0x000000000800097c       0x44 ./system/src/newlib/_sbrk.o
                0x000000000800097c                _sbrk
 .text.__initialize_args
                0x00000000080009c0       0x10 ./system/src/newlib/_syscalls.o
                0x00000000080009c0                __initialize_args
 .text.assert_failed
                0x00000000080009d0       0x14 ./system/src/newlib/assert.o
                0x00000000080009d0                assert_failed
 .text.trace_printf
                0x00000000080009e4       0x2c ./system/src/diag/Trace.o
                0x00000000080009e4                trace_printf
 .text.trace_puts
                0x0000000008000a10       0x20 ./system/src/diag/Trace.o
                0x0000000008000a10                trace_puts
 .text._trace_write_semihosting_debug
                0x0000000008000a30       0x64 ./system/src/diag/trace_impl.o
 .text.trace_write
                0x0000000008000a94        0x8 ./system/src/diag/trace_impl.o
                0x0000000008000a94                trace_write
 .text.__initialize_hardware_early
                0x0000000008000a9c        0x8 ./system/src/cortexm/_initialize_hardware.o
                0x0000000008000a9c                __initialize_hardware_early
 .text.__initialize_hardware
                0x0000000008000aa4        0x8 ./system/src/cortexm/_initialize_hardware.o
                0x0000000008000aa4                __initialize_hardware
 .text.dumpExceptionStack
                0x0000000008000aac       0x88 ./system/src/cortexm/exception_handlers.o
                0x0000000008000aac                dumpExceptionStack
 .text.SetSysClock
                0x0000000008000b34       0xb0 ./system/src/cmsis/system_stm32f0xx.o
 .text.SystemInit
                0x0000000008000be4       0x64 ./system/src/cmsis/system_stm32f0xx.o
                0x0000000008000be4                SystemInit
 .text.SystemCoreClockUpdate
                0x0000000008000c48       0x94 ./system/src/cmsis/system_stm32f0xx.o
                0x0000000008000c48                SystemCoreClockUpdate
 .text.blink_led_init
                0x0000000008000cdc       0x48 ./src/BlinkLed.o
                0x0000000008000cdc                blink_led_init
 .text.timer2_it_config
                0x0000000008000d24       0x58 ./src/Timer.o
                0x0000000008000d24                timer2_it_config
 .text.main     0x0000000008000d7c        0xc ./src/main.o
                0x0000000008000d7c                main
 .text.TIM2_IRQHandler
                0x0000000008000d88       0x3c ./src/main.o
                0x0000000008000d88                TIM2_IRQHandler
 .text          0x0000000008000dc4      0x114 /home/googly/ARMToolchains/gcc-arm-none-eabi-5_3-151225/bin/../lib/gcc/arm-none-eabi/5.3.1/armv6-m/libgcc.a(_udivsi3.o)
                0x0000000008000dc4                __udivsi3
                0x0000000008000dc4                __aeabi_uidiv
                0x0000000008000ed0                __aeabi_uidivmod
 .text          0x0000000008000ed8        0x4 /home/googly/ARMToolchains/gcc-arm-none-eabi-5_3-151225/bin/../lib/gcc/arm-none-eabi/5.3.1/armv6-m/libgcc.a(_dvmd_tls.o)
                0x0000000008000ed8                __aeabi_ldiv0
                0x0000000008000ed8                __aeabi_idiv0
 .text.__errno  0x0000000008000edc        0xc /home/googly/ARMToolchains/gcc-arm-none-eabi-5_3-151225/bin/../lib/gcc/arm-none-eabi/5.3.1/../../../../arm-none-eabi/lib/armv6-m/libg_nano.a(lib_a-errno.o)
                0x0000000008000edc                __errno
 .text          0x0000000008000ee8        0xe /home/googly/ARMToolchains/gcc-arm-none-eabi-5_3-151225/bin/../lib/gcc/arm-none-eabi/5.3.1/../../../../arm-none-eabi/lib/armv6-m/libg_nano.a(lib_a-strlen.o)
                0x0000000008000ee8                strlen
 .text._vsnprintf_r
                0x0000000008000ef6       0x56 /home/googly/ARMToolchains/gcc-arm-none-eabi-5_3-151225/bin/../lib/gcc/arm-none-eabi/5.3.1/../../../../arm-none-eabi/lib/armv6-m/libg_nano.a(lib_a-vsnprintf.o)
                0x0000000008000ef6                _vsnprintf_r
                0x0000000008000ef6                _vsniprintf_r
 .text.vsnprintf
                0x0000000008000f4c       0x18 /home/googly/ARMToolchains/gcc-arm-none-eabi-5_3-151225/bin/../lib/gcc/arm-none-eabi/5.3.1/../../../../arm-none-eabi/lib/armv6-m/libg_nano.a(lib_a-vsnprintf.o)
                0x0000000008000f4c                vsnprintf
                0x0000000008000f4c                vsniprintf
 .text.__ssputs_r
                0x0000000008000f64       0xc4 /home/googly/ARMToolchains/gcc-arm-none-eabi-5_3-151225/bin/../lib/gcc/arm-none-eabi/5.3.1/../../../../arm-none-eabi/lib/armv6-m/libg_nano.a(lib_a-nano-svfprintf.o)
                0x0000000008000f64                __ssputs_r
 .text._svfprintf_r
                0x0000000008001028      0x1fc /home/googly/ARMToolchains/gcc-arm-none-eabi-5_3-151225/bin/../lib/gcc/arm-none-eabi/5.3.1/../../../../arm-none-eabi/lib/armv6-m/libg_nano.a(lib_a-nano-svfprintf.o)
                0x0000000008001028                _svfprintf_r
                0x0000000008001028                _svfiprintf_r
 .text._printf_common
                0x0000000008001224       0xdc /home/googly/ARMToolchains/gcc-arm-none-eabi-5_3-151225/bin/../lib/gcc/arm-none-eabi/5.3.1/../../../../arm-none-eabi/lib/armv6-m/libg_nano.a(lib_a-nano-vfprintf_i.o)
                0x0000000008001224                _printf_common
 .text._printf_i
                0x0000000008001300      0x244 /home/googly/ARMToolchains/gcc-arm-none-eabi-5_3-151225/bin/../lib/gcc/arm-none-eabi/5.3.1/../../../../arm-none-eabi/lib/armv6-m/libg_nano.a(lib_a-nano-vfprintf_i.o)
                0x0000000008001300                _printf_i
 .text.memchr   0x0000000008001544       0x16 /home/googly/ARMToolchains/gcc-arm-none-eabi-5_3-151225/bin/../lib/gcc/arm-none-eabi/5.3.1/../../../../arm-none-eabi/lib/armv6-m/libg_nano.a(lib_a-memchr-stub.o)
                0x0000000008001544                memchr
 .text.memcpy   0x000000000800155a       0x12 /home/googly/ARMToolchains/gcc-arm-none-eabi-5_3-151225/bin/../lib/gcc/arm-none-eabi/5.3.1/../../../../arm-none-eabi/lib/armv6-m/libg_nano.a(lib_a-memcpy-stub.o)
                0x000000000800155a                memcpy
 .text.memmove  0x000000000800156c       0x2a /home/googly/ARMToolchains/gcc-arm-none-eabi-5_3-151225/bin/../lib/gcc/arm-none-eabi/5.3.1/../../../../arm-none-eabi/lib/armv6-m/libg_nano.a(lib_a-memmove.o)
                0x000000000800156c                memmove
 *fill*         0x0000000008001596        0x2 
 .text._free_r  0x0000000008001598       0x8c /home/googly/ARMToolchains/gcc-arm-none-eabi-5_3-151225/bin/../lib/gcc/arm-none-eabi/5.3.1/../../../../arm-none-eabi/lib/armv6-m/libg_nano.a(lib_a-nano-freer.o)
                0x0000000008001598                _free_r
 .text._malloc_r
                0x0000000008001624       0xac /home/googly/ARMToolchains/gcc-arm-none-eabi-5_3-151225/bin/../lib/gcc/arm-none-eabi/5.3.1/../../../../arm-none-eabi/lib/armv6-m/libg_nano.a(lib_a-nano-mallocr.o)
                0x0000000008001624                _malloc_r
 .text._realloc_r
                0x00000000080016d0       0x4c /home/googly/ARMToolchains/gcc-arm-none-eabi-5_3-151225/bin/../lib/gcc/arm-none-eabi/5.3.1/../../../../arm-none-eabi/lib/armv6-m/libg_nano.a(lib_a-nano-reallocr.o)
                0x00000000080016d0                _realloc_r
 .text._sbrk_r  0x000000000800171c       0x24 /home/googly/ARMToolchains/gcc-arm-none-eabi-5_3-151225/bin/../lib/gcc/arm-none-eabi/5.3.1/../../../../arm-none-eabi/lib/armv6-m/libg_nano.a(lib_a-sbrkr.o)
                0x000000000800171c                _sbrk_r
 .text._malloc_usable_size_r
                0x0000000008001740       0x16 /home/googly/ARMToolchains/gcc-arm-none-eabi-5_3-151225/bin/../lib/gcc/arm-none-eabi/5.3.1/../../../../arm-none-eabi/lib/armv6-m/libg_nano.a(lib_a-nano-msizer.o)
                0x0000000008001740                _malloc_usable_size_r
 *(.rodata .rodata.* .constdata .constdata.*)
 *fill*         0x0000000008001756        0x2 
 .rodata.str1.4
                0x0000000008001758       0x31 ./system/src/stm32f0-stdperiph/stm32f0xx_gpio.o
 *fill*         0x0000000008001789        0x3 
 .rodata.str1.4
                0x000000000800178c       0x31 ./system/src/stm32f0-stdperiph/stm32f0xx_misc.o
 *fill*         0x00000000080017bd        0x3 
 .rodata.str1.4
                0x00000000080017c0       0x30 ./system/src/stm32f0-stdperiph/stm32f0xx_rcc.o
 .rodata.str1.4
                0x00000000080017f0       0x30 ./system/src/stm32f0-stdperiph/stm32f0xx_tim.o
 .rodata.str1.4
                0x0000000008001820       0x14 ./system/src/newlib/_exit.o
 .rodata.str1.4
                0x0000000008001834       0x6b ./system/src/newlib/assert.o
                                         0x6f (size before relaxing)
 *fill*         0x000000000800189f        0x1 
 .rodata.str1.4
                0x00000000080018a0       0x29 ./system/src/diag/Trace.o
                                         0x2d (size before relaxing)
 *fill*         0x00000000080018c9        0x3 
 .rodata.str1.4
                0x00000000080018cc       0xc0 ./system/src/cortexm/exception_handlers.o
                                         0xbd (size before relaxing)
 .rodata.str1.1
                0x000000000800198c        0x2 /home/googly/ARMToolchains/gcc-arm-none-eabi-5_3-151225/bin/../lib/gcc/arm-none-eabi/5.3.1/../../../../arm-none-eabi/lib/armv6-m/libg_nano.a(lib_a-impure.o)
 .rodata.str1.1
                0x000000000800198e       0x11 /home/googly/ARMToolchains/gcc-arm-none-eabi-5_3-151225/bin/../lib/gcc/arm-none-eabi/5.3.1/../../../../arm-none-eabi/lib/armv6-m/libg_nano.a(lib_a-nano-svfprintf.o)
 .rodata.str1.1
                0x000000000800199f       0x22 /home/googly/ARMToolchains/gcc-arm-none-eabi-5_3-151225/bin/../lib/gcc/arm-none-eabi/5.3.1/../../../../arm-none-eabi/lib/armv6-m/libg_nano.a(lib_a-nano-vfprintf_i.o)
 *(vtable)
 *(.eh_frame*)
 *(.glue_7)
 .glue_7        0x00000000080019c1        0x0 linker stubs
 *(.glue_7t)
 .glue_7t       0x00000000080019c1        0x0 linker stubs

.vfp11_veneer   0x00000000080019c4        0x0
 .vfp11_veneer  0x00000000080019c4        0x0 linker stubs

.v4_bx          0x00000000080019c4        0x0
 .v4_bx         0x00000000080019c4        0x0 linker stubs

.iplt           0x00000000080019c4        0x0
 .iplt          0x00000000080019c4        0x0 ./system/src/stm32f0-stdperiph/stm32f0xx_gpio.o

.rel.dyn        0x00000000080019c4        0x0
 .rel.iplt      0x00000000080019c4        0x0 ./system/src/stm32f0-stdperiph/stm32f0xx_gpio.o

.ARM.extab
 *(.ARM.extab* .gnu.linkonce.armextab.*)
                0x00000000080019c4                . = ALIGN (0x4)
                0x00000000080019c4                __exidx_start = .

.ARM.exidx
 *(.ARM.exidx* .gnu.linkonce.armexidx.*)
                0x00000000080019c4                __exidx_end = .
                0x00000000080019c4                . = ALIGN (0x4)
                0x00000000080019c4                _etext = .
                0x00000000080019c4                __etext = .

.data_CCMRAM    0x0000000000000000        0x0 load address 0x00000000080019c4
 FILL mask 0xff
 *(.data.CCMRAM .data.CCMRAM.*)
                0x0000000000000000                . = ALIGN (0x4)
                0x00000000080019c4                _sidata = LOADADDR (.data)

.data           0x0000000020000000       0x88 load address 0x00000000080019c4
 FILL mask 0xff
                0x0000000020000000                _sdata = .
                0x0000000020000000                __data_start__ = .
 *(.data_begin .data_begin.*)
 .data_begin    0x0000000020000000        0x4 ./system/src/newlib/_startup.o
 *(.data .data.*)
 .data.argv.4255
                0x0000000020000004        0x8 ./system/src/newlib/_syscalls.o
 .data.AHBPrescTable
                0x000000002000000c       0x10 ./system/src/cmsis/system_stm32f0xx.o
                0x000000002000000c                AHBPrescTable
 .data.SystemCoreClock
                0x000000002000001c        0x4 ./system/src/cmsis/system_stm32f0xx.o
                0x000000002000001c                SystemCoreClock
 .data.impure_data
                0x0000000020000020       0x60 /home/googly/ARMToolchains/gcc-arm-none-eabi-5_3-151225/bin/../lib/gcc/arm-none-eabi/5.3.1/../../../../arm-none-eabi/lib/armv6-m/libg_nano.a(lib_a-impure.o)
 .data._impure_ptr
                0x0000000020000080        0x4 /home/googly/ARMToolchains/gcc-arm-none-eabi-5_3-151225/bin/../lib/gcc/arm-none-eabi/5.3.1/../../../../arm-none-eabi/lib/armv6-m/libg_nano.a(lib_a-impure.o)
                0x0000000020000080                _impure_ptr
 *(.data_end .data_end.*)
 .data_end      0x0000000020000084        0x4 ./system/src/newlib/_startup.o
                0x0000000020000088                . = ALIGN (0x4)
                0x0000000020000088                _edata = .
                0x0000000020000088                __data_end__ = .

.igot.plt       0x0000000020000088        0x0 load address 0x0000000008001a4c
 .igot.plt      0x0000000020000088        0x0 ./system/src/stm32f0-stdperiph/stm32f0xx_gpio.o

.bss_CCMRAM     0x0000000000000000        0x0
 *(.bss.CCMRAM .bss.CCMRAM.*)

.bss            0x0000000020000088       0x9c
                0x0000000020000088                __bss_start__ = .
                0x0000000020000088                _sbss = .
 *(.bss_begin .bss_begin.*)
 .bss_begin     0x0000000020000088        0x4 ./system/src/newlib/_startup.o
 *(.bss .bss.*)
 .bss.current_heap_end.3946
                0x000000002000008c        0x4 ./system/src/newlib/_sbrk.o
 .bss.name.4254
                0x0000000020000090        0x1 ./system/src/newlib/_syscalls.o
 *fill*         0x0000000020000091        0x3 
 .bss.buf.5140  0x0000000020000094       0x80 ./system/src/diag/Trace.o
 .bss.__malloc_sbrk_start
                0x0000000020000114        0x4 /home/googly/ARMToolchains/gcc-arm-none-eabi-5_3-151225/bin/../lib/gcc/arm-none-eabi/5.3.1/../../../../arm-none-eabi/lib/armv6-m/libg_nano.a(lib_a-nano-mallocr.o)
                0x0000000020000114                __malloc_sbrk_start
 .bss.__malloc_free_list
                0x0000000020000118        0x4 /home/googly/ARMToolchains/gcc-arm-none-eabi-5_3-151225/bin/../lib/gcc/arm-none-eabi/5.3.1/../../../../arm-none-eabi/lib/armv6-m/libg_nano.a(lib_a-nano-mallocr.o)
                0x0000000020000118                __malloc_free_list
 *(COMMON)
 COMMON         0x000000002000011c        0x4 ./system/src/newlib/_syscalls.o
                0x000000002000011c                errno
 *(.bss_end .bss_end.*)
 .bss_end       0x0000000020000120        0x4 ./system/src/newlib/_startup.o
                0x0000000020000124                . = ALIGN (0x4)
                0x0000000020000124                __bss_end__ = .
                0x0000000020000124                _ebss = .

.noinit_CCMRAM
 *(.noinit.CCMRAM .noinit.CCMRAM.*)

.noinit         0x0000000020000124        0x0
                0x0000000020000124                _noinit = .
 *(.noinit .noinit.*)
                0x0000000020000124                . = ALIGN (0x4)
                0x0000000020000124                _end_noinit = .
                [!provide]                        PROVIDE (end, _end_noinit)
                [!provide]                        PROVIDE (_end, _end_noinit)
                [!provide]                        PROVIDE (__end, _end_noinit)
                [!provide]                        PROVIDE (__end__, _end_noinit)

._check_stack   0x0000000020000124      0x100
                0x0000000020000224                . = (. + _Minimum_Stack_Size)
 *fill*         0x0000000020000124      0x100 

.b1text
 *(.b1text)
 *(.b1rodata)
 *(.b1rodata.*)

.eb0text
 *(.eb0text)
 *(.eb0rodata)
 *(.eb0rodata.*)

.eb1text
 *(.eb1text)
 *(.eb1rodata)
 *(.eb1rodata.*)

.eb2text
 *(.eb2text)
 *(.eb2rodata)
 *(.eb2rodata.*)

.eb3text
 *(.eb3text)
 *(.eb3rodata)
 *(.eb3rodata.*)

.stab
 *(.stab)

.stabstr
 *(.stabstr)

.stab.excl
 *(.stab.excl)

.stab.exclstr
 *(.stab.exclstr)

.stab.index
 *(.stab.index)

.stab.indexstr
 *(.stab.indexstr)

.comment        0x0000000000000000       0xcb
 *(.comment)
 .comment       0x0000000000000000       0x5d ./system/src/stm32f0-stdperiph/stm32f0xx_gpio.o
                                         0x5e (size before relaxing)
 .comment       0x000000000000005d       0x5e ./system/src/stm32f0-stdperiph/stm32f0xx_misc.o
 .comment       0x000000000000005d       0x5e ./system/src/stm32f0-stdperiph/stm32f0xx_rcc.o
 .comment       0x000000000000005d       0x5e ./system/src/stm32f0-stdperiph/stm32f0xx_tim.o
 .comment       0x000000000000005d       0x6e ./system/src/newlib/_exit.o
                                         0x6f (size before relaxing)
 .comment       0x00000000000000cb       0x6f ./system/src/newlib/_sbrk.o
 .comment       0x00000000000000cb       0x6f ./system/src/newlib/_startup.o
 .comment       0x00000000000000cb       0x6f ./system/src/newlib/_syscalls.o
 .comment       0x00000000000000cb       0x6f ./system/src/newlib/assert.o
 .comment       0x00000000000000cb       0x6f ./system/src/diag/Trace.o
 .comment       0x00000000000000cb       0x5e ./system/src/diag/trace_impl.o
 .comment       0x00000000000000cb       0x5e ./system/src/cortexm/_initialize_hardware.o
 .comment       0x00000000000000cb       0x5e ./system/src/cortexm/exception_handlers.o
 .comment       0x00000000000000cb       0x5e ./system/src/cmsis/system_stm32f0xx.o
 .comment       0x00000000000000cb       0x5e ./system/src/cmsis/vectors_stm32f0xx.o
 .comment       0x00000000000000cb       0x5e ./src/BlinkLed.o
 .comment       0x00000000000000cb       0x5e ./src/Timer.o
 .comment       0x00000000000000cb       0x5e ./src/main.o
 .comment       0x00000000000000cb       0x5e /home/googly/ARMToolchains/gcc-arm-none-eabi-5_3-151225/bin/../lib/gcc/arm-none-eabi/5.3.1/../../../../arm-none-eabi/lib/armv6-m/libg_nano.a(lib_a-errno.o)
 .comment       0x00000000000000cb       0x5e /home/googly/ARMToolchains/gcc-arm-none-eabi-5_3-151225/bin/../lib/gcc/arm-none-eabi/5.3.1/../../../../arm-none-eabi/lib/armv6-m/libg_nano.a(lib_a-impure.o)
 .comment       0x00000000000000cb       0x5e /home/googly/ARMToolchains/gcc-arm-none-eabi-5_3-151225/bin/../lib/gcc/arm-none-eabi/5.3.1/../../../../arm-none-eabi/lib/armv6-m/libg_nano.a(lib_a-vsnprintf.o)
 .comment       0x00000000000000cb       0x5e /home/googly/ARMToolchains/gcc-arm-none-eabi-5_3-151225/bin/../lib/gcc/arm-none-eabi/5.3.1/../../../../arm-none-eabi/lib/armv6-m/libg_nano.a(lib_a-nano-svfprintf.o)
 .comment       0x00000000000000cb       0x5e /home/googly/ARMToolchains/gcc-arm-none-eabi-5_3-151225/bin/../lib/gcc/arm-none-eabi/5.3.1/../../../../arm-none-eabi/lib/armv6-m/libg_nano.a(lib_a-nano-vfprintf_i.o)
 .comment       0x00000000000000cb       0x5e /home/googly/ARMToolchains/gcc-arm-none-eabi-5_3-151225/bin/../lib/gcc/arm-none-eabi/5.3.1/../../../../arm-none-eabi/lib/armv6-m/libg_nano.a(lib_a-memchr-stub.o)
 .comment       0x00000000000000cb       0x5e /home/googly/ARMToolchains/gcc-arm-none-eabi-5_3-151225/bin/../lib/gcc/arm-none-eabi/5.3.1/../../../../arm-none-eabi/lib/armv6-m/libg_nano.a(lib_a-memcpy-stub.o)
 .comment       0x00000000000000cb       0x5e /home/googly/ARMToolchains/gcc-arm-none-eabi-5_3-151225/bin/../lib/gcc/arm-none-eabi/5.3.1/../../../../arm-none-eabi/lib/armv6-m/libg_nano.a(lib_a-memmove.o)
 .comment       0x00000000000000cb       0x5e /home/googly/ARMToolchains/gcc-arm-none-eabi-5_3-151225/bin/../lib/gcc/arm-none-eabi/5.3.1/../../../../arm-none-eabi/lib/armv6-m/libg_nano.a(lib_a-nano-freer.o)
 .comment       0x00000000000000cb       0x5e /home/googly/ARMToolchains/gcc-arm-none-eabi-5_3-151225/bin/../lib/gcc/arm-none-eabi/5.3.1/../../../../arm-none-eabi/lib/armv6-m/libg_nano.a(lib_a-nano-mallocr.o)
 .comment       0x00000000000000cb       0x5e /home/googly/ARMToolchains/gcc-arm-none-eabi-5_3-151225/bin/../lib/gcc/arm-none-eabi/5.3.1/../../../../arm-none-eabi/lib/armv6-m/libg_nano.a(lib_a-nano-reallocr.o)
 .comment       0x00000000000000cb       0x5e /home/googly/ARMToolchains/gcc-arm-none-eabi-5_3-151225/bin/../lib/gcc/arm-none-eabi/5.3.1/../../../../arm-none-eabi/lib/armv6-m/libg_nano.a(lib_a-sbrkr.o)
 .comment       0x00000000000000cb       0x5e /home/googly/ARMToolchains/gcc-arm-none-eabi-5_3-151225/bin/../lib/gcc/arm-none-eabi/5.3.1/../../../../arm-none-eabi/lib/armv6-m/libg_nano.a(lib_a-nano-msizer.o)

.ARM.attributes
                0x0000000000000000       0x2f
 .ARM.attributes
                0x0000000000000000       0x31 ./system/src/stm32f0-stdperiph/stm32f0xx_gpio.o
 .ARM.attributes
                0x0000000000000031       0x31 ./system/src/stm32f0-stdperiph/stm32f0xx_misc.o
 .ARM.attributes
                0x0000000000000062       0x31 ./system/src/stm32f0-stdperiph/stm32f0xx_rcc.o
 .ARM.attributes
                0x0000000000000093       0x31 ./system/src/stm32f0-stdperiph/stm32f0xx_tim.o
 .ARM.attributes
                0x00000000000000c4       0x31 ./system/src/newlib/_exit.o
 .ARM.attributes
                0x00000000000000f5       0x31 ./system/src/newlib/_sbrk.o
 .ARM.attributes
                0x0000000000000126       0x31 ./system/src/newlib/_startup.o
 .ARM.attributes
                0x0000000000000157       0x31 ./system/src/newlib/_syscalls.o
 .ARM.attributes
                0x0000000000000188       0x31 ./system/src/newlib/assert.o
 .ARM.attributes
                0x00000000000001b9       0x31 ./system/src/diag/Trace.o
 .ARM.attributes
                0x00000000000001ea       0x31 ./system/src/diag/trace_impl.o
 .ARM.attributes
                0x000000000000021b       0x31 ./system/src/cortexm/_initialize_hardware.o
 .ARM.attributes
                0x000000000000024c       0x31 ./system/src/cortexm/exception_handlers.o
 .ARM.attributes
                0x000000000000027d       0x31 ./system/src/cmsis/system_stm32f0xx.o
 .ARM.attributes
                0x00000000000002ae       0x31 ./system/src/cmsis/vectors_stm32f0xx.o
 .ARM.attributes
                0x00000000000002df       0x31 ./src/BlinkLed.o
 .ARM.attributes
                0x0000000000000310       0x31 ./src/Timer.o
 .ARM.attributes
                0x0000000000000341       0x31 ./src/main.o
 .ARM.attributes
                0x0000000000000372       0x1e /home/googly/ARMToolchains/gcc-arm-none-eabi-5_3-151225/bin/../lib/gcc/arm-none-eabi/5.3.1/armv6-m/libgcc.a(_udivsi3.o)
 .ARM.attributes
                0x0000000000000390       0x1e /home/googly/ARMToolchains/gcc-arm-none-eabi-5_3-151225/bin/../lib/gcc/arm-none-eabi/5.3.1/armv6-m/libgcc.a(_dvmd_tls.o)
 .ARM.attributes
                0x00000000000003ae       0x2c /home/googly/ARMToolchains/gcc-arm-none-eabi-5_3-151225/bin/../lib/gcc/arm-none-eabi/5.3.1/../../../../arm-none-eabi/lib/armv6-m/libg_nano.a(lib_a-errno.o)
 .ARM.attributes
                0x00000000000003da       0x2c /home/googly/ARMToolchains/gcc-arm-none-eabi-5_3-151225/bin/../lib/gcc/arm-none-eabi/5.3.1/../../../../arm-none-eabi/lib/armv6-m/libg_nano.a(lib_a-impure.o)
 .ARM.attributes
                0x0000000000000406       0x1c /home/googly/ARMToolchains/gcc-arm-none-eabi-5_3-151225/bin/../lib/gcc/arm-none-eabi/5.3.1/../../../../arm-none-eabi/lib/armv6-m/libg_nano.a(lib_a-strlen.o)
 .ARM.attributes
                0x0000000000000422       0x2c /home/googly/ARMToolchains/gcc-arm-none-eabi-5_3-151225/bin/../lib/gcc/arm-none-eabi/5.3.1/../../../../arm-none-eabi/lib/armv6-m/libg_nano.a(lib_a-vsnprintf.o)
 .ARM.attributes
                0x000000000000044e       0x2c /home/googly/ARMToolchains/gcc-arm-none-eabi-5_3-151225/bin/../lib/gcc/arm-none-eabi/5.3.1/../../../../arm-none-eabi/lib/armv6-m/libg_nano.a(lib_a-nano-svfprintf.o)
 .ARM.attributes
                0x000000000000047a       0x2c /home/googly/ARMToolchains/gcc-arm-none-eabi-5_3-151225/bin/../lib/gcc/arm-none-eabi/5.3.1/../../../../arm-none-eabi/lib/armv6-m/libg_nano.a(lib_a-nano-vfprintf_i.o)
 .ARM.attributes
                0x00000000000004a6       0x2c /home/googly/ARMToolchains/gcc-arm-none-eabi-5_3-151225/bin/../lib/gcc/arm-none-eabi/5.3.1/../../../../arm-none-eabi/lib/armv6-m/libg_nano.a(lib_a-memchr-stub.o)
 .ARM.attributes
                0x00000000000004d2       0x2c /home/googly/ARMToolchains/gcc-arm-none-eabi-5_3-151225/bin/../lib/gcc/arm-none-eabi/5.3.1/../../../../arm-none-eabi/lib/armv6-m/libg_nano.a(lib_a-memcpy-stub.o)
 .ARM.attributes
                0x00000000000004fe       0x2c /home/googly/ARMToolchains/gcc-arm-none-eabi-5_3-151225/bin/../lib/gcc/arm-none-eabi/5.3.1/../../../../arm-none-eabi/lib/armv6-m/libg_nano.a(lib_a-memmove.o)
 .ARM.attributes
                0x000000000000052a       0x2c /home/googly/ARMToolchains/gcc-arm-none-eabi-5_3-151225/bin/../lib/gcc/arm-none-eabi/5.3.1/../../../../arm-none-eabi/lib/armv6-m/libg_nano.a(lib_a-nano-freer.o)
 .ARM.attributes
                0x0000000000000556       0x2c /home/googly/ARMToolchains/gcc-arm-none-eabi-5_3-151225/bin/../lib/gcc/arm-none-eabi/5.3.1/../../../../arm-none-eabi/lib/armv6-m/libg_nano.a(lib_a-nano-mallocr.o)
 .ARM.attributes
                0x0000000000000582       0x2c /home/googly/ARMToolchains/gcc-arm-none-eabi-5_3-151225/bin/../lib/gcc/arm-none-eabi/5.3.1/../../../../arm-none-eabi/lib/armv6-m/libg_nano.a(lib_a-nano-reallocr.o)
 .ARM.attributes
                0x00000000000005ae       0x2c /home/googly/ARMToolchains/gcc-arm-none-eabi-5_3-151225/bin/../lib/gcc/arm-none-eabi/5.3.1/../../../../arm-none-eabi/lib/armv6-m/libg_nano.a(lib_a-sbrkr.o)
 .ARM.attributes
                0x00000000000005da       0x2c /home/googly/ARMToolchains/gcc-arm-none-eabi-5_3-151225/bin/../lib/gcc/arm-none-eabi/5.3.1/../../../../arm-none-eabi/lib/armv6-m/libg_nano.a(lib_a-nano-msizer.o)

.debug
 *(.debug)

.line
 *(.line)

.debug_srcinfo
 *(.debug_srcinfo)

.debug_sfnames
 *(.debug_sfnames)

.debug_aranges  0x0000000000000000      0x9a8
 *(.debug_aranges)
 .debug_aranges
                0x0000000000000000       0x80 ./system/src/stm32f0-stdperiph/stm32f0xx_gpio.o
 .debug_aranges
                0x0000000000000080       0x30 ./system/src/stm32f0-stdperiph/stm32f0xx_misc.o
 .debug_aranges
                0x00000000000000b0      0x160 ./system/src/stm32f0-stdperiph/stm32f0xx_rcc.o
 .debug_aranges
                0x0000000000000210      0x300 ./system/src/stm32f0-stdperiph/stm32f0xx_tim.o
 .debug_aranges
                0x0000000000000510       0x28 ./system/src/newlib/_exit.o
 .debug_aranges
                0x0000000000000538       0x20 ./system/src/newlib/_sbrk.o
 .debug_aranges
                0x0000000000000558       0x40 ./system/src/newlib/_startup.o
 .debug_aranges
                0x0000000000000598       0x30 ./system/src/newlib/_syscalls.o
 .debug_aranges
                0x00000000000005c8       0x28 ./system/src/newlib/assert.o
 .debug_aranges
                0x00000000000005f0       0x38 ./system/src/diag/Trace.o
 .debug_aranges
                0x0000000000000628       0x30 ./system/src/diag/trace_impl.o
 .debug_aranges
                0x0000000000000658       0x28 ./system/src/cortexm/_initialize_hardware.o
 .debug_aranges
                0x0000000000000680       0x58 ./system/src/cortexm/exception_handlers.o
 .debug_aranges
                0x00000000000006d8       0x30 ./system/src/cmsis/system_stm32f0xx.o
 .debug_aranges
                0x0000000000000708       0x20 ./system/src/cmsis/vectors_stm32f0xx.o
 .debug_aranges
                0x0000000000000728       0x20 ./src/BlinkLed.o
 .debug_aranges
                0x0000000000000748       0x20 ./src/Timer.o
 .debug_aranges
                0x0000000000000768       0x28 ./src/main.o
 .debug_aranges
                0x0000000000000790       0x20 /home/googly/ARMToolchains/gcc-arm-none-eabi-5_3-151225/bin/../lib/gcc/arm-none-eabi/5.3.1/armv6-m/libgcc.a(_udivsi3.o)
 .debug_aranges
                0x00000000000007b0       0x20 /home/googly/ARMToolchains/gcc-arm-none-eabi-5_3-151225/bin/../lib/gcc/arm-none-eabi/5.3.1/armv6-m/libgcc.a(_dvmd_tls.o)
 .debug_aranges
                0x00000000000007d0       0x20 /home/googly/ARMToolchains/gcc-arm-none-eabi-5_3-151225/bin/../lib/gcc/arm-none-eabi/5.3.1/../../../../arm-none-eabi/lib/armv6-m/libg_nano.a(lib_a-errno.o)
 .debug_aranges
                0x00000000000007f0       0x18 /home/googly/ARMToolchains/gcc-arm-none-eabi-5_3-151225/bin/../lib/gcc/arm-none-eabi/5.3.1/../../../../arm-none-eabi/lib/armv6-m/libg_nano.a(lib_a-impure.o)
 .debug_aranges
                0x0000000000000808       0x20 /home/googly/ARMToolchains/gcc-arm-none-eabi-5_3-151225/bin/../lib/gcc/arm-none-eabi/5.3.1/../../../../arm-none-eabi/lib/armv6-m/libg_nano.a(lib_a-strlen.o)
 .debug_aranges
                0x0000000000000828       0x28 /home/googly/ARMToolchains/gcc-arm-none-eabi-5_3-151225/bin/../lib/gcc/arm-none-eabi/5.3.1/../../../../arm-none-eabi/lib/armv6-m/libg_nano.a(lib_a-vsnprintf.o)
 .debug_aranges
                0x0000000000000850       0x30 /home/googly/ARMToolchains/gcc-arm-none-eabi-5_3-151225/bin/../lib/gcc/arm-none-eabi/5.3.1/../../../../arm-none-eabi/lib/armv6-m/libg_nano.a(lib_a-nano-svfprintf.o)
 .debug_aranges
                0x0000000000000880       0x28 /home/googly/ARMToolchains/gcc-arm-none-eabi-5_3-151225/bin/../lib/gcc/arm-none-eabi/5.3.1/../../../../arm-none-eabi/lib/armv6-m/libg_nano.a(lib_a-nano-vfprintf_i.o)
 .debug_aranges
                0x00000000000008a8       0x20 /home/googly/ARMToolchains/gcc-arm-none-eabi-5_3-151225/bin/../lib/gcc/arm-none-eabi/5.3.1/../../../../arm-none-eabi/lib/armv6-m/libg_nano.a(lib_a-memchr-stub.o)
 .debug_aranges
                0x00000000000008c8       0x20 /home/googly/ARMToolchains/gcc-arm-none-eabi-5_3-151225/bin/../lib/gcc/arm-none-eabi/5.3.1/../../../../arm-none-eabi/lib/armv6-m/libg_nano.a(lib_a-memcpy-stub.o)
 .debug_aranges
                0x00000000000008e8       0x20 /home/googly/ARMToolchains/gcc-arm-none-eabi-5_3-151225/bin/../lib/gcc/arm-none-eabi/5.3.1/../../../../arm-none-eabi/lib/armv6-m/libg_nano.a(lib_a-memmove.o)
 .debug_aranges
                0x0000000000000908       0x20 /home/googly/ARMToolchains/gcc-arm-none-eabi-5_3-151225/bin/../lib/gcc/arm-none-eabi/5.3.1/../../../../arm-none-eabi/lib/armv6-m/libg_nano.a(lib_a-nano-freer.o)
 .debug_aranges
                0x0000000000000928       0x20 /home/googly/ARMToolchains/gcc-arm-none-eabi-5_3-151225/bin/../lib/gcc/arm-none-eabi/5.3.1/../../../../arm-none-eabi/lib/armv6-m/libg_nano.a(lib_a-nano-mallocr.o)
 .debug_aranges
                0x0000000000000948       0x20 /home/googly/ARMToolchains/gcc-arm-none-eabi-5_3-151225/bin/../lib/gcc/arm-none-eabi/5.3.1/../../../../arm-none-eabi/lib/armv6-m/libg_nano.a(lib_a-nano-reallocr.o)
 .debug_aranges
                0x0000000000000968       0x20 /home/googly/ARMToolchains/gcc-arm-none-eabi-5_3-151225/bin/../lib/gcc/arm-none-eabi/5.3.1/../../../../arm-none-eabi/lib/armv6-m/libg_nano.a(lib_a-sbrkr.o)
 .debug_aranges
                0x0000000000000988       0x20 /home/googly/ARMToolchains/gcc-arm-none-eabi-5_3-151225/bin/../lib/gcc/arm-none-eabi/5.3.1/../../../../arm-none-eabi/lib/armv6-m/libg_nano.a(lib_a-nano-msizer.o)

.debug_pubnames
 *(.debug_pubnames)

.debug_info     0x0000000000000000     0xd87d
 *(.debug_info .gnu.linkonce.wi.*)
 .debug_info    0x0000000000000000      0xa0b ./system/src/stm32f0-stdperiph/stm32f0xx_gpio.o
 .debug_info    0x0000000000000a0b      0x3f9 ./system/src/stm32f0-stdperiph/stm32f0xx_misc.o
 .debug_info    0x0000000000000e04      0xf1d ./system/src/stm32f0-stdperiph/stm32f0xx_rcc.o
 .debug_info    0x0000000000001d21     0x37cb ./system/src/stm32f0-stdperiph/stm32f0xx_tim.o
 .debug_info    0x00000000000054ec       0xef ./system/src/newlib/_exit.o
 .debug_info    0x00000000000055db      0x11f ./system/src/newlib/_sbrk.o
 .debug_info    0x00000000000056fa      0x454 ./system/src/newlib/_startup.o
 .debug_info    0x0000000000005b4e      0x1bc ./system/src/newlib/_syscalls.o
 .debug_info    0x0000000000005d0a      0x1a3 ./system/src/newlib/assert.o
 .debug_info    0x0000000000005ead      0x2e6 ./system/src/diag/Trace.o
 .debug_info    0x0000000000006193      0x2ea ./system/src/diag/trace_impl.o
 .debug_info    0x000000000000647d       0xcb ./system/src/cortexm/_initialize_hardware.o
 .debug_info    0x0000000000006548      0x332 ./system/src/cortexm/exception_handlers.o
 .debug_info    0x000000000000687a      0x2f6 ./system/src/cmsis/system_stm32f0xx.o
 .debug_info    0x0000000000006b70       0xd1 ./system/src/cmsis/vectors_stm32f0xx.o
 .debug_info    0x0000000000006c41      0x3c5 ./src/BlinkLed.o
 .debug_info    0x0000000000007006      0x4fb ./src/Timer.o
 .debug_info    0x0000000000007501      0x499 ./src/main.o
 .debug_info    0x000000000000799a       0xcf /home/googly/ARMToolchains/gcc-arm-none-eabi-5_3-151225/bin/../lib/gcc/arm-none-eabi/5.3.1/armv6-m/libgcc.a(_udivsi3.o)
 .debug_info    0x0000000000007a69       0xcf /home/googly/ARMToolchains/gcc-arm-none-eabi-5_3-151225/bin/../lib/gcc/arm-none-eabi/5.3.1/armv6-m/libgcc.a(_dvmd_tls.o)
 .debug_info    0x0000000000007b38      0x738 /home/googly/ARMToolchains/gcc-arm-none-eabi-5_3-151225/bin/../lib/gcc/arm-none-eabi/5.3.1/../../../../arm-none-eabi/lib/armv6-m/libg_nano.a(lib_a-errno.o)
 .debug_info    0x0000000000008270      0x7d6 /home/googly/ARMToolchains/gcc-arm-none-eabi-5_3-151225/bin/../lib/gcc/arm-none-eabi/5.3.1/../../../../arm-none-eabi/lib/armv6-m/libg_nano.a(lib_a-impure.o)
 .debug_info    0x0000000000008a46       0xf9 /home/googly/ARMToolchains/gcc-arm-none-eabi-5_3-151225/bin/../lib/gcc/arm-none-eabi/5.3.1/../../../../arm-none-eabi/lib/armv6-m/libg_nano.a(lib_a-strlen.o)
 .debug_info    0x0000000000008b3f      0x88b /home/googly/ARMToolchains/gcc-arm-none-eabi-5_3-151225/bin/../lib/gcc/arm-none-eabi/5.3.1/../../../../arm-none-eabi/lib/armv6-m/libg_nano.a(lib_a-vsnprintf.o)
 .debug_info    0x00000000000093ca      0xd65 /home/googly/ARMToolchains/gcc-arm-none-eabi-5_3-151225/bin/../lib/gcc/arm-none-eabi/5.3.1/../../../../arm-none-eabi/lib/armv6-m/libg_nano.a(lib_a-nano-svfprintf.o)
 .debug_info    0x000000000000a12f      0xb5f /home/googly/ARMToolchains/gcc-arm-none-eabi-5_3-151225/bin/../lib/gcc/arm-none-eabi/5.3.1/../../../../arm-none-eabi/lib/armv6-m/libg_nano.a(lib_a-nano-vfprintf_i.o)
 .debug_info    0x000000000000ac8e       0xfb /home/googly/ARMToolchains/gcc-arm-none-eabi-5_3-151225/bin/../lib/gcc/arm-none-eabi/5.3.1/../../../../arm-none-eabi/lib/armv6-m/libg_nano.a(lib_a-memchr-stub.o)
 .debug_info    0x000000000000ad89      0x10f /home/googly/ARMToolchains/gcc-arm-none-eabi-5_3-151225/bin/../lib/gcc/arm-none-eabi/5.3.1/../../../../arm-none-eabi/lib/armv6-m/libg_nano.a(lib_a-memcpy-stub.o)
 .debug_info    0x000000000000ae98      0x105 /home/googly/ARMToolchains/gcc-arm-none-eabi-5_3-151225/bin/../lib/gcc/arm-none-eabi/5.3.1/../../../../arm-none-eabi/lib/armv6-m/libg_nano.a(lib_a-memmove.o)
 .debug_info    0x000000000000af9d      0x825 /home/googly/ARMToolchains/gcc-arm-none-eabi-5_3-151225/bin/../lib/gcc/arm-none-eabi/5.3.1/../../../../arm-none-eabi/lib/armv6-m/libg_nano.a(lib_a-nano-freer.o)
 .debug_info    0x000000000000b7c2      0x8ea /home/googly/ARMToolchains/gcc-arm-none-eabi-5_3-151225/bin/../lib/gcc/arm-none-eabi/5.3.1/../../../../arm-none-eabi/lib/armv6-m/libg_nano.a(lib_a-nano-mallocr.o)
 .debug_info    0x000000000000c0ac      0x876 /home/googly/ARMToolchains/gcc-arm-none-eabi-5_3-151225/bin/../lib/gcc/arm-none-eabi/5.3.1/../../../../arm-none-eabi/lib/armv6-m/libg_nano.a(lib_a-nano-reallocr.o)
 .debug_info    0x000000000000c922      0x79d /home/googly/ARMToolchains/gcc-arm-none-eabi-5_3-151225/bin/../lib/gcc/arm-none-eabi/5.3.1/../../../../arm-none-eabi/lib/armv6-m/libg_nano.a(lib_a-sbrkr.o)
 .debug_info    0x000000000000d0bf      0x7be /home/googly/ARMToolchains/gcc-arm-none-eabi-5_3-151225/bin/../lib/gcc/arm-none-eabi/5.3.1/../../../../arm-none-eabi/lib/armv6-m/libg_nano.a(lib_a-nano-msizer.o)

.debug_abbrev   0x0000000000000000     0x293f
 *(.debug_abbrev)
 .debug_abbrev  0x0000000000000000      0x1d6 ./system/src/stm32f0-stdperiph/stm32f0xx_gpio.o
 .debug_abbrev  0x00000000000001d6      0x167 ./system/src/stm32f0-stdperiph/stm32f0xx_misc.o
 .debug_abbrev  0x000000000000033d      0x237 ./system/src/stm32f0-stdperiph/stm32f0xx_rcc.o
 .debug_abbrev  0x0000000000000574      0x1b8 ./system/src/stm32f0-stdperiph/stm32f0xx_tim.o
 .debug_abbrev  0x000000000000072c       0x8e ./system/src/newlib/_exit.o
 .debug_abbrev  0x00000000000007ba       0xb9 ./system/src/newlib/_sbrk.o
 .debug_abbrev  0x0000000000000873      0x1ac ./system/src/newlib/_startup.o
 .debug_abbrev  0x0000000000000a1f       0xec ./system/src/newlib/_syscalls.o
 .debug_abbrev  0x0000000000000b0b       0xab ./system/src/newlib/assert.o
 .debug_abbrev  0x0000000000000bb6      0x145 ./system/src/diag/Trace.o
 .debug_abbrev  0x0000000000000cfb      0x1ae ./system/src/diag/trace_impl.o
 .debug_abbrev  0x0000000000000ea9       0x63 ./system/src/cortexm/_initialize_hardware.o
 .debug_abbrev  0x0000000000000f0c      0x15c ./system/src/cortexm/exception_handlers.o
 .debug_abbrev  0x0000000000001068      0x148 ./system/src/cmsis/system_stm32f0xx.o
 .debug_abbrev  0x00000000000011b0       0x9d ./system/src/cmsis/vectors_stm32f0xx.o
 .debug_abbrev  0x000000000000124d      0x11d ./src/BlinkLed.o
 .debug_abbrev  0x000000000000136a      0x134 ./src/Timer.o
 .debug_abbrev  0x000000000000149e      0x159 ./src/main.o
 .debug_abbrev  0x00000000000015f7       0x14 /home/googly/ARMToolchains/gcc-arm-none-eabi-5_3-151225/bin/../lib/gcc/arm-none-eabi/5.3.1/armv6-m/libgcc.a(_udivsi3.o)
 .debug_abbrev  0x000000000000160b       0x14 /home/googly/ARMToolchains/gcc-arm-none-eabi-5_3-151225/bin/../lib/gcc/arm-none-eabi/5.3.1/armv6-m/libgcc.a(_dvmd_tls.o)
 .debug_abbrev  0x000000000000161f      0x132 /home/googly/ARMToolchains/gcc-arm-none-eabi-5_3-151225/bin/../lib/gcc/arm-none-eabi/5.3.1/../../../../arm-none-eabi/lib/armv6-m/libg_nano.a(lib_a-errno.o)
 .debug_abbrev  0x0000000000001751      0x134 /home/googly/ARMToolchains/gcc-arm-none-eabi-5_3-151225/bin/../lib/gcc/arm-none-eabi/5.3.1/../../../../arm-none-eabi/lib/armv6-m/libg_nano.a(lib_a-impure.o)
 .debug_abbrev  0x0000000000001885       0x14 /home/googly/ARMToolchains/gcc-arm-none-eabi-5_3-151225/bin/../lib/gcc/arm-none-eabi/5.3.1/../../../../arm-none-eabi/lib/armv6-m/libg_nano.a(lib_a-strlen.o)
 .debug_abbrev  0x0000000000001899      0x1bd /home/googly/ARMToolchains/gcc-arm-none-eabi-5_3-151225/bin/../lib/gcc/arm-none-eabi/5.3.1/../../../../arm-none-eabi/lib/armv6-m/libg_nano.a(lib_a-vsnprintf.o)
 .debug_abbrev  0x0000000000001a56      0x23f /home/googly/ARMToolchains/gcc-arm-none-eabi-5_3-151225/bin/../lib/gcc/arm-none-eabi/5.3.1/../../../../arm-none-eabi/lib/armv6-m/libg_nano.a(lib_a-nano-svfprintf.o)
 .debug_abbrev  0x0000000000001c95      0x222 /home/googly/ARMToolchains/gcc-arm-none-eabi-5_3-151225/bin/../lib/gcc/arm-none-eabi/5.3.1/../../../../arm-none-eabi/lib/armv6-m/libg_nano.a(lib_a-nano-vfprintf_i.o)
 .debug_abbrev  0x0000000000001eb7       0xa9 /home/googly/ARMToolchains/gcc-arm-none-eabi-5_3-151225/bin/../lib/gcc/arm-none-eabi/5.3.1/../../../../arm-none-eabi/lib/armv6-m/libg_nano.a(lib_a-memchr-stub.o)
 .debug_abbrev  0x0000000000001f60       0xa9 /home/googly/ARMToolchains/gcc-arm-none-eabi-5_3-151225/bin/../lib/gcc/arm-none-eabi/5.3.1/../../../../arm-none-eabi/lib/armv6-m/libg_nano.a(lib_a-memcpy-stub.o)
 .debug_abbrev  0x0000000000002009       0x9a /home/googly/ARMToolchains/gcc-arm-none-eabi-5_3-151225/bin/../lib/gcc/arm-none-eabi/5.3.1/../../../../arm-none-eabi/lib/armv6-m/libg_nano.a(lib_a-memmove.o)
 .debug_abbrev  0x00000000000020a3      0x1b8 /home/googly/ARMToolchains/gcc-arm-none-eabi-5_3-151225/bin/../lib/gcc/arm-none-eabi/5.3.1/../../../../arm-none-eabi/lib/armv6-m/libg_nano.a(lib_a-nano-freer.o)
 .debug_abbrev  0x000000000000225b      0x246 /home/googly/ARMToolchains/gcc-arm-none-eabi-5_3-151225/bin/../lib/gcc/arm-none-eabi/5.3.1/../../../../arm-none-eabi/lib/armv6-m/libg_nano.a(lib_a-nano-mallocr.o)
 .debug_abbrev  0x00000000000024a1      0x19f /home/googly/ARMToolchains/gcc-arm-none-eabi-5_3-151225/bin/../lib/gcc/arm-none-eabi/5.3.1/../../../../arm-none-eabi/lib/armv6-m/libg_nano.a(lib_a-nano-reallocr.o)
 .debug_abbrev  0x0000000000002640      0x19e /home/googly/ARMToolchains/gcc-arm-none-eabi-5_3-151225/bin/../lib/gcc/arm-none-eabi/5.3.1/../../../../arm-none-eabi/lib/armv6-m/libg_nano.a(lib_a-sbrkr.o)
 .debug_abbrev  0x00000000000027de      0x161 /home/googly/ARMToolchains/gcc-arm-none-eabi-5_3-151225/bin/../lib/gcc/arm-none-eabi/5.3.1/../../../../arm-none-eabi/lib/armv6-m/libg_nano.a(lib_a-nano-msizer.o)

.debug_line     0x0000000000000000     0x8011
 *(.debug_line)
 .debug_line    0x0000000000000000      0x73f ./system/src/stm32f0-stdperiph/stm32f0xx_gpio.o
 .debug_line    0x000000000000073f      0x3c5 ./system/src/stm32f0-stdperiph/stm32f0xx_misc.o
 .debug_line    0x0000000000000b04      0x9de ./system/src/stm32f0-stdperiph/stm32f0xx_rcc.o
 .debug_line    0x00000000000014e2     0x1cbc ./system/src/stm32f0-stdperiph/stm32f0xx_tim.o
 .debug_line    0x000000000000319e      0x31f ./system/src/newlib/_exit.o
 .debug_line    0x00000000000034bd      0x2d0 ./system/src/newlib/_sbrk.o
 .debug_line    0x000000000000378d      0x387 ./system/src/newlib/_startup.o
 .debug_line    0x0000000000003b14      0x3d4 ./system/src/newlib/_syscalls.o
 .debug_line    0x0000000000003ee8      0x35a ./system/src/newlib/assert.o
 .debug_line    0x0000000000004242      0x37f ./system/src/diag/Trace.o
 .debug_line    0x00000000000045c1      0x5b8 ./system/src/diag/trace_impl.o
 .debug_line    0x0000000000004b79      0x381 ./system/src/cortexm/_initialize_hardware.o
 .debug_line    0x0000000000004efa      0x607 ./system/src/cortexm/exception_handlers.o
 .debug_line    0x0000000000005501      0x3bf ./system/src/cmsis/system_stm32f0xx.o
 .debug_line    0x00000000000058c0      0x102 ./system/src/cmsis/vectors_stm32f0xx.o
 .debug_line    0x00000000000059c2      0x357 ./src/BlinkLed.o
 .debug_line    0x0000000000005d19      0x397 ./src/Timer.o
 .debug_line    0x00000000000060b0      0x5b6 ./src/main.o
 .debug_line    0x0000000000006666       0x88 /home/googly/ARMToolchains/gcc-arm-none-eabi-5_3-151225/bin/../lib/gcc/arm-none-eabi/5.3.1/armv6-m/libgcc.a(_udivsi3.o)
 .debug_line    0x00000000000066ee       0x7c /home/googly/ARMToolchains/gcc-arm-none-eabi-5_3-151225/bin/../lib/gcc/arm-none-eabi/5.3.1/armv6-m/libgcc.a(_dvmd_tls.o)
 .debug_line    0x000000000000676a      0x166 /home/googly/ARMToolchains/gcc-arm-none-eabi-5_3-151225/bin/../lib/gcc/arm-none-eabi/5.3.1/../../../../arm-none-eabi/lib/armv6-m/libg_nano.a(lib_a-errno.o)
 .debug_line    0x00000000000068d0      0x149 /home/googly/ARMToolchains/gcc-arm-none-eabi-5_3-151225/bin/../lib/gcc/arm-none-eabi/5.3.1/../../../../arm-none-eabi/lib/armv6-m/libg_nano.a(lib_a-impure.o)
 .debug_line    0x0000000000006a19       0x98 /home/googly/ARMToolchains/gcc-arm-none-eabi-5_3-151225/bin/../lib/gcc/arm-none-eabi/5.3.1/../../../../arm-none-eabi/lib/armv6-m/libg_nano.a(lib_a-strlen.o)
 .debug_line    0x0000000000006ab1      0x211 /home/googly/ARMToolchains/gcc-arm-none-eabi-5_3-151225/bin/../lib/gcc/arm-none-eabi/5.3.1/../../../../arm-none-eabi/lib/armv6-m/libg_nano.a(lib_a-vsnprintf.o)
 .debug_line    0x0000000000006cc2      0x36c /home/googly/ARMToolchains/gcc-arm-none-eabi-5_3-151225/bin/../lib/gcc/arm-none-eabi/5.3.1/../../../../arm-none-eabi/lib/armv6-m/libg_nano.a(lib_a-nano-svfprintf.o)
 .debug_line    0x000000000000702e      0x360 /home/googly/ARMToolchains/gcc-arm-none-eabi-5_3-151225/bin/../lib/gcc/arm-none-eabi/5.3.1/../../../../arm-none-eabi/lib/armv6-m/libg_nano.a(lib_a-nano-vfprintf_i.o)
 .debug_line    0x000000000000738e      0x15b /home/googly/ARMToolchains/gcc-arm-none-eabi-5_3-151225/bin/../lib/gcc/arm-none-eabi/5.3.1/../../../../arm-none-eabi/lib/armv6-m/libg_nano.a(lib_a-memchr-stub.o)
 .debug_line    0x00000000000074e9      0x15b /home/googly/ARMToolchains/gcc-arm-none-eabi-5_3-151225/bin/../lib/gcc/arm-none-eabi/5.3.1/../../../../arm-none-eabi/lib/armv6-m/libg_nano.a(lib_a-memcpy-stub.o)
 .debug_line    0x0000000000007644      0x151 /home/googly/ARMToolchains/gcc-arm-none-eabi-5_3-151225/bin/../lib/gcc/arm-none-eabi/5.3.1/../../../../arm-none-eabi/lib/armv6-m/libg_nano.a(lib_a-memmove.o)
 .debug_line    0x0000000000007795      0x199 /home/googly/ARMToolchains/gcc-arm-none-eabi-5_3-151225/bin/../lib/gcc/arm-none-eabi/5.3.1/../../../../arm-none-eabi/lib/armv6-m/libg_nano.a(lib_a-nano-freer.o)
 .debug_line    0x000000000000792e      0x1f4 /home/googly/ARMToolchains/gcc-arm-none-eabi-5_3-151225/bin/../lib/gcc/arm-none-eabi/5.3.1/../../../../arm-none-eabi/lib/armv6-m/libg_nano.a(lib_a-nano-mallocr.o)
 .debug_line    0x0000000000007b22      0x1ca /home/googly/ARMToolchains/gcc-arm-none-eabi-5_3-151225/bin/../lib/gcc/arm-none-eabi/5.3.1/../../../../arm-none-eabi/lib/armv6-m/libg_nano.a(lib_a-nano-reallocr.o)
 .debug_line    0x0000000000007cec      0x1be /home/googly/ARMToolchains/gcc-arm-none-eabi-5_3-151225/bin/../lib/gcc/arm-none-eabi/5.3.1/../../../../arm-none-eabi/lib/armv6-m/libg_nano.a(lib_a-sbrkr.o)
 .debug_line    0x0000000000007eaa      0x167 /home/googly/ARMToolchains/gcc-arm-none-eabi-5_3-151225/bin/../lib/gcc/arm-none-eabi/5.3.1/../../../../arm-none-eabi/lib/armv6-m/libg_nano.a(lib_a-nano-msizer.o)

.debug_frame    0x0000000000000000     0x16c8
 *(.debug_frame)
 .debug_frame   0x0000000000000000      0x164 ./system/src/stm32f0-stdperiph/stm32f0xx_gpio.o
 .debug_frame   0x0000000000000164       0x60 ./system/src/stm32f0-stdperiph/stm32f0xx_misc.o
 .debug_frame   0x00000000000001c4      0x3f8 ./system/src/stm32f0-stdperiph/stm32f0xx_rcc.o
 .debug_frame   0x00000000000005bc      0xa2c ./system/src/stm32f0-stdperiph/stm32f0xx_tim.o
 .debug_frame   0x0000000000000fe8       0x38 ./system/src/newlib/_exit.o
 .debug_frame   0x0000000000001020       0x28 ./system/src/newlib/_sbrk.o
 .debug_frame   0x0000000000001048       0x80 ./system/src/newlib/_startup.o
 .debug_frame   0x00000000000010c8       0x50 ./system/src/newlib/_syscalls.o
 .debug_frame   0x0000000000001118       0x44 ./system/src/newlib/assert.o
 .debug_frame   0x000000000000115c       0x78 ./system/src/diag/Trace.o
 .debug_frame   0x00000000000011d4       0x60 ./system/src/diag/trace_impl.o
 .debug_frame   0x0000000000001234       0x40 ./system/src/cortexm/_initialize_hardware.o
 .debug_frame   0x0000000000001274       0xb0 ./system/src/cortexm/exception_handlers.o
 .debug_frame   0x0000000000001324       0x54 ./system/src/cmsis/system_stm32f0xx.o
 .debug_frame   0x0000000000001378       0x20 ./system/src/cmsis/vectors_stm32f0xx.o
 .debug_frame   0x0000000000001398       0x2c ./src/BlinkLed.o
 .debug_frame   0x00000000000013c4       0x2c ./src/Timer.o
 .debug_frame   0x00000000000013f0       0x44 ./src/main.o
 .debug_frame   0x0000000000001434       0x20 /home/googly/ARMToolchains/gcc-arm-none-eabi-5_3-151225/bin/../lib/gcc/arm-none-eabi/5.3.1/armv6-m/libgcc.a(_udivsi3.o)
 .debug_frame   0x0000000000001454       0x20 /home/googly/ARMToolchains/gcc-arm-none-eabi-5_3-151225/bin/../lib/gcc/arm-none-eabi/5.3.1/../../../../arm-none-eabi/lib/armv6-m/libg_nano.a(lib_a-errno.o)
 .debug_frame   0x0000000000001474       0x48 /home/googly/ARMToolchains/gcc-arm-none-eabi-5_3-151225/bin/../lib/gcc/arm-none-eabi/5.3.1/../../../../arm-none-eabi/lib/armv6-m/libg_nano.a(lib_a-vsnprintf.o)
 .debug_frame   0x00000000000014bc       0x74 /home/googly/ARMToolchains/gcc-arm-none-eabi-5_3-151225/bin/../lib/gcc/arm-none-eabi/5.3.1/../../../../arm-none-eabi/lib/armv6-m/libg_nano.a(lib_a-nano-svfprintf.o)
 .debug_frame   0x0000000000001530       0x54 /home/googly/ARMToolchains/gcc-arm-none-eabi-5_3-151225/bin/../lib/gcc/arm-none-eabi/5.3.1/../../../../arm-none-eabi/lib/armv6-m/libg_nano.a(lib_a-nano-vfprintf_i.o)
 .debug_frame   0x0000000000001584       0x20 /home/googly/ARMToolchains/gcc-arm-none-eabi-5_3-151225/bin/../lib/gcc/arm-none-eabi/5.3.1/../../../../arm-none-eabi/lib/armv6-m/libg_nano.a(lib_a-memchr-stub.o)
 .debug_frame   0x00000000000015a4       0x28 /home/googly/ARMToolchains/gcc-arm-none-eabi-5_3-151225/bin/../lib/gcc/arm-none-eabi/5.3.1/../../../../arm-none-eabi/lib/armv6-m/libg_nano.a(lib_a-memcpy-stub.o)
 .debug_frame   0x00000000000015cc       0x28 /home/googly/ARMToolchains/gcc-arm-none-eabi-5_3-151225/bin/../lib/gcc/arm-none-eabi/5.3.1/../../../../arm-none-eabi/lib/armv6-m/libg_nano.a(lib_a-memmove.o)
 .debug_frame   0x00000000000015f4       0x2c /home/googly/ARMToolchains/gcc-arm-none-eabi-5_3-151225/bin/../lib/gcc/arm-none-eabi/5.3.1/../../../../arm-none-eabi/lib/armv6-m/libg_nano.a(lib_a-nano-freer.o)
 .debug_frame   0x0000000000001620       0x2c /home/googly/ARMToolchains/gcc-arm-none-eabi-5_3-151225/bin/../lib/gcc/arm-none-eabi/5.3.1/../../../../arm-none-eabi/lib/armv6-m/libg_nano.a(lib_a-nano-mallocr.o)
 .debug_frame   0x000000000000164c       0x30 /home/googly/ARMToolchains/gcc-arm-none-eabi-5_3-151225/bin/../lib/gcc/arm-none-eabi/5.3.1/../../../../arm-none-eabi/lib/armv6-m/libg_nano.a(lib_a-nano-reallocr.o)
 .debug_frame   0x000000000000167c       0x2c /home/googly/ARMToolchains/gcc-arm-none-eabi-5_3-151225/bin/../lib/gcc/arm-none-eabi/5.3.1/../../../../arm-none-eabi/lib/armv6-m/libg_nano.a(lib_a-sbrkr.o)
 .debug_frame   0x00000000000016a8       0x20 /home/googly/ARMToolchains/gcc-arm-none-eabi-5_3-151225/bin/../lib/gcc/arm-none-eabi/5.3.1/../../../../arm-none-eabi/lib/armv6-m/libg_nano.a(lib_a-nano-msizer.o)

.debug_str      0x0000000000000000    0x49045
 *(.debug_str)
 .debug_str     0x0000000000000000    0x3f149 ./system/src/stm32f0-stdperiph/stm32f0xx_gpio.o
                                      0x3f2fe (size before relaxing)
 .debug_str     0x000000000003f149      0x170 ./system/src/stm32f0-stdperiph/stm32f0xx_misc.o
                                      0x3f15d (size before relaxing)
 .debug_str     0x000000000003f2b9      0x641 ./system/src/stm32f0-stdperiph/stm32f0xx_rcc.o
                                      0x3f694 (size before relaxing)
 .debug_str     0x000000000003f8fa      0xc2b ./system/src/stm32f0-stdperiph/stm32f0xx_tim.o
                                      0x3fce9 (size before relaxing)
 .debug_str     0x0000000000040525     0x45da ./system/src/newlib/_exit.o
                                       0x699f (size before relaxing)
 .debug_str     0x0000000000044aff      0x4de ./system/src/newlib/_sbrk.o
                                       0x5d8a (size before relaxing)
 .debug_str     0x0000000000044fdd      0x26b ./system/src/newlib/_startup.o
                                       0x5925 (size before relaxing)
 .debug_str     0x0000000000045248      0xe06 ./system/src/newlib/_syscalls.o
                                       0x6bd2 (size before relaxing)
 .debug_str     0x000000000004604e       0xda ./system/src/newlib/assert.o
                                       0x74a8 (size before relaxing)
 .debug_str     0x0000000000046128      0x876 ./system/src/diag/Trace.o
                                       0x7172 (size before relaxing)
 .debug_str     0x000000000004699e      0x41e ./system/src/diag/trace_impl.o
                                      0x42415 (size before relaxing)
 .debug_str     0x0000000000046dbc       0x4e ./system/src/cortexm/_initialize_hardware.o
                                      0x3f02b (size before relaxing)
 .debug_str     0x0000000000046e0a     0x10f0 ./system/src/cortexm/exception_handlers.o
                                      0x434be (size before relaxing)
 .debug_str     0x0000000000047efa       0x67 ./system/src/cmsis/system_stm32f0xx.o
                                      0x3f0d9 (size before relaxing)
 .debug_str     0x0000000000047f61       0x56 ./system/src/cmsis/vectors_stm32f0xx.o
                                       0x2ea1 (size before relaxing)
 .debug_str     0x0000000000047fb7      0x14e ./src/BlinkLed.o
                                      0x3f2e4 (size before relaxing)
 .debug_str     0x0000000000048105      0x21c ./src/Timer.o
                                      0x3f430 (size before relaxing)
 .debug_str     0x0000000000048321      0x213 ./src/main.o
                                      0x43f1a (size before relaxing)
 .debug_str     0x0000000000048534      0x3cc /home/googly/ARMToolchains/gcc-arm-none-eabi-5_3-151225/bin/../lib/gcc/arm-none-eabi/5.3.1/../../../../arm-none-eabi/lib/armv6-m/libg_nano.a(lib_a-errno.o)
                                        0x4d1 (size before relaxing)
 .debug_str     0x0000000000048900       0x9e /home/googly/ARMToolchains/gcc-arm-none-eabi-5_3-151225/bin/../lib/gcc/arm-none-eabi/5.3.1/../../../../arm-none-eabi/lib/armv6-m/libg_nano.a(lib_a-impure.o)
                                        0x528 (size before relaxing)
 .debug_str     0x000000000004899e       0xd7 /home/googly/ARMToolchains/gcc-arm-none-eabi-5_3-151225/bin/../lib/gcc/arm-none-eabi/5.3.1/../../../../arm-none-eabi/lib/armv6-m/libg_nano.a(lib_a-vsnprintf.o)
                                        0x58f (size before relaxing)
 .debug_str     0x0000000000048a75      0x1f6 /home/googly/ARMToolchains/gcc-arm-none-eabi-5_3-151225/bin/../lib/gcc/arm-none-eabi/5.3.1/../../../../arm-none-eabi/lib/armv6-m/libg_nano.a(lib_a-nano-svfprintf.o)
                                        0x6b5 (size before relaxing)
 .debug_str     0x0000000000048c6b       0xb4 /home/googly/ARMToolchains/gcc-arm-none-eabi-5_3-151225/bin/../lib/gcc/arm-none-eabi/5.3.1/../../../../arm-none-eabi/lib/armv6-m/libg_nano.a(lib_a-nano-vfprintf_i.o)
                                        0x654 (size before relaxing)
 .debug_str     0x0000000000048d1f       0x6e /home/googly/ARMToolchains/gcc-arm-none-eabi-5_3-151225/bin/../lib/gcc/arm-none-eabi/5.3.1/../../../../arm-none-eabi/lib/armv6-m/libg_nano.a(lib_a-memchr-stub.o)
                                        0x199 (size before relaxing)
 .debug_str     0x0000000000048d8d       0x72 /home/googly/ARMToolchains/gcc-arm-none-eabi-5_3-151225/bin/../lib/gcc/arm-none-eabi/5.3.1/../../../../arm-none-eabi/lib/armv6-m/libg_nano.a(lib_a-memcpy-stub.o)
                                        0x19d (size before relaxing)
 .debug_str     0x0000000000048dff       0x5e /home/googly/ARMToolchains/gcc-arm-none-eabi-5_3-151225/bin/../lib/gcc/arm-none-eabi/5.3.1/../../../../arm-none-eabi/lib/armv6-m/libg_nano.a(lib_a-memmove.o)
                                        0x19a (size before relaxing)
 .debug_str     0x0000000000048e5d      0x11e /home/googly/ARMToolchains/gcc-arm-none-eabi-5_3-151225/bin/../lib/gcc/arm-none-eabi/5.3.1/../../../../arm-none-eabi/lib/armv6-m/libg_nano.a(lib_a-nano-freer.o)
                                        0x5a8 (size before relaxing)
 .debug_str     0x0000000000048f7b       0x46 /home/googly/ARMToolchains/gcc-arm-none-eabi-5_3-151225/bin/../lib/gcc/arm-none-eabi/5.3.1/../../../../arm-none-eabi/lib/armv6-m/libg_nano.a(lib_a-nano-mallocr.o)
                                        0x5d3 (size before relaxing)
 .debug_str     0x0000000000048fc1       0x23 /home/googly/ARMToolchains/gcc-arm-none-eabi-5_3-151225/bin/../lib/gcc/arm-none-eabi/5.3.1/../../../../arm-none-eabi/lib/armv6-m/libg_nano.a(lib_a-nano-reallocr.o)
                                        0x5b0 (size before relaxing)
 .debug_str     0x0000000000048fe4       0x52 /home/googly/ARMToolchains/gcc-arm-none-eabi-5_3-151225/bin/../lib/gcc/arm-none-eabi/5.3.1/../../../../arm-none-eabi/lib/armv6-m/libg_nano.a(lib_a-sbrkr.o)
                                        0x4e0 (size before relaxing)
 .debug_str     0x0000000000049036        0xf /home/googly/ARMToolchains/gcc-arm-none-eabi-5_3-151225/bin/../lib/gcc/arm-none-eabi/5.3.1/../../../../arm-none-eabi/lib/armv6-m/libg_nano.a(lib_a-nano-msizer.o)
                                        0x58e (size before relaxing)

.debug_loc      0x0000000000000000     0x56a5
 *(.debug_loc)
 .debug_loc     0x0000000000000000      0x51a ./system/src/stm32f0-stdperiph/stm32f0xx_gpio.o
 .debug_loc     0x000000000000051a       0xdf ./system/src/stm32f0-stdperiph/stm32f0xx_misc.o
 .debug_loc     0x00000000000005f9      0xbc5 ./system/src/stm32f0-stdperiph/stm32f0xx_rcc.o
 .debug_loc     0x00000000000011be     0x281e ./system/src/stm32f0-stdperiph/stm32f0xx_tim.o
 .debug_loc     0x00000000000039dc       0x7b ./system/src/newlib/_sbrk.o
 .debug_loc     0x0000000000003a57      0x265 ./system/src/newlib/_startup.o
 .debug_loc     0x0000000000003cbc       0x63 ./system/src/newlib/_syscalls.o
 .debug_loc     0x0000000000003d1f       0xef ./system/src/newlib/assert.o
 .debug_loc     0x0000000000003e0e      0x102 ./system/src/diag/Trace.o
 .debug_loc     0x0000000000003f10      0x17c ./system/src/diag/trace_impl.o
 .debug_loc     0x000000000000408c       0x94 ./system/src/cortexm/exception_handlers.o
 .debug_loc     0x0000000000004120       0xe8 ./system/src/cmsis/system_stm32f0xx.o
 .debug_loc     0x0000000000004208       0x42 ./src/main.o
 .debug_loc     0x000000000000424a      0x17d /home/googly/ARMToolchains/gcc-arm-none-eabi-5_3-151225/bin/../lib/gcc/arm-none-eabi/5.3.1/../../../../arm-none-eabi/lib/armv6-m/libg_nano.a(lib_a-vsnprintf.o)
 .debug_loc     0x00000000000043c7      0x544 /home/googly/ARMToolchains/gcc-arm-none-eabi-5_3-151225/bin/../lib/gcc/arm-none-eabi/5.3.1/../../../../arm-none-eabi/lib/armv6-m/libg_nano.a(lib_a-nano-svfprintf.o)
 .debug_loc     0x000000000000490b      0x58b /home/googly/ARMToolchains/gcc-arm-none-eabi-5_3-151225/bin/../lib/gcc/arm-none-eabi/5.3.1/../../../../arm-none-eabi/lib/armv6-m/libg_nano.a(lib_a-nano-vfprintf_i.o)
 .debug_loc     0x0000000000004e96       0xa7 /home/googly/ARMToolchains/gcc-arm-none-eabi-5_3-151225/bin/../lib/gcc/arm-none-eabi/5.3.1/../../../../arm-none-eabi/lib/armv6-m/libg_nano.a(lib_a-memchr-stub.o)
 .debug_loc     0x0000000000004f3d       0xcf /home/googly/ARMToolchains/gcc-arm-none-eabi-5_3-151225/bin/../lib/gcc/arm-none-eabi/5.3.1/../../../../arm-none-eabi/lib/armv6-m/libg_nano.a(lib_a-memcpy-stub.o)
 .debug_loc     0x000000000000500c      0x13c /home/googly/ARMToolchains/gcc-arm-none-eabi-5_3-151225/bin/../lib/gcc/arm-none-eabi/5.3.1/../../../../arm-none-eabi/lib/armv6-m/libg_nano.a(lib_a-memmove.o)
 .debug_loc     0x0000000000005148      0x11e /home/googly/ARMToolchains/gcc-arm-none-eabi-5_3-151225/bin/../lib/gcc/arm-none-eabi/5.3.1/../../../../arm-none-eabi/lib/armv6-m/libg_nano.a(lib_a-nano-freer.o)
 .debug_loc     0x0000000000005266      0x214 /home/googly/ARMToolchains/gcc-arm-none-eabi-5_3-151225/bin/../lib/gcc/arm-none-eabi/5.3.1/../../../../arm-none-eabi/lib/armv6-m/libg_nano.a(lib_a-nano-mallocr.o)
 .debug_loc     0x000000000000547a      0x142 /home/googly/ARMToolchains/gcc-arm-none-eabi-5_3-151225/bin/../lib/gcc/arm-none-eabi/5.3.1/../../../../arm-none-eabi/lib/armv6-m/libg_nano.a(lib_a-nano-reallocr.o)
 .debug_loc     0x00000000000055bc       0x4d /home/googly/ARMToolchains/gcc-arm-none-eabi-5_3-151225/bin/../lib/gcc/arm-none-eabi/5.3.1/../../../../arm-none-eabi/lib/armv6-m/libg_nano.a(lib_a-sbrkr.o)
 .debug_loc     0x0000000000005609       0x9c /home/googly/ARMToolchains/gcc-arm-none-eabi-5_3-151225/bin/../lib/gcc/arm-none-eabi/5.3.1/../../../../arm-none-eabi/lib/armv6-m/libg_nano.a(lib_a-nano-msizer.o)

.debug_macinfo
 *(.debug_macinfo)

.debug_weaknames
 *(.debug_weaknames)

.debug_funcnames
 *(.debug_funcnames)

.debug_typenames
 *(.debug_typenames)

.debug_varnames
 *(.debug_varnames)
OUTPUT(blink_by_it.elf elf32-littlearm)

.debug_ranges   0x0000000000000000      0x820
 .debug_ranges  0x0000000000000000       0x70 ./system/src/stm32f0-stdperiph/stm32f0xx_gpio.o
 .debug_ranges  0x0000000000000070       0x20 ./system/src/stm32f0-stdperiph/stm32f0xx_misc.o
 .debug_ranges  0x0000000000000090      0x150 ./system/src/stm32f0-stdperiph/stm32f0xx_rcc.o
 .debug_ranges  0x00000000000001e0      0x2f0 ./system/src/stm32f0-stdperiph/stm32f0xx_tim.o
 .debug_ranges  0x00000000000004d0       0x18 ./system/src/newlib/_exit.o
 .debug_ranges  0x00000000000004e8       0x10 ./system/src/newlib/_sbrk.o
 .debug_ranges  0x00000000000004f8       0x48 ./system/src/newlib/_startup.o
 .debug_ranges  0x0000000000000540       0x20 ./system/src/newlib/_syscalls.o
 .debug_ranges  0x0000000000000560       0x18 ./system/src/newlib/assert.o
 .debug_ranges  0x0000000000000578       0x28 ./system/src/diag/Trace.o
 .debug_ranges  0x00000000000005a0       0x38 ./system/src/diag/trace_impl.o
 .debug_ranges  0x00000000000005d8       0x18 ./system/src/cortexm/_initialize_hardware.o
 .debug_ranges  0x00000000000005f0       0x48 ./system/src/cortexm/exception_handlers.o
 .debug_ranges  0x0000000000000638       0x20 ./system/src/cmsis/system_stm32f0xx.o
 .debug_ranges  0x0000000000000658       0x10 ./system/src/cmsis/vectors_stm32f0xx.o
 .debug_ranges  0x0000000000000668       0x10 ./src/BlinkLed.o
 .debug_ranges  0x0000000000000678       0x10 ./src/Timer.o
 .debug_ranges  0x0000000000000688       0x18 ./src/main.o
 .debug_ranges  0x00000000000006a0       0x10 /home/googly/ARMToolchains/gcc-arm-none-eabi-5_3-151225/bin/../lib/gcc/arm-none-eabi/5.3.1/../../../../arm-none-eabi/lib/armv6-m/libg_nano.a(lib_a-errno.o)
 .debug_ranges  0x00000000000006b0       0x18 /home/googly/ARMToolchains/gcc-arm-none-eabi-5_3-151225/bin/../lib/gcc/arm-none-eabi/5.3.1/../../../../arm-none-eabi/lib/armv6-m/libg_nano.a(lib_a-vsnprintf.o)
 .debug_ranges  0x00000000000006c8       0x60 /home/googly/ARMToolchains/gcc-arm-none-eabi-5_3-151225/bin/../lib/gcc/arm-none-eabi/5.3.1/../../../../arm-none-eabi/lib/armv6-m/libg_nano.a(lib_a-nano-svfprintf.o)
 .debug_ranges  0x0000000000000728       0x60 /home/googly/ARMToolchains/gcc-arm-none-eabi-5_3-151225/bin/../lib/gcc/arm-none-eabi/5.3.1/../../../../arm-none-eabi/lib/armv6-m/libg_nano.a(lib_a-nano-vfprintf_i.o)
 .debug_ranges  0x0000000000000788       0x10 /home/googly/ARMToolchains/gcc-arm-none-eabi-5_3-151225/bin/../lib/gcc/arm-none-eabi/5.3.1/../../../../arm-none-eabi/lib/armv6-m/libg_nano.a(lib_a-memchr-stub.o)
 .debug_ranges  0x0000000000000798       0x10 /home/googly/ARMToolchains/gcc-arm-none-eabi-5_3-151225/bin/../lib/gcc/arm-none-eabi/5.3.1/../../../../arm-none-eabi/lib/armv6-m/libg_nano.a(lib_a-memcpy-stub.o)
 .debug_ranges  0x00000000000007a8       0x10 /home/googly/ARMToolchains/gcc-arm-none-eabi-5_3-151225/bin/../lib/gcc/arm-none-eabi/5.3.1/../../../../arm-none-eabi/lib/armv6-m/libg_nano.a(lib_a-memmove.o)
 .debug_ranges  0x00000000000007b8       0x10 /home/googly/ARMToolchains/gcc-arm-none-eabi-5_3-151225/bin/../lib/gcc/arm-none-eabi/5.3.1/../../../../arm-none-eabi/lib/armv6-m/libg_nano.a(lib_a-nano-freer.o)
 .debug_ranges  0x00000000000007c8       0x28 /home/googly/ARMToolchains/gcc-arm-none-eabi-5_3-151225/bin/../lib/gcc/arm-none-eabi/5.3.1/../../../../arm-none-eabi/lib/armv6-m/libg_nano.a(lib_a-nano-mallocr.o)
 .debug_ranges  0x00000000000007f0       0x10 /home/googly/ARMToolchains/gcc-arm-none-eabi-5_3-151225/bin/../lib/gcc/arm-none-eabi/5.3.1/../../../../arm-none-eabi/lib/armv6-m/libg_nano.a(lib_a-nano-reallocr.o)
 .debug_ranges  0x0000000000000800       0x10 /home/googly/ARMToolchains/gcc-arm-none-eabi-5_3-151225/bin/../lib/gcc/arm-none-eabi/5.3.1/../../../../arm-none-eabi/lib/armv6-m/libg_nano.a(lib_a-sbrkr.o)
 .debug_ranges  0x0000000000000810       0x10 /home/googly/ARMToolchains/gcc-arm-none-eabi-5_3-151225/bin/../lib/gcc/arm-none-eabi/5.3.1/../../../../arm-none-eabi/lib/armv6-m/libg_nano.a(lib_a-nano-msizer.o)

.debug_macro    0x0000000000000000     0xf077
 .debug_macro   0x0000000000000000      0x165 ./system/src/stm32f0-stdperiph/stm32f0xx_gpio.o
 .debug_macro   0x0000000000000165      0x83e ./system/src/stm32f0-stdperiph/stm32f0xx_gpio.o
 .debug_macro   0x00000000000009a3       0x7a ./system/src/stm32f0-stdperiph/stm32f0xx_gpio.o
 .debug_macro   0x0000000000000a1d      0x34e ./system/src/stm32f0-stdperiph/stm32f0xx_gpio.o
 .debug_macro   0x0000000000000d6b       0x35 ./system/src/stm32f0-stdperiph/stm32f0xx_gpio.o
 .debug_macro   0x0000000000000da0       0x26 ./system/src/stm32f0-stdperiph/stm32f0xx_gpio.o
 .debug_macro   0x0000000000000dc6      0x30d ./system/src/stm32f0-stdperiph/stm32f0xx_gpio.o
 .debug_macro   0x00000000000010d3     0x5b9e ./system/src/stm32f0-stdperiph/stm32f0xx_gpio.o
 .debug_macro   0x0000000000006c71      0x2ec ./system/src/stm32f0-stdperiph/stm32f0xx_gpio.o
 .debug_macro   0x0000000000006f5d      0x3cf ./system/src/stm32f0-stdperiph/stm32f0xx_gpio.o
 .debug_macro   0x000000000000732c      0x191 ./system/src/stm32f0-stdperiph/stm32f0xx_gpio.o
 .debug_macro   0x00000000000074bd       0x46 ./system/src/stm32f0-stdperiph/stm32f0xx_gpio.o
 .debug_macro   0x0000000000007503       0xd9 ./system/src/stm32f0-stdperiph/stm32f0xx_gpio.o
 .debug_macro   0x00000000000075dc       0xef ./system/src/stm32f0-stdperiph/stm32f0xx_gpio.o
 .debug_macro   0x00000000000076cb      0x184 ./system/src/stm32f0-stdperiph/stm32f0xx_gpio.o
 .debug_macro   0x000000000000784f       0x7c ./system/src/stm32f0-stdperiph/stm32f0xx_gpio.o
 .debug_macro   0x00000000000078cb      0x295 ./system/src/stm32f0-stdperiph/stm32f0xx_gpio.o
 .debug_macro   0x0000000000007b60       0xd7 ./system/src/stm32f0-stdperiph/stm32f0xx_gpio.o
 .debug_macro   0x0000000000007c37      0x23d ./system/src/stm32f0-stdperiph/stm32f0xx_gpio.o
 .debug_macro   0x0000000000007e74      0x184 ./system/src/stm32f0-stdperiph/stm32f0xx_gpio.o
 .debug_macro   0x0000000000007ff8      0x2a0 ./system/src/stm32f0-stdperiph/stm32f0xx_gpio.o
 .debug_macro   0x0000000000008298       0x70 ./system/src/stm32f0-stdperiph/stm32f0xx_gpio.o
 .debug_macro   0x0000000000008308       0xdf ./system/src/stm32f0-stdperiph/stm32f0xx_gpio.o
 .debug_macro   0x00000000000083e7      0x4e3 ./system/src/stm32f0-stdperiph/stm32f0xx_gpio.o
 .debug_macro   0x00000000000088ca      0x4c5 ./system/src/stm32f0-stdperiph/stm32f0xx_gpio.o
 .debug_macro   0x0000000000008d8f      0x397 ./system/src/stm32f0-stdperiph/stm32f0xx_gpio.o
 .debug_macro   0x0000000000009126      0x750 ./system/src/stm32f0-stdperiph/stm32f0xx_gpio.o
 .debug_macro   0x0000000000009876      0x353 ./system/src/stm32f0-stdperiph/stm32f0xx_gpio.o
 .debug_macro   0x0000000000009bc9       0x34 ./system/src/stm32f0-stdperiph/stm32f0xx_gpio.o
 .debug_macro   0x0000000000009bfd       0x3a ./system/src/stm32f0-stdperiph/stm32f0xx_gpio.o
 .debug_macro   0x0000000000009c37      0x17f ./system/src/stm32f0-stdperiph/stm32f0xx_gpio.o
 .debug_macro   0x0000000000009db6      0x165 ./system/src/stm32f0-stdperiph/stm32f0xx_misc.o
 .debug_macro   0x0000000000009f1b      0x185 ./system/src/stm32f0-stdperiph/stm32f0xx_misc.o
 .debug_macro   0x000000000000a0a0       0x34 ./system/src/stm32f0-stdperiph/stm32f0xx_misc.o
 .debug_macro   0x000000000000a0d4      0x183 ./system/src/stm32f0-stdperiph/stm32f0xx_rcc.o
 .debug_macro   0x000000000000a257      0x4dd ./system/src/stm32f0-stdperiph/stm32f0xx_rcc.o
 .debug_macro   0x000000000000a734      0x181 ./system/src/stm32f0-stdperiph/stm32f0xx_tim.o
 .debug_macro   0x000000000000a8b5      0x74a ./system/src/stm32f0-stdperiph/stm32f0xx_tim.o
 .debug_macro   0x000000000000afff      0x182 ./system/src/newlib/_exit.o
 .debug_macro   0x000000000000b181      0x83e ./system/src/newlib/_exit.o
 .debug_macro   0x000000000000b9bf       0x9c ./system/src/newlib/_exit.o
 .debug_macro   0x000000000000ba5b      0x10e ./system/src/newlib/_exit.o
 .debug_macro   0x000000000000bb69       0x8d ./system/src/newlib/_exit.o
 .debug_macro   0x000000000000bbf6       0x43 ./system/src/newlib/_exit.o
 .debug_macro   0x000000000000bc39      0x30d ./system/src/newlib/_exit.o
 .debug_macro   0x000000000000bf46       0x35 ./system/src/newlib/_exit.o
 .debug_macro   0x000000000000bf7b      0x137 ./system/src/newlib/_sbrk.o
 .debug_macro   0x000000000000c0b2      0x174 ./system/src/newlib/_sbrk.o
 .debug_macro   0x000000000000c226       0x10 ./system/src/newlib/_sbrk.o
 .debug_macro   0x000000000000c236      0x23b ./system/src/newlib/_sbrk.o
 .debug_macro   0x000000000000c471      0x141 ./system/src/newlib/_startup.o
 .debug_macro   0x000000000000c5b2      0x1d6 ./system/src/newlib/_syscalls.o
 .debug_macro   0x000000000000c788       0x1c ./system/src/newlib/_syscalls.o
 .debug_macro   0x000000000000c7a4       0x10 ./system/src/newlib/_syscalls.o
 .debug_macro   0x000000000000c7b4       0x10 ./system/src/newlib/_syscalls.o
 .debug_macro   0x000000000000c7c4       0x10 ./system/src/newlib/_syscalls.o
 .debug_macro   0x000000000000c7d4       0x35 ./system/src/newlib/_syscalls.o
 .debug_macro   0x000000000000c809      0x122 ./system/src/newlib/_syscalls.o
 .debug_macro   0x000000000000c92b       0x88 ./system/src/newlib/_syscalls.o
 .debug_macro   0x000000000000c9b3       0x2b ./system/src/newlib/_syscalls.o
 .debug_macro   0x000000000000c9de      0x118 ./system/src/newlib/_syscalls.o
 .debug_macro   0x000000000000caf6      0x159 ./system/src/newlib/_syscalls.o
 .debug_macro   0x000000000000cc4f       0x16 ./system/src/newlib/_syscalls.o
 .debug_macro   0x000000000000cc65      0x19e ./system/src/newlib/assert.o
 .debug_macro   0x000000000000ce03       0x1c ./system/src/newlib/assert.o
 .debug_macro   0x000000000000ce1f      0x1af ./system/src/diag/Trace.o
 .debug_macro   0x000000000000cfce       0x16 ./system/src/diag/Trace.o
 .debug_macro   0x000000000000cfe4       0x97 ./system/src/diag/Trace.o
 .debug_macro   0x000000000000d07b       0xfd ./system/src/diag/Trace.o
 .debug_macro   0x000000000000d178       0x10 ./system/src/diag/Trace.o
 .debug_macro   0x000000000000d188       0x16 ./system/src/diag/Trace.o
 .debug_macro   0x000000000000d19e      0x182 ./system/src/diag/Trace.o
 .debug_macro   0x000000000000d320       0x52 ./system/src/diag/Trace.o
 .debug_macro   0x000000000000d372       0x16 ./system/src/diag/Trace.o
 .debug_macro   0x000000000000d388      0x258 ./system/src/diag/trace_impl.o
 .debug_macro   0x000000000000d5e0       0x46 ./system/src/diag/trace_impl.o
 .debug_macro   0x000000000000d626       0x22 ./system/src/diag/trace_impl.o
 .debug_macro   0x000000000000d648       0x3c ./system/src/diag/trace_impl.o
 .debug_macro   0x000000000000d684       0x10 ./system/src/diag/trace_impl.o
 .debug_macro   0x000000000000d694       0xcf ./system/src/diag/trace_impl.o
 .debug_macro   0x000000000000d763      0x329 ./system/src/diag/trace_impl.o
 .debug_macro   0x000000000000da8c       0x19 ./system/src/diag/trace_impl.o
 .debug_macro   0x000000000000daa5       0xbe ./system/src/diag/trace_impl.o
 .debug_macro   0x000000000000db63       0x78 ./system/src/diag/trace_impl.o
 .debug_macro   0x000000000000dbdb      0x4f7 ./system/src/diag/trace_impl.o
 .debug_macro   0x000000000000e0d2       0x22 ./system/src/diag/trace_impl.o
 .debug_macro   0x000000000000e0f4      0x165 ./system/src/cortexm/_initialize_hardware.o
 .debug_macro   0x000000000000e259      0x29d ./system/src/cortexm/exception_handlers.o
 .debug_macro   0x000000000000e4f6       0x3b ./system/src/cortexm/exception_handlers.o
 .debug_macro   0x000000000000e531       0x7d ./system/src/cortexm/exception_handlers.o
 .debug_macro   0x000000000000e5ae      0x12a ./system/src/cortexm/exception_handlers.o
 .debug_macro   0x000000000000e6d8       0x10 ./system/src/cortexm/exception_handlers.o
 .debug_macro   0x000000000000e6e8      0x15b ./system/src/cmsis/system_stm32f0xx.o
 .debug_macro   0x000000000000e843       0x34 ./system/src/cmsis/vectors_stm32f0xx.o
 .debug_macro   0x000000000000e877      0x16a ./src/BlinkLed.o
 .debug_macro   0x000000000000e9e1       0x28 ./src/BlinkLed.o
 .debug_macro   0x000000000000ea09      0x17e ./src/Timer.o
 .debug_macro   0x000000000000eb87       0x10 ./src/Timer.o
 .debug_macro   0x000000000000eb97      0x30c ./src/main.o
 .debug_macro   0x000000000000eea3       0x10 ./src/main.o
 .debug_macro   0x000000000000eeb3      0x16d ./src/main.o
 .debug_macro   0x000000000000f020       0x29 ./src/main.o
 .debug_macro   0x000000000000f049       0x2e ./src/main.o
