Archive member included to satisfy reference by file (symbol)

/home/googly/ARMToolchains/gcc-arm-none-eabi-5_3-151225/bin/../lib/gcc/arm-none-eabi/5.3.1/armv6-m/libgcc.a(_thumb1_case_uqi.o)
                              ./system/src/stm32f0-stdperiph/stm32f0xx_rcc.o (__gnu_thumb1_case_uqi)
/home/googly/ARMToolchains/gcc-arm-none-eabi-5_3-151225/bin/../lib/gcc/arm-none-eabi/5.3.1/armv6-m/libgcc.a(_udivsi3.o)
                              ./system/src/stm32f0-stdperiph/stm32f0xx_rcc.o (__aeabi_uidiv)
/home/googly/ARMToolchains/gcc-arm-none-eabi-5_3-151225/bin/../lib/gcc/arm-none-eabi/5.3.1/armv6-m/libgcc.a(_dvmd_tls.o)
                              /home/googly/ARMToolchains/gcc-arm-none-eabi-5_3-151225/bin/../lib/gcc/arm-none-eabi/5.3.1/armv6-m/libgcc.a(_udivsi3.o) (__aeabi_idiv0)
/home/googly/ARMToolchains/gcc-arm-none-eabi-5_3-151225/bin/../lib/gcc/arm-none-eabi/5.3.1/../../../../arm-none-eabi/lib/armv6-m/libg_nano.a(lib_a-errno.o)
                              ./system/src/newlib/_sbrk.o (__errno)
/home/googly/ARMToolchains/gcc-arm-none-eabi-5_3-151225/bin/../lib/gcc/arm-none-eabi/5.3.1/../../../../arm-none-eabi/lib/armv6-m/libg_nano.a(lib_a-impure.o)
                              /home/googly/ARMToolchains/gcc-arm-none-eabi-5_3-151225/bin/../lib/gcc/arm-none-eabi/5.3.1/../../../../arm-none-eabi/lib/armv6-m/libg_nano.a(lib_a-errno.o) (_impure_ptr)

Allocating common symbols
Common symbol       size              file

timer_delayCount    0x4               ./src/Timer.o
errno               0x4               ./system/src/newlib/_syscalls.o

Discarded input sections

 .text          0x0000000000000000        0x0 ./system/src/stm32f0-stdperiph/stm32f0xx_gpio.o
 .data          0x0000000000000000        0x0 ./system/src/stm32f0-stdperiph/stm32f0xx_gpio.o
 .bss           0x0000000000000000        0x0 ./system/src/stm32f0-stdperiph/stm32f0xx_gpio.o
 .text.GPIO_DeInit
                0x0000000000000000       0xac ./system/src/stm32f0-stdperiph/stm32f0xx_gpio.o
 .text.GPIO_Init
                0x0000000000000000       0x76 ./system/src/stm32f0-stdperiph/stm32f0xx_gpio.o
 .text.GPIO_StructInit
                0x0000000000000000       0x18 ./system/src/stm32f0-stdperiph/stm32f0xx_gpio.o
 .text.GPIO_PinLockConfig
                0x0000000000000000       0x24 ./system/src/stm32f0-stdperiph/stm32f0xx_gpio.o
 .text.GPIO_ReadInputDataBit
                0x0000000000000000        0xe ./system/src/stm32f0-stdperiph/stm32f0xx_gpio.o
 .text.GPIO_ReadInputData
                0x0000000000000000        0x6 ./system/src/stm32f0-stdperiph/stm32f0xx_gpio.o
 .text.GPIO_ReadOutputDataBit
                0x0000000000000000        0xe ./system/src/stm32f0-stdperiph/stm32f0xx_gpio.o
 .text.GPIO_ReadOutputData
                0x0000000000000000        0x6 ./system/src/stm32f0-stdperiph/stm32f0xx_gpio.o
 .text.GPIO_SetBits
                0x0000000000000000        0x4 ./system/src/stm32f0-stdperiph/stm32f0xx_gpio.o
 .text.GPIO_ResetBits
                0x0000000000000000        0x4 ./system/src/stm32f0-stdperiph/stm32f0xx_gpio.o
 .text.GPIO_WriteBit
                0x0000000000000000        0xc ./system/src/stm32f0-stdperiph/stm32f0xx_gpio.o
 .text.GPIO_Write
                0x0000000000000000        0x4 ./system/src/stm32f0-stdperiph/stm32f0xx_gpio.o
 .text.GPIO_PinAFConfig
                0x0000000000000000       0x22 ./system/src/stm32f0-stdperiph/stm32f0xx_gpio.o
 .debug_info    0x0000000000000000      0x686 ./system/src/stm32f0-stdperiph/stm32f0xx_gpio.o
 .debug_abbrev  0x0000000000000000      0x1d1 ./system/src/stm32f0-stdperiph/stm32f0xx_gpio.o
 .debug_loc     0x0000000000000000      0x35e ./system/src/stm32f0-stdperiph/stm32f0xx_gpio.o
 .debug_aranges
                0x0000000000000000       0x80 ./system/src/stm32f0-stdperiph/stm32f0xx_gpio.o
 .debug_ranges  0x0000000000000000       0x70 ./system/src/stm32f0-stdperiph/stm32f0xx_gpio.o
 .debug_line    0x0000000000000000      0x272 ./system/src/stm32f0-stdperiph/stm32f0xx_gpio.o
 .debug_str     0x0000000000000000      0x4ac ./system/src/stm32f0-stdperiph/stm32f0xx_gpio.o
 .comment       0x0000000000000000       0x5e ./system/src/stm32f0-stdperiph/stm32f0xx_gpio.o
 .debug_frame   0x0000000000000000      0x108 ./system/src/stm32f0-stdperiph/stm32f0xx_gpio.o
 .ARM.attributes
                0x0000000000000000       0x31 ./system/src/stm32f0-stdperiph/stm32f0xx_gpio.o
 .text          0x0000000000000000        0x0 ./system/src/stm32f0-stdperiph/stm32f0xx_rcc.o
 .data          0x0000000000000000        0x0 ./system/src/stm32f0-stdperiph/stm32f0xx_rcc.o
 .bss           0x0000000000000000        0x0 ./system/src/stm32f0-stdperiph/stm32f0xx_rcc.o
 .text.RCC_DeInit
                0x0000000000000000       0x60 ./system/src/stm32f0-stdperiph/stm32f0xx_rcc.o
 .text.RCC_HSEConfig
                0x0000000000000000       0x10 ./system/src/stm32f0-stdperiph/stm32f0xx_rcc.o
 .text.RCC_AdjustHSICalibrationValue
                0x0000000000000000       0x14 ./system/src/stm32f0-stdperiph/stm32f0xx_rcc.o
 .text.RCC_HSICmd
                0x0000000000000000       0x18 ./system/src/stm32f0-stdperiph/stm32f0xx_rcc.o
 .text.RCC_AdjustHSI14CalibrationValue
                0x0000000000000000       0x14 ./system/src/stm32f0-stdperiph/stm32f0xx_rcc.o
 .text.RCC_HSI14Cmd
                0x0000000000000000       0x18 ./system/src/stm32f0-stdperiph/stm32f0xx_rcc.o
 .text.RCC_HSI14ADCRequestCmd
                0x0000000000000000       0x18 ./system/src/stm32f0-stdperiph/stm32f0xx_rcc.o
 .text.RCC_LSEConfig
                0x0000000000000000       0x20 ./system/src/stm32f0-stdperiph/stm32f0xx_rcc.o
 .text.RCC_LSEDriveConfig
                0x0000000000000000       0x18 ./system/src/stm32f0-stdperiph/stm32f0xx_rcc.o
 .text.RCC_LSICmd
                0x0000000000000000       0x18 ./system/src/stm32f0-stdperiph/stm32f0xx_rcc.o
 .text.RCC_PLLConfig
                0x0000000000000000       0x20 ./system/src/stm32f0-stdperiph/stm32f0xx_rcc.o
 .text.RCC_PLLCmd
                0x0000000000000000       0x24 ./system/src/stm32f0-stdperiph/stm32f0xx_rcc.o
 .text.RCC_HSI48Cmd
                0x0000000000000000       0x24 ./system/src/stm32f0-stdperiph/stm32f0xx_rcc.o
 .text.RCC_PREDIV1Config
                0x0000000000000000       0x14 ./system/src/stm32f0-stdperiph/stm32f0xx_rcc.o
 .text.RCC_ClockSecuritySystemCmd
                0x0000000000000000       0x24 ./system/src/stm32f0-stdperiph/stm32f0xx_rcc.o
 .text.RCC_MCOConfig
                0x0000000000000000        0xc ./system/src/stm32f0-stdperiph/stm32f0xx_rcc.o
 .text.RCC_SYSCLKConfig
                0x0000000000000000       0x14 ./system/src/stm32f0-stdperiph/stm32f0xx_rcc.o
 .text.RCC_GetSYSCLKSource
                0x0000000000000000       0x10 ./system/src/stm32f0-stdperiph/stm32f0xx_rcc.o
 .text.RCC_HCLKConfig
                0x0000000000000000       0x14 ./system/src/stm32f0-stdperiph/stm32f0xx_rcc.o
 .text.RCC_PCLKConfig
                0x0000000000000000       0x18 ./system/src/stm32f0-stdperiph/stm32f0xx_rcc.o
 .text.RCC_ADCCLKConfig
                0x0000000000000000       0x30 ./system/src/stm32f0-stdperiph/stm32f0xx_rcc.o
 .text.RCC_CECCLKConfig
                0x0000000000000000       0x18 ./system/src/stm32f0-stdperiph/stm32f0xx_rcc.o
 .text.RCC_I2CCLKConfig
                0x0000000000000000       0x18 ./system/src/stm32f0-stdperiph/stm32f0xx_rcc.o
 .text.RCC_USARTCLKConfig
                0x0000000000000000       0x28 ./system/src/stm32f0-stdperiph/stm32f0xx_rcc.o
 .text.RCC_USBCLKConfig
                0x0000000000000000       0x18 ./system/src/stm32f0-stdperiph/stm32f0xx_rcc.o
 .text.RCC_GetClocksFreq
                0x0000000000000000      0x148 ./system/src/stm32f0-stdperiph/stm32f0xx_rcc.o
 .text.RCC_RTCCLKConfig
                0x0000000000000000       0x10 ./system/src/stm32f0-stdperiph/stm32f0xx_rcc.o
 .text.RCC_RTCCLKCmd
                0x0000000000000000       0x24 ./system/src/stm32f0-stdperiph/stm32f0xx_rcc.o
 .text.RCC_BackupResetCmd
                0x0000000000000000       0x24 ./system/src/stm32f0-stdperiph/stm32f0xx_rcc.o
 .text.RCC_AHBPeriphClockCmd
                0x0000000000000000       0x18 ./system/src/stm32f0-stdperiph/stm32f0xx_rcc.o
 .text.RCC_APB2PeriphClockCmd
                0x0000000000000000       0x18 ./system/src/stm32f0-stdperiph/stm32f0xx_rcc.o
 .text.RCC_APB1PeriphClockCmd
                0x0000000000000000       0x18 ./system/src/stm32f0-stdperiph/stm32f0xx_rcc.o
 .text.RCC_AHBPeriphResetCmd
                0x0000000000000000       0x18 ./system/src/stm32f0-stdperiph/stm32f0xx_rcc.o
 .text.RCC_APB2PeriphResetCmd
                0x0000000000000000       0x18 ./system/src/stm32f0-stdperiph/stm32f0xx_rcc.o
 .text.RCC_APB1PeriphResetCmd
                0x0000000000000000       0x18 ./system/src/stm32f0-stdperiph/stm32f0xx_rcc.o
 .text.RCC_ITConfig
                0x0000000000000000       0x18 ./system/src/stm32f0-stdperiph/stm32f0xx_rcc.o
 .text.RCC_GetFlagStatus
                0x0000000000000000       0x2c ./system/src/stm32f0-stdperiph/stm32f0xx_rcc.o
 .text.RCC_WaitForHSEStartUp
                0x0000000000000000       0x2e ./system/src/stm32f0-stdperiph/stm32f0xx_rcc.o
 .text.RCC_ClearFlag
                0x0000000000000000       0x14 ./system/src/stm32f0-stdperiph/stm32f0xx_rcc.o
 .text.RCC_GetITStatus
                0x0000000000000000       0x14 ./system/src/stm32f0-stdperiph/stm32f0xx_rcc.o
 .text.RCC_ClearITPendingBit
                0x0000000000000000        0xc ./system/src/stm32f0-stdperiph/stm32f0xx_rcc.o
 .data.APBAHBPrescTable
                0x0000000000000000       0x10 ./system/src/stm32f0-stdperiph/stm32f0xx_rcc.o
 .debug_info    0x0000000000000000      0xa51 ./system/src/stm32f0-stdperiph/stm32f0xx_rcc.o
 .debug_abbrev  0x0000000000000000      0x232 ./system/src/stm32f0-stdperiph/stm32f0xx_rcc.o
 .debug_loc     0x0000000000000000      0x83d ./system/src/stm32f0-stdperiph/stm32f0xx_rcc.o
 .debug_aranges
                0x0000000000000000      0x160 ./system/src/stm32f0-stdperiph/stm32f0xx_rcc.o
 .debug_ranges  0x0000000000000000      0x150 ./system/src/stm32f0-stdperiph/stm32f0xx_rcc.o
 .debug_line    0x0000000000000000      0x536 ./system/src/stm32f0-stdperiph/stm32f0xx_rcc.o
 .debug_str     0x0000000000000000      0x784 ./system/src/stm32f0-stdperiph/stm32f0xx_rcc.o
 .comment       0x0000000000000000       0x5e ./system/src/stm32f0-stdperiph/stm32f0xx_rcc.o
 .debug_frame   0x0000000000000000      0x2c4 ./system/src/stm32f0-stdperiph/stm32f0xx_rcc.o
 .ARM.attributes
                0x0000000000000000       0x31 ./system/src/stm32f0-stdperiph/stm32f0xx_rcc.o
 .text          0x0000000000000000        0x0 ./system/src/newlib/_cxx.o
 .data          0x0000000000000000        0x0 ./system/src/newlib/_cxx.o
 .bss           0x0000000000000000        0x0 ./system/src/newlib/_cxx.o
 .text._ZN9__gnu_cxx27__verbose_terminate_handlerEv
                0x0000000000000000        0x6 ./system/src/newlib/_cxx.o
 .text.__cxa_pure_virtual
                0x0000000000000000        0x6 ./system/src/newlib/_cxx.o
 .debug_info    0x0000000000000000      0x565 ./system/src/newlib/_cxx.o
 .debug_abbrev  0x0000000000000000      0x1ba ./system/src/newlib/_cxx.o
 .debug_aranges
                0x0000000000000000       0x20 ./system/src/newlib/_cxx.o
 .debug_ranges  0x0000000000000000       0x10 ./system/src/newlib/_cxx.o
 .debug_line    0x0000000000000000      0x226 ./system/src/newlib/_cxx.o
 .debug_str     0x0000000000000000      0x310 ./system/src/newlib/_cxx.o
 .comment       0x0000000000000000       0x5e ./system/src/newlib/_cxx.o
 .debug_frame   0x0000000000000000       0x40 ./system/src/newlib/_cxx.o
 .ARM.attributes
                0x0000000000000000       0x31 ./system/src/newlib/_cxx.o
 .text          0x0000000000000000        0x0 ./system/src/newlib/_exit.o
 .data          0x0000000000000000        0x0 ./system/src/newlib/_exit.o
 .bss           0x0000000000000000        0x0 ./system/src/newlib/_exit.o
 .text.abort    0x0000000000000000        0x8 ./system/src/newlib/_exit.o
 .text          0x0000000000000000        0x0 ./system/src/newlib/_sbrk.o
 .data          0x0000000000000000        0x0 ./system/src/newlib/_sbrk.o
 .bss           0x0000000000000000        0x0 ./system/src/newlib/_sbrk.o
 .text._sbrk    0x0000000000000000       0x40 ./system/src/newlib/_sbrk.o
 .bss.current_heap_end.3921
                0x0000000000000000        0x4 ./system/src/newlib/_sbrk.o
 .debug_info    0x0000000000000000      0x11b ./system/src/newlib/_sbrk.o
 .debug_abbrev  0x0000000000000000       0xb6 ./system/src/newlib/_sbrk.o
 .debug_loc     0x0000000000000000       0x5f ./system/src/newlib/_sbrk.o
 .debug_aranges
                0x0000000000000000       0x20 ./system/src/newlib/_sbrk.o
 .debug_ranges  0x0000000000000000       0x10 ./system/src/newlib/_sbrk.o
 .debug_line    0x0000000000000000       0xcc ./system/src/newlib/_sbrk.o
 .debug_str     0x0000000000000000      0x1d6 ./system/src/newlib/_sbrk.o
 .comment       0x0000000000000000       0x5e ./system/src/newlib/_sbrk.o
 .debug_frame   0x0000000000000000       0x28 ./system/src/newlib/_sbrk.o
 .ARM.attributes
                0x0000000000000000       0x31 ./system/src/newlib/_sbrk.o
 .text          0x0000000000000000        0x0 ./system/src/newlib/_startup.o
 .data          0x0000000000000000        0x0 ./system/src/newlib/_startup.o
 .bss           0x0000000000000000        0x0 ./system/src/newlib/_startup.o
 .text.__initialize_data
                0x0000000000000000        0xc ./system/src/newlib/_startup.o
 .text.__initialize_bss
                0x0000000000000000        0xc ./system/src/newlib/_startup.o
 .text.__run_init_array
                0x0000000000000000       0x48 ./system/src/newlib/_startup.o
 .text.__run_fini_array
                0x0000000000000000       0x24 ./system/src/newlib/_startup.o
 .text          0x0000000000000000        0x0 ./system/src/newlib/_syscalls.o
 .data          0x0000000000000000        0x0 ./system/src/newlib/_syscalls.o
 .bss           0x0000000000000000        0x0 ./system/src/newlib/_syscalls.o
 .text.raise    0x0000000000000000       0x10 ./system/src/newlib/_syscalls.o
 .text.kill     0x0000000000000000       0x10 ./system/src/newlib/_syscalls.o
 .bss.__dso_handle
                0x0000000000000000        0x4 ./system/src/newlib/_syscalls.o
 COMMON         0x0000000000000000        0x4 ./system/src/newlib/_syscalls.o
 .text          0x0000000000000000        0x0 ./system/src/newlib/assert.o
 .data          0x0000000000000000        0x0 ./system/src/newlib/assert.o
 .bss           0x0000000000000000        0x0 ./system/src/newlib/assert.o
 .text.__assert_func
                0x0000000000000000        0x6 ./system/src/newlib/assert.o
 .debug_info    0x0000000000000000      0x10f ./system/src/newlib/assert.o
 .debug_abbrev  0x0000000000000000       0xa9 ./system/src/newlib/assert.o
 .debug_loc     0x0000000000000000       0x84 ./system/src/newlib/assert.o
 .debug_aranges
                0x0000000000000000       0x20 ./system/src/newlib/assert.o
 .debug_ranges  0x0000000000000000       0x10 ./system/src/newlib/assert.o
 .debug_line    0x0000000000000000       0xd6 ./system/src/newlib/assert.o
 .debug_str     0x0000000000000000      0x1bf ./system/src/newlib/assert.o
 .comment       0x0000000000000000       0x5e ./system/src/newlib/assert.o
 .debug_frame   0x0000000000000000       0x28 ./system/src/newlib/assert.o
 .ARM.attributes
                0x0000000000000000       0x31 ./system/src/newlib/assert.o
 .text          0x0000000000000000        0x0 ./system/src/diag/Trace.o
 .data          0x0000000000000000        0x0 ./system/src/diag/Trace.o
 .bss           0x0000000000000000        0x0 ./system/src/diag/Trace.o
 .debug_line    0x0000000000000000        0x0 ./system/src/diag/Trace.o
 .debug_str     0x0000000000000000       0xdc ./system/src/diag/Trace.o
 .comment       0x0000000000000000       0x5e ./system/src/diag/Trace.o
 .ARM.attributes
                0x0000000000000000       0x31 ./system/src/diag/Trace.o
 .text          0x0000000000000000        0x0 ./system/src/diag/trace_impl.o
 .data          0x0000000000000000        0x0 ./system/src/diag/trace_impl.o
 .bss           0x0000000000000000        0x0 ./system/src/diag/trace_impl.o
 .debug_line    0x0000000000000000        0x0 ./system/src/diag/trace_impl.o
 .debug_str     0x0000000000000000       0xe1 ./system/src/diag/trace_impl.o
 .comment       0x0000000000000000       0x5e ./system/src/diag/trace_impl.o
 .ARM.attributes
                0x0000000000000000       0x31 ./system/src/diag/trace_impl.o
 .text          0x0000000000000000        0x0 ./system/src/cortexm/_initialize_hardware.o
 .data          0x0000000000000000        0x0 ./system/src/cortexm/_initialize_hardware.o
 .bss           0x0000000000000000        0x0 ./system/src/cortexm/_initialize_hardware.o
 .text          0x0000000000000000        0x0 ./system/src/cortexm/_reset_hardware.o
 .data          0x0000000000000000        0x0 ./system/src/cortexm/_reset_hardware.o
 .bss           0x0000000000000000        0x0 ./system/src/cortexm/_reset_hardware.o
 .text          0x0000000000000000        0x0 ./system/src/cortexm/exception_handlers.o
 .data          0x0000000000000000        0x0 ./system/src/cortexm/exception_handlers.o
 .bss           0x0000000000000000        0x0 ./system/src/cortexm/exception_handlers.o
 .text          0x0000000000000000        0x0 ./system/src/cmsis/system_stm32f0xx.o
 .data          0x0000000000000000        0x0 ./system/src/cmsis/system_stm32f0xx.o
 .bss           0x0000000000000000        0x0 ./system/src/cmsis/system_stm32f0xx.o
 .text          0x0000000000000000        0x0 ./system/src/cmsis/vectors_stm32f0xx.o
 .data          0x0000000000000000        0x0 ./system/src/cmsis/vectors_stm32f0xx.o
 .bss           0x0000000000000000        0x0 ./system/src/cmsis/vectors_stm32f0xx.o
 .text          0x0000000000000000        0x0 ./src/BlinkLed.o
 .data          0x0000000000000000        0x0 ./src/BlinkLed.o
 .bss           0x0000000000000000        0x0 ./src/BlinkLed.o
 .text.blink_led_init
                0x0000000000000000       0x3c ./src/BlinkLed.o
 .debug_info    0x0000000000000000      0x330 ./src/BlinkLed.o
 .debug_abbrev  0x0000000000000000      0x14b ./src/BlinkLed.o
 .debug_aranges
                0x0000000000000000       0x20 ./src/BlinkLed.o
 .debug_ranges  0x0000000000000000       0x10 ./src/BlinkLed.o
 .debug_line    0x0000000000000000      0x150 ./src/BlinkLed.o
 .debug_str     0x0000000000000000      0x37b ./src/BlinkLed.o
 .comment       0x0000000000000000       0x5e ./src/BlinkLed.o
 .debug_frame   0x0000000000000000       0x30 ./src/BlinkLed.o
 .ARM.attributes
                0x0000000000000000       0x31 ./src/BlinkLed.o
 .text          0x0000000000000000        0x0 ./src/SPI.o
 .data          0x0000000000000000        0x0 ./src/SPI.o
 .bss           0x0000000000000000        0x0 ./src/SPI.o
 .text          0x0000000000000000        0x0 ./src/Timer.o
 .data          0x0000000000000000        0x0 ./src/Timer.o
 .bss           0x0000000000000000        0x0 ./src/Timer.o
 .text.timer_start
                0x0000000000000000       0x44 ./src/Timer.o
 .text.timer_sleep
                0x0000000000000000       0x10 ./src/Timer.o
 .text          0x0000000000000000        0x0 ./src/_write.o
 .data          0x0000000000000000        0x0 ./src/_write.o
 .bss           0x0000000000000000        0x0 ./src/_write.o
 .debug_line    0x0000000000000000        0x0 ./src/_write.o
 .debug_str     0x0000000000000000       0xd1 ./src/_write.o
 .comment       0x0000000000000000       0x5e ./src/_write.o
 .ARM.attributes
                0x0000000000000000       0x31 ./src/_write.o
 .text          0x0000000000000000        0x0 ./src/main.o
 .data          0x0000000000000000        0x0 ./src/main.o
 .bss           0x0000000000000000        0x0 ./src/main.o
 .text          0x0000000000000000       0x14 /home/googly/ARMToolchains/gcc-arm-none-eabi-5_3-151225/bin/../lib/gcc/arm-none-eabi/5.3.1/armv6-m/libgcc.a(_thumb1_case_uqi.o)
 .data          0x0000000000000000        0x0 /home/googly/ARMToolchains/gcc-arm-none-eabi-5_3-151225/bin/../lib/gcc/arm-none-eabi/5.3.1/armv6-m/libgcc.a(_thumb1_case_uqi.o)
 .bss           0x0000000000000000        0x0 /home/googly/ARMToolchains/gcc-arm-none-eabi-5_3-151225/bin/../lib/gcc/arm-none-eabi/5.3.1/armv6-m/libgcc.a(_thumb1_case_uqi.o)
 .debug_line    0x0000000000000000       0x84 /home/googly/ARMToolchains/gcc-arm-none-eabi-5_3-151225/bin/../lib/gcc/arm-none-eabi/5.3.1/armv6-m/libgcc.a(_thumb1_case_uqi.o)
 .debug_info    0x0000000000000000       0xcf /home/googly/ARMToolchains/gcc-arm-none-eabi-5_3-151225/bin/../lib/gcc/arm-none-eabi/5.3.1/armv6-m/libgcc.a(_thumb1_case_uqi.o)
 .debug_abbrev  0x0000000000000000       0x14 /home/googly/ARMToolchains/gcc-arm-none-eabi-5_3-151225/bin/../lib/gcc/arm-none-eabi/5.3.1/armv6-m/libgcc.a(_thumb1_case_uqi.o)
 .debug_aranges
                0x0000000000000000       0x20 /home/googly/ARMToolchains/gcc-arm-none-eabi-5_3-151225/bin/../lib/gcc/arm-none-eabi/5.3.1/armv6-m/libgcc.a(_thumb1_case_uqi.o)
 .ARM.attributes
                0x0000000000000000       0x1e /home/googly/ARMToolchains/gcc-arm-none-eabi-5_3-151225/bin/../lib/gcc/arm-none-eabi/5.3.1/armv6-m/libgcc.a(_thumb1_case_uqi.o)
 .data          0x0000000000000000        0x0 /home/googly/ARMToolchains/gcc-arm-none-eabi-5_3-151225/bin/../lib/gcc/arm-none-eabi/5.3.1/armv6-m/libgcc.a(_udivsi3.o)
 .bss           0x0000000000000000        0x0 /home/googly/ARMToolchains/gcc-arm-none-eabi-5_3-151225/bin/../lib/gcc/arm-none-eabi/5.3.1/armv6-m/libgcc.a(_udivsi3.o)
 .data          0x0000000000000000        0x0 /home/googly/ARMToolchains/gcc-arm-none-eabi-5_3-151225/bin/../lib/gcc/arm-none-eabi/5.3.1/armv6-m/libgcc.a(_dvmd_tls.o)
 .bss           0x0000000000000000        0x0 /home/googly/ARMToolchains/gcc-arm-none-eabi-5_3-151225/bin/../lib/gcc/arm-none-eabi/5.3.1/armv6-m/libgcc.a(_dvmd_tls.o)
 .text          0x0000000000000000        0x0 /home/googly/ARMToolchains/gcc-arm-none-eabi-5_3-151225/bin/../lib/gcc/arm-none-eabi/5.3.1/../../../../arm-none-eabi/lib/armv6-m/libg_nano.a(lib_a-errno.o)
 .data          0x0000000000000000        0x0 /home/googly/ARMToolchains/gcc-arm-none-eabi-5_3-151225/bin/../lib/gcc/arm-none-eabi/5.3.1/../../../../arm-none-eabi/lib/armv6-m/libg_nano.a(lib_a-errno.o)
 .bss           0x0000000000000000        0x0 /home/googly/ARMToolchains/gcc-arm-none-eabi-5_3-151225/bin/../lib/gcc/arm-none-eabi/5.3.1/../../../../arm-none-eabi/lib/armv6-m/libg_nano.a(lib_a-errno.o)
 .text.__errno  0x0000000000000000        0xc /home/googly/ARMToolchains/gcc-arm-none-eabi-5_3-151225/bin/../lib/gcc/arm-none-eabi/5.3.1/../../../../arm-none-eabi/lib/armv6-m/libg_nano.a(lib_a-errno.o)
 .debug_info    0x0000000000000000      0x738 /home/googly/ARMToolchains/gcc-arm-none-eabi-5_3-151225/bin/../lib/gcc/arm-none-eabi/5.3.1/../../../../arm-none-eabi/lib/armv6-m/libg_nano.a(lib_a-errno.o)
 .debug_abbrev  0x0000000000000000      0x132 /home/googly/ARMToolchains/gcc-arm-none-eabi-5_3-151225/bin/../lib/gcc/arm-none-eabi/5.3.1/../../../../arm-none-eabi/lib/armv6-m/libg_nano.a(lib_a-errno.o)
 .debug_aranges
                0x0000000000000000       0x20 /home/googly/ARMToolchains/gcc-arm-none-eabi-5_3-151225/bin/../lib/gcc/arm-none-eabi/5.3.1/../../../../arm-none-eabi/lib/armv6-m/libg_nano.a(lib_a-errno.o)
 .debug_ranges  0x0000000000000000       0x10 /home/googly/ARMToolchains/gcc-arm-none-eabi-5_3-151225/bin/../lib/gcc/arm-none-eabi/5.3.1/../../../../arm-none-eabi/lib/armv6-m/libg_nano.a(lib_a-errno.o)
 .debug_line    0x0000000000000000      0x166 /home/googly/ARMToolchains/gcc-arm-none-eabi-5_3-151225/bin/../lib/gcc/arm-none-eabi/5.3.1/../../../../arm-none-eabi/lib/armv6-m/libg_nano.a(lib_a-errno.o)
 .debug_str     0x0000000000000000      0x4d1 /home/googly/ARMToolchains/gcc-arm-none-eabi-5_3-151225/bin/../lib/gcc/arm-none-eabi/5.3.1/../../../../arm-none-eabi/lib/armv6-m/libg_nano.a(lib_a-errno.o)
 .comment       0x0000000000000000       0x5e /home/googly/ARMToolchains/gcc-arm-none-eabi-5_3-151225/bin/../lib/gcc/arm-none-eabi/5.3.1/../../../../arm-none-eabi/lib/armv6-m/libg_nano.a(lib_a-errno.o)
 .debug_frame   0x0000000000000000       0x20 /home/googly/ARMToolchains/gcc-arm-none-eabi-5_3-151225/bin/../lib/gcc/arm-none-eabi/5.3.1/../../../../arm-none-eabi/lib/armv6-m/libg_nano.a(lib_a-errno.o)
 .ARM.attributes
                0x0000000000000000       0x2c /home/googly/ARMToolchains/gcc-arm-none-eabi-5_3-151225/bin/../lib/gcc/arm-none-eabi/5.3.1/../../../../arm-none-eabi/lib/armv6-m/libg_nano.a(lib_a-errno.o)
 .text          0x0000000000000000        0x0 /home/googly/ARMToolchains/gcc-arm-none-eabi-5_3-151225/bin/../lib/gcc/arm-none-eabi/5.3.1/../../../../arm-none-eabi/lib/armv6-m/libg_nano.a(lib_a-impure.o)
 .data          0x0000000000000000        0x0 /home/googly/ARMToolchains/gcc-arm-none-eabi-5_3-151225/bin/../lib/gcc/arm-none-eabi/5.3.1/../../../../arm-none-eabi/lib/armv6-m/libg_nano.a(lib_a-impure.o)
 .bss           0x0000000000000000        0x0 /home/googly/ARMToolchains/gcc-arm-none-eabi-5_3-151225/bin/../lib/gcc/arm-none-eabi/5.3.1/../../../../arm-none-eabi/lib/armv6-m/libg_nano.a(lib_a-impure.o)
 .data.impure_data
                0x0000000000000000       0x60 /home/googly/ARMToolchains/gcc-arm-none-eabi-5_3-151225/bin/../lib/gcc/arm-none-eabi/5.3.1/../../../../arm-none-eabi/lib/armv6-m/libg_nano.a(lib_a-impure.o)
 .data._impure_ptr
                0x0000000000000000        0x4 /home/googly/ARMToolchains/gcc-arm-none-eabi-5_3-151225/bin/../lib/gcc/arm-none-eabi/5.3.1/../../../../arm-none-eabi/lib/armv6-m/libg_nano.a(lib_a-impure.o)
 .rodata.str1.1
                0x0000000000000000        0x2 /home/googly/ARMToolchains/gcc-arm-none-eabi-5_3-151225/bin/../lib/gcc/arm-none-eabi/5.3.1/../../../../arm-none-eabi/lib/armv6-m/libg_nano.a(lib_a-impure.o)
 .rodata._global_impure_ptr
                0x0000000000000000        0x4 /home/googly/ARMToolchains/gcc-arm-none-eabi-5_3-151225/bin/../lib/gcc/arm-none-eabi/5.3.1/../../../../arm-none-eabi/lib/armv6-m/libg_nano.a(lib_a-impure.o)
 .debug_info    0x0000000000000000      0x7d6 /home/googly/ARMToolchains/gcc-arm-none-eabi-5_3-151225/bin/../lib/gcc/arm-none-eabi/5.3.1/../../../../arm-none-eabi/lib/armv6-m/libg_nano.a(lib_a-impure.o)
 .debug_abbrev  0x0000000000000000      0x134 /home/googly/ARMToolchains/gcc-arm-none-eabi-5_3-151225/bin/../lib/gcc/arm-none-eabi/5.3.1/../../../../arm-none-eabi/lib/armv6-m/libg_nano.a(lib_a-impure.o)
 .debug_aranges
                0x0000000000000000       0x18 /home/googly/ARMToolchains/gcc-arm-none-eabi-5_3-151225/bin/../lib/gcc/arm-none-eabi/5.3.1/../../../../arm-none-eabi/lib/armv6-m/libg_nano.a(lib_a-impure.o)
 .debug_line    0x0000000000000000      0x149 /home/googly/ARMToolchains/gcc-arm-none-eabi-5_3-151225/bin/../lib/gcc/arm-none-eabi/5.3.1/../../../../arm-none-eabi/lib/armv6-m/libg_nano.a(lib_a-impure.o)
 .debug_str     0x0000000000000000      0x528 /home/googly/ARMToolchains/gcc-arm-none-eabi-5_3-151225/bin/../lib/gcc/arm-none-eabi/5.3.1/../../../../arm-none-eabi/lib/armv6-m/libg_nano.a(lib_a-impure.o)
 .comment       0x0000000000000000       0x5e /home/googly/ARMToolchains/gcc-arm-none-eabi-5_3-151225/bin/../lib/gcc/arm-none-eabi/5.3.1/../../../../arm-none-eabi/lib/armv6-m/libg_nano.a(lib_a-impure.o)
 .ARM.attributes
                0x0000000000000000       0x2c /home/googly/ARMToolchains/gcc-arm-none-eabi-5_3-151225/bin/../lib/gcc/arm-none-eabi/5.3.1/../../../../arm-none-eabi/lib/armv6-m/libg_nano.a(lib_a-impure.o)

Memory Configuration

Name             Origin             Length             Attributes
RAM              0x0000000020000000 0x0000000000002000 xrw
CCMRAM           0x0000000000000000 0x0000000000000000 xrw
FLASH            0x0000000008000000 0x0000000000010000 xr
FLASHB1          0x0000000000000000 0x0000000000000000 xr
EXTMEMB0         0x0000000000000000 0x0000000000000000 xr
EXTMEMB1         0x0000000000000000 0x0000000000000000 xr
EXTMEMB2         0x0000000000000000 0x0000000000000000 xr
EXTMEMB3         0x0000000000000000 0x0000000000000000 xr
MEMORY_ARRAY     0x0000000000000000 0x0000000000000000 xrw
*default*        0x0000000000000000 0xffffffffffffffff

Linker script and memory map

LOAD ./system/src/stm32f0-stdperiph/stm32f0xx_gpio.o
LOAD ./system/src/stm32f0-stdperiph/stm32f0xx_rcc.o
LOAD ./system/src/newlib/_cxx.o
LOAD ./system/src/newlib/_exit.o
LOAD ./system/src/newlib/_sbrk.o
LOAD ./system/src/newlib/_startup.o
LOAD ./system/src/newlib/_syscalls.o
LOAD ./system/src/newlib/assert.o
LOAD ./system/src/diag/Trace.o
LOAD ./system/src/diag/trace_impl.o
LOAD ./system/src/cortexm/_initialize_hardware.o
LOAD ./system/src/cortexm/_reset_hardware.o
LOAD ./system/src/cortexm/exception_handlers.o
LOAD ./system/src/cmsis/system_stm32f0xx.o
LOAD ./system/src/cmsis/vectors_stm32f0xx.o
LOAD ./src/BlinkLed.o
LOAD ./src/SPI.o
LOAD ./src/Timer.o
LOAD ./src/_write.o
LOAD ./src/main.o
LOAD /home/googly/ARMToolchains/gcc-arm-none-eabi-5_3-151225/bin/../lib/gcc/arm-none-eabi/5.3.1/../../../../arm-none-eabi/lib/armv6-m/libstdc++_nano.a
LOAD /home/googly/ARMToolchains/gcc-arm-none-eabi-5_3-151225/bin/../lib/gcc/arm-none-eabi/5.3.1/../../../../arm-none-eabi/lib/armv6-m/libm.a
START GROUP
LOAD /home/googly/ARMToolchains/gcc-arm-none-eabi-5_3-151225/bin/../lib/gcc/arm-none-eabi/5.3.1/armv6-m/libgcc.a
LOAD /home/googly/ARMToolchains/gcc-arm-none-eabi-5_3-151225/bin/../lib/gcc/arm-none-eabi/5.3.1/../../../../arm-none-eabi/lib/armv6-m/libg_nano.a
LOAD /home/googly/ARMToolchains/gcc-arm-none-eabi-5_3-151225/bin/../lib/gcc/arm-none-eabi/5.3.1/../../../../arm-none-eabi/lib/armv6-m/libc_nano.a
END GROUP
START GROUP
LOAD /home/googly/ARMToolchains/gcc-arm-none-eabi-5_3-151225/bin/../lib/gcc/arm-none-eabi/5.3.1/armv6-m/libgcc.a
LOAD /home/googly/ARMToolchains/gcc-arm-none-eabi-5_3-151225/bin/../lib/gcc/arm-none-eabi/5.3.1/../../../../arm-none-eabi/lib/armv6-m/libc_nano.a
END GROUP
                0x0000000020002000                __stack = (ORIGIN (RAM) + LENGTH (RAM))
                0x0000000020002000                _estack = __stack
                0x0000000000000400                __Main_Stack_Size = 0x400
                [!provide]                        PROVIDE (_Main_Stack_Size, __Main_Stack_Size)
                0x0000000020001c00                __Main_Stack_Limit = (__stack - __Main_Stack_Size)
                [!provide]                        PROVIDE (_Main_Stack_Limit, __Main_Stack_Limit)
                0x0000000000000100                _Minimum_Stack_Size = 0x100
                0x0000000020000024                PROVIDE (_Heap_Begin, _end_noinit)
                0x0000000020001c00                PROVIDE (_Heap_Limit, (__stack - __Main_Stack_Size))

.isr_vector     0x0000000008000000      0x1b6
 FILL mask 0xff
                0x0000000008000000                __vectors_start = ABSOLUTE (.)
                0x0000000008000000                __vectors_start__ = ABSOLUTE (.)
 *(.isr_vector)
 .isr_vector    0x0000000008000000       0xc4 ./system/src/cmsis/vectors_stm32f0xx.o
                0x0000000008000000                g_pfnVectors
 *(.cfmconfig)
 *(.after_vectors .after_vectors.*)
 .after_vectors
                0x00000000080000c4       0xc0 ./system/src/newlib/_startup.o
                0x00000000080000c4                _start
 .after_vectors
                0x0000000008000184       0x30 ./system/src/cortexm/exception_handlers.o
                0x0000000008000184                Reset_Handler
                0x00000000080001a2                HardFault_Handler_C
 .after_vectors
                0x00000000080001b4        0x2 ./system/src/cmsis/vectors_stm32f0xx.o
                0x00000000080001b4                TIM1_CC_IRQHandler
                0x00000000080001b4                TSC_IRQHandler
                0x00000000080001b4                ADC1_COMP_IRQHandler
                0x00000000080001b4                PVD_IRQHandler
                0x00000000080001b4                I2C1_IRQHandler
                0x00000000080001b4                RCC_CRS_IRQHandler
                0x00000000080001b4                TIM6_DAC_IRQHandler
                0x00000000080001b4                USART3_4_IRQHandler
                0x00000000080001b4                EXTI2_3_IRQHandler
                0x00000000080001b4                ADC1_IRQHandler
                0x00000000080001b4                I2C2_IRQHandler
                0x00000000080001b4                TIM17_IRQHandler
                0x00000000080001b4                CEC_CAN_IRQHandler
                0x00000000080001b4                RTC_IRQHandler
                0x00000000080001b4                PVD_VDDIO2_IRQHandler
                0x00000000080001b4                DMA1_Channel4_5_6_7_IRQHandler
                0x00000000080001b4                TIM16_IRQHandler
                0x00000000080001b4                TIM3_IRQHandler
                0x00000000080001b4                RCC_IRQHandler
                0x00000000080001b4                EXTI4_15_IRQHandler
                0x00000000080001b4                DMA1_Channel1_IRQHandler
                0x00000000080001b4                Default_Handler
                0x00000000080001b4                CEC_IRQHandler
                0x00000000080001b4                TIM14_IRQHandler
                0x00000000080001b4                DMA1_Channel4_5_IRQHandler
                0x00000000080001b4                TIM7_IRQHandler
                0x00000000080001b4                TIM15_IRQHandler
                0x00000000080001b4                USB_IRQHandler
                0x00000000080001b4                TS_IRQHandler
                0x00000000080001b4                WWDG_IRQHandler
                0x00000000080001b4                TIM2_IRQHandler
                0x00000000080001b4                DMA1_Channel2_3_IRQHandler
                0x00000000080001b4                USART2_IRQHandler
                0x00000000080001b4                FLASH_IRQHandler
                0x00000000080001b4                USART1_IRQHandler
                0x00000000080001b4                TIM1_BRK_UP_TRG_COM_IRQHandler

.inits          0x00000000080001b8       0x28
                0x00000000080001b8                __data_regions_array_start = .
                0x00000000080001b8        0x4 LONG 0x8000724 LOADADDR (.data)
                0x00000000080001bc        0x4 LONG 0x20000000 ADDR (.data)
                0x00000000080001c0        0x4 LONG 0x2000001c (ADDR (.data) + SIZEOF (.data))
                0x00000000080001c4        0x4 LONG 0x8000724 LOADADDR (.data_CCMRAM)
                0x00000000080001c8        0x4 LONG 0x0 ADDR (.data_CCMRAM)
                0x00000000080001cc        0x4 LONG 0x0 (ADDR (.data_CCMRAM) + SIZEOF (.data_CCMRAM))
                0x00000000080001d0                __data_regions_array_end = .
                0x00000000080001d0                __bss_regions_array_start = .
                0x00000000080001d0        0x4 LONG 0x2000001c ADDR (.bss)
                0x00000000080001d4        0x4 LONG 0x20000024 (ADDR (.bss) + SIZEOF (.bss))
                0x00000000080001d8        0x4 LONG 0x0 ADDR (.bss_CCMRAM)
                0x00000000080001dc        0x4 LONG 0x0 (ADDR (.bss_CCMRAM) + SIZEOF (.bss_CCMRAM))
                0x00000000080001e0                __bss_regions_array_end = .
 *(.init)
 *(.fini)
                0x00000000080001e0                . = ALIGN (0x4)
                0x00000000080001e0                PROVIDE (__preinit_array_start, .)
 *(.preinit_array_sysinit .preinit_array_sysinit.*)
 *(.preinit_array_platform .preinit_array_platform.*)
 *(.preinit_array .preinit_array.*)
                0x00000000080001e0                PROVIDE (__preinit_array_end, .)
                0x00000000080001e0                . = ALIGN (0x4)
                0x00000000080001e0                PROVIDE (__init_array_start, .)
 *(SORT(.init_array.*))
 *(.init_array)
                0x00000000080001e0                PROVIDE (__init_array_end, .)
                0x00000000080001e0                . = ALIGN (0x4)
                0x00000000080001e0                PROVIDE (__fini_array_start, .)
 *(SORT(.fini_array.*))
 *(.fini_array)
                0x00000000080001e0                PROVIDE (__fini_array_end, .)

.flashtext
 *(.flashtext .flashtext.*)

.text           0x00000000080001e0      0x544
 *(.text .text.*)
 .text._exit    0x00000000080001e0        0x6 ./system/src/newlib/_exit.o
                0x00000000080001e0                _exit
 *fill*         0x00000000080001e6        0x2 
 .text.__initialize_args
                0x00000000080001e8       0x10 ./system/src/newlib/_syscalls.o
                0x00000000080001e8                __initialize_args
 .text.__initialize_hardware_early
                0x00000000080001f8        0x8 ./system/src/cortexm/_initialize_hardware.o
                0x00000000080001f8                __initialize_hardware_early
 .text.__initialize_hardware
                0x0000000008000200        0x8 ./system/src/cortexm/_initialize_hardware.o
                0x0000000008000200                __initialize_hardware
 .text.__reset_hardware
                0x0000000008000208       0x1c ./system/src/cortexm/_reset_hardware.o
                0x0000000008000208                __reset_hardware
 .text.SystemInit
                0x0000000008000224       0xfc ./system/src/cmsis/system_stm32f0xx.o
                0x0000000008000224                SystemInit
 .text.SystemCoreClockUpdate
                0x0000000008000320       0x68 ./system/src/cmsis/system_stm32f0xx.o
                0x0000000008000320                SystemCoreClockUpdate
 .text.Configure_GPIO_LED
                0x0000000008000388       0x3c ./src/SPI.o
                0x0000000008000388                Configure_GPIO_LED
 .text.Configure_GPIO_SPI1
                0x00000000080003c4       0x30 ./src/SPI.o
                0x00000000080003c4                Configure_GPIO_SPI1
 .text.Configure_SPI1
                0x00000000080003f4       0x48 ./src/SPI.o
                0x00000000080003f4                Configure_SPI1
 .text.Configure_GPIO_SPI2
                0x000000000800043c       0x2c ./src/SPI.o
                0x000000000800043c                Configure_GPIO_SPI2
 .text.Configure_SPI2
                0x0000000008000468       0x44 ./src/SPI.o
                0x0000000008000468                Configure_SPI2
 .text.Configure_GPIO_Button
                0x00000000080004ac       0x20 ./src/SPI.o
                0x00000000080004ac                Configure_GPIO_Button
 .text.Configure_EXTI
                0x00000000080004cc       0x40 ./src/SPI.o
                0x00000000080004cc                Configure_EXTI
 .text.timer_tick
                0x000000000800050c       0x14 ./src/Timer.o
                0x000000000800050c                timer_tick
 .text.SysTick_Handler
                0x0000000008000520        0x8 ./src/Timer.o
                0x0000000008000520                SysTick_Handler
 .text.startup.main
                0x0000000008000528       0x2c ./src/main.o
                0x0000000008000528                main
 .text.NMI_Handler
                0x0000000008000554        0x2 ./src/main.o
                0x0000000008000554                NMI_Handler
 .text.HardFault_Handler
                0x0000000008000556        0x2 ./src/main.o
                0x0000000008000556                HardFault_Handler
 .text.SVC_Handler
                0x0000000008000558        0x2 ./src/main.o
                0x0000000008000558                SVC_Handler
 .text.PendSV_Handler
                0x000000000800055a        0x2 ./src/main.o
                0x000000000800055a                PendSV_Handler
 .text.EXTI0_1_IRQHandler
                0x000000000800055c       0x30 ./src/main.o
                0x000000000800055c                EXTI0_1_IRQHandler
 .text.SPI1_IRQHandler
                0x000000000800058c       0x40 ./src/main.o
                0x000000000800058c                SPI1_IRQHandler
 .text.SPI2_IRQHandler
                0x00000000080005cc       0x40 ./src/main.o
                0x00000000080005cc                SPI2_IRQHandler
 .text          0x000000000800060c      0x114 /home/googly/ARMToolchains/gcc-arm-none-eabi-5_3-151225/bin/../lib/gcc/arm-none-eabi/5.3.1/armv6-m/libgcc.a(_udivsi3.o)
                0x000000000800060c                __udivsi3
                0x000000000800060c                __aeabi_uidiv
                0x0000000008000718                __aeabi_uidivmod
 .text          0x0000000008000720        0x4 /home/googly/ARMToolchains/gcc-arm-none-eabi-5_3-151225/bin/../lib/gcc/arm-none-eabi/5.3.1/armv6-m/libgcc.a(_dvmd_tls.o)
                0x0000000008000720                __aeabi_ldiv0
                0x0000000008000720                __aeabi_idiv0
 *(.rodata .rodata.* .constdata .constdata.*)
 *(vtable)
 *(.eh_frame*)
 *(.glue_7)
 .glue_7        0x0000000008000724        0x0 linker stubs
 *(.glue_7t)
 .glue_7t       0x0000000008000724        0x0 linker stubs

.vfp11_veneer   0x0000000008000724        0x0
 .vfp11_veneer  0x0000000008000724        0x0 linker stubs

.v4_bx          0x0000000008000724        0x0
 .v4_bx         0x0000000008000724        0x0 linker stubs

.iplt           0x0000000008000724        0x0
 .iplt          0x0000000008000724        0x0 ./system/src/stm32f0-stdperiph/stm32f0xx_gpio.o

.rel.dyn        0x0000000008000724        0x0
 .rel.iplt      0x0000000008000724        0x0 ./system/src/stm32f0-stdperiph/stm32f0xx_gpio.o

.ARM.extab
 *(.ARM.extab* .gnu.linkonce.armextab.*)
                0x0000000008000724                . = ALIGN (0x4)
                0x0000000008000724                __exidx_start = .

.ARM.exidx
 *(.ARM.exidx* .gnu.linkonce.armexidx.*)
                0x0000000008000724                __exidx_end = .
                0x0000000008000724                . = ALIGN (0x4)
                0x0000000008000724                _etext = .
                0x0000000008000724                __etext = .

.data_CCMRAM    0x0000000000000000        0x0 load address 0x0000000008000724
 FILL mask 0xff
 *(.data.CCMRAM .data.CCMRAM.*)
                0x0000000000000000                . = ALIGN (0x4)
                0x0000000008000724                _sidata = LOADADDR (.data)

.data           0x0000000020000000       0x1c load address 0x0000000008000724
 FILL mask 0xff
                0x0000000020000000                _sdata = .
                0x0000000020000000                __data_start__ = .
 *(.data_begin .data_begin.*)
 *(.data .data.*)
 .data.argv.4238
                0x0000000020000000        0x8 ./system/src/newlib/_syscalls.o
 .data.AHBPrescTable
                0x0000000020000008       0x10 ./system/src/cmsis/system_stm32f0xx.o
                0x0000000020000008                AHBPrescTable
 .data.SystemCoreClock
                0x0000000020000018        0x4 ./system/src/cmsis/system_stm32f0xx.o
                0x0000000020000018                SystemCoreClock
 *(.data_end .data_end.*)
                0x000000002000001c                . = ALIGN (0x4)
                0x000000002000001c                _edata = .
                0x000000002000001c                __data_end__ = .

.igot.plt       0x000000002000001c        0x0 load address 0x0000000008000740
 .igot.plt      0x000000002000001c        0x0 ./system/src/stm32f0-stdperiph/stm32f0xx_gpio.o

.bss_CCMRAM     0x0000000000000000        0x0
 *(.bss.CCMRAM .bss.CCMRAM.*)

.bss            0x000000002000001c        0x8
                0x000000002000001c                __bss_start__ = .
                0x000000002000001c                _sbss = .
 *(.bss_begin .bss_begin.*)
 *(.bss .bss.*)
 .bss.name.4237
                0x000000002000001c        0x1 ./system/src/newlib/_syscalls.o
 *(COMMON)
 *fill*         0x000000002000001d        0x3 
 COMMON         0x0000000020000020        0x4 ./src/Timer.o
                0x0000000020000020                timer_delayCount
 *(.bss_end .bss_end.*)
                0x0000000020000024                . = ALIGN (0x4)
                0x0000000020000024                __bss_end__ = .
                0x0000000020000024                _ebss = .

.noinit_CCMRAM
 *(.noinit.CCMRAM .noinit.CCMRAM.*)

.noinit         0x0000000020000024        0x0
                0x0000000020000024                _noinit = .
 *(.noinit .noinit.*)
                0x0000000020000024                . = ALIGN (0x4)
                0x0000000020000024                _end_noinit = .
                [!provide]                        PROVIDE (end, _end_noinit)
                [!provide]                        PROVIDE (_end, _end_noinit)
                [!provide]                        PROVIDE (__end, _end_noinit)
                [!provide]                        PROVIDE (__end__, _end_noinit)

._check_stack   0x0000000020000024      0x100
                0x0000000020000124                . = (. + _Minimum_Stack_Size)
 *fill*         0x0000000020000024      0x100 

.b1text
 *(.b1text)
 *(.b1rodata)
 *(.b1rodata.*)

.eb0text
 *(.eb0text)
 *(.eb0rodata)
 *(.eb0rodata.*)

.eb1text
 *(.eb1text)
 *(.eb1rodata)
 *(.eb1rodata.*)

.eb2text
 *(.eb2text)
 *(.eb2rodata)
 *(.eb2rodata.*)

.eb3text
 *(.eb3text)
 *(.eb3rodata)
 *(.eb3rodata.*)

.stab
 *(.stab)

.stabstr
 *(.stabstr)

.stab.excl
 *(.stab.excl)

.stab.exclstr
 *(.stab.exclstr)

.stab.index
 *(.stab.index)

.stab.indexstr
 *(.stab.indexstr)

.comment        0x0000000000000000       0x5d
 *(.comment)
 .comment       0x0000000000000000       0x5d ./system/src/newlib/_exit.o
                                         0x5e (size before relaxing)
 .comment       0x000000000000005d       0x5e ./system/src/newlib/_startup.o
 .comment       0x000000000000005d       0x5e ./system/src/newlib/_syscalls.o
 .comment       0x000000000000005d       0x5e ./system/src/cortexm/_initialize_hardware.o
 .comment       0x000000000000005d       0x5e ./system/src/cortexm/_reset_hardware.o
 .comment       0x000000000000005d       0x5e ./system/src/cortexm/exception_handlers.o
 .comment       0x000000000000005d       0x5e ./system/src/cmsis/system_stm32f0xx.o
 .comment       0x000000000000005d       0x5e ./system/src/cmsis/vectors_stm32f0xx.o
 .comment       0x000000000000005d       0x5e ./src/SPI.o
 .comment       0x000000000000005d       0x5e ./src/Timer.o
 .comment       0x000000000000005d       0x5e ./src/main.o

.ARM.attributes
                0x0000000000000000       0x31
 .ARM.attributes
                0x0000000000000000       0x31 ./system/src/newlib/_exit.o
 .ARM.attributes
                0x0000000000000031       0x31 ./system/src/newlib/_startup.o
 .ARM.attributes
                0x0000000000000062       0x31 ./system/src/newlib/_syscalls.o
 .ARM.attributes
                0x0000000000000093       0x31 ./system/src/cortexm/_initialize_hardware.o
 .ARM.attributes
                0x00000000000000c4       0x31 ./system/src/cortexm/_reset_hardware.o
 .ARM.attributes
                0x00000000000000f5       0x31 ./system/src/cortexm/exception_handlers.o
 .ARM.attributes
                0x0000000000000126       0x31 ./system/src/cmsis/system_stm32f0xx.o
 .ARM.attributes
                0x0000000000000157       0x31 ./system/src/cmsis/vectors_stm32f0xx.o
 .ARM.attributes
                0x0000000000000188       0x31 ./src/SPI.o
 .ARM.attributes
                0x00000000000001b9       0x31 ./src/Timer.o
 .ARM.attributes
                0x00000000000001ea       0x31 ./src/main.o
 .ARM.attributes
                0x000000000000021b       0x1e /home/googly/ARMToolchains/gcc-arm-none-eabi-5_3-151225/bin/../lib/gcc/arm-none-eabi/5.3.1/armv6-m/libgcc.a(_udivsi3.o)
 .ARM.attributes
                0x0000000000000239       0x1e /home/googly/ARMToolchains/gcc-arm-none-eabi-5_3-151225/bin/../lib/gcc/arm-none-eabi/5.3.1/armv6-m/libgcc.a(_dvmd_tls.o)

.debug
 *(.debug)

.line
 *(.line)

.debug_srcinfo
 *(.debug_srcinfo)

.debug_sfnames
 *(.debug_sfnames)

.debug_aranges  0x0000000000000000      0x288
 *(.debug_aranges)
 .debug_aranges
                0x0000000000000000       0x28 ./system/src/newlib/_exit.o
 .debug_aranges
                0x0000000000000028       0x40 ./system/src/newlib/_startup.o
 .debug_aranges
                0x0000000000000068       0x30 ./system/src/newlib/_syscalls.o
 .debug_aranges
                0x0000000000000098       0x28 ./system/src/cortexm/_initialize_hardware.o
 .debug_aranges
                0x00000000000000c0       0x20 ./system/src/cortexm/_reset_hardware.o
 .debug_aranges
                0x00000000000000e0       0x50 ./system/src/cortexm/exception_handlers.o
 .debug_aranges
                0x0000000000000130       0x28 ./system/src/cmsis/system_stm32f0xx.o
 .debug_aranges
                0x0000000000000158       0x20 ./system/src/cmsis/vectors_stm32f0xx.o
 .debug_aranges
                0x0000000000000178       0x50 ./src/SPI.o
 .debug_aranges
                0x00000000000001c8       0x38 ./src/Timer.o
 .debug_aranges
                0x0000000000000200       0x48 ./src/main.o
 .debug_aranges
                0x0000000000000248       0x20 /home/googly/ARMToolchains/gcc-arm-none-eabi-5_3-151225/bin/../lib/gcc/arm-none-eabi/5.3.1/armv6-m/libgcc.a(_udivsi3.o)
 .debug_aranges
                0x0000000000000268       0x20 /home/googly/ARMToolchains/gcc-arm-none-eabi-5_3-151225/bin/../lib/gcc/arm-none-eabi/5.3.1/armv6-m/libgcc.a(_dvmd_tls.o)

.debug_pubnames
 *(.debug_pubnames)

.debug_info     0x0000000000000000     0x2325
 *(.debug_info .gnu.linkonce.wi.*)
 .debug_info    0x0000000000000000      0x104 ./system/src/newlib/_exit.o
 .debug_info    0x0000000000000104      0x3ec ./system/src/newlib/_startup.o
 .debug_info    0x00000000000004f0      0x1b8 ./system/src/newlib/_syscalls.o
 .debug_info    0x00000000000006a8       0xc7 ./system/src/cortexm/_initialize_hardware.o
 .debug_info    0x000000000000076f      0x195 ./system/src/cortexm/_reset_hardware.o
 .debug_info    0x0000000000000904      0x1a7 ./system/src/cortexm/exception_handlers.o
 .debug_info    0x0000000000000aab      0x300 ./system/src/cmsis/system_stm32f0xx.o
 .debug_info    0x0000000000000dab       0xcd ./system/src/cmsis/vectors_stm32f0xx.o
 .debug_info    0x0000000000000e78      0x7fe ./src/SPI.o
 .debug_info    0x0000000000001676      0x478 ./src/Timer.o
 .debug_info    0x0000000000001aee      0x699 ./src/main.o
 .debug_info    0x0000000000002187       0xcf /home/googly/ARMToolchains/gcc-arm-none-eabi-5_3-151225/bin/../lib/gcc/arm-none-eabi/5.3.1/armv6-m/libgcc.a(_udivsi3.o)
 .debug_info    0x0000000000002256       0xcf /home/googly/ARMToolchains/gcc-arm-none-eabi-5_3-151225/bin/../lib/gcc/arm-none-eabi/5.3.1/armv6-m/libgcc.a(_dvmd_tls.o)

.debug_abbrev   0x0000000000000000      0xcb0
 *(.debug_abbrev)
 .debug_abbrev  0x0000000000000000       0xbb ./system/src/newlib/_exit.o
 .debug_abbrev  0x00000000000000bb      0x19e ./system/src/newlib/_startup.o
 .debug_abbrev  0x0000000000000259       0xe9 ./system/src/newlib/_syscalls.o
 .debug_abbrev  0x0000000000000342       0x60 ./system/src/cortexm/_initialize_hardware.o
 .debug_abbrev  0x00000000000003a2       0xe9 ./system/src/cortexm/_reset_hardware.o
 .debug_abbrev  0x000000000000048b       0xc4 ./system/src/cortexm/exception_handlers.o
 .debug_abbrev  0x000000000000054f      0x150 ./system/src/cmsis/system_stm32f0xx.o
 .debug_abbrev  0x000000000000069f       0x9a ./system/src/cmsis/vectors_stm32f0xx.o
 .debug_abbrev  0x0000000000000739      0x16e ./src/SPI.o
 .debug_abbrev  0x00000000000008a7      0x1c6 ./src/Timer.o
 .debug_abbrev  0x0000000000000a6d      0x21b ./src/main.o
 .debug_abbrev  0x0000000000000c88       0x14 /home/googly/ARMToolchains/gcc-arm-none-eabi-5_3-151225/bin/../lib/gcc/arm-none-eabi/5.3.1/armv6-m/libgcc.a(_udivsi3.o)
 .debug_abbrev  0x0000000000000c9c       0x14 /home/googly/ARMToolchains/gcc-arm-none-eabi-5_3-151225/bin/../lib/gcc/arm-none-eabi/5.3.1/armv6-m/libgcc.a(_dvmd_tls.o)

.debug_line     0x0000000000000000      0xdf4
 *(.debug_line)
 .debug_line    0x0000000000000000      0x137 ./system/src/newlib/_exit.o
 .debug_line    0x0000000000000137      0x104 ./system/src/newlib/_startup.o
 .debug_line    0x000000000000023b      0x149 ./system/src/newlib/_syscalls.o
 .debug_line    0x0000000000000384       0xa0 ./system/src/cortexm/_initialize_hardware.o
 .debug_line    0x0000000000000424      0x10d ./system/src/cortexm/_reset_hardware.o
 .debug_line    0x0000000000000531      0x178 ./system/src/cortexm/exception_handlers.o
 .debug_line    0x00000000000006a9      0x157 ./system/src/cmsis/system_stm32f0xx.o
 .debug_line    0x0000000000000800       0x58 ./system/src/cmsis/vectors_stm32f0xx.o
 .debug_line    0x0000000000000858      0x1e9 ./src/SPI.o
 .debug_line    0x0000000000000a41      0x16f ./src/Timer.o
 .debug_line    0x0000000000000bb0      0x140 ./src/main.o
 .debug_line    0x0000000000000cf0       0x88 /home/googly/ARMToolchains/gcc-arm-none-eabi-5_3-151225/bin/../lib/gcc/arm-none-eabi/5.3.1/armv6-m/libgcc.a(_udivsi3.o)
 .debug_line    0x0000000000000d78       0x7c /home/googly/ARMToolchains/gcc-arm-none-eabi-5_3-151225/bin/../lib/gcc/arm-none-eabi/5.3.1/armv6-m/libgcc.a(_dvmd_tls.o)

.debug_frame    0x0000000000000000      0x3f0
 *(.debug_frame)
 .debug_frame   0x0000000000000000       0x40 ./system/src/newlib/_exit.o
 .debug_frame   0x0000000000000040       0x88 ./system/src/newlib/_startup.o
 .debug_frame   0x00000000000000c8       0x50 ./system/src/newlib/_syscalls.o
 .debug_frame   0x0000000000000118       0x40 ./system/src/cortexm/_initialize_hardware.o
 .debug_frame   0x0000000000000158       0x20 ./system/src/cortexm/_reset_hardware.o
 .debug_frame   0x0000000000000178       0x80 ./system/src/cortexm/exception_handlers.o
 .debug_frame   0x00000000000001f8       0x40 ./system/src/cmsis/system_stm32f0xx.o
 .debug_frame   0x0000000000000238       0x20 ./system/src/cmsis/vectors_stm32f0xx.o
 .debug_frame   0x0000000000000258       0x80 ./src/SPI.o
 .debug_frame   0x00000000000002d8       0x60 ./src/Timer.o
 .debug_frame   0x0000000000000338       0x98 ./src/main.o
 .debug_frame   0x00000000000003d0       0x20 /home/googly/ARMToolchains/gcc-arm-none-eabi-5_3-151225/bin/../lib/gcc/arm-none-eabi/5.3.1/armv6-m/libgcc.a(_udivsi3.o)

.debug_str      0x0000000000000000      0xa96
 *(.debug_str)
 .debug_str     0x0000000000000000      0x170 ./system/src/newlib/_exit.o
                                        0x1a9 (size before relaxing)
 .debug_str     0x0000000000000170      0x173 ./system/src/newlib/_startup.o
                                        0x2ee (size before relaxing)
 .debug_str     0x00000000000002e3       0x5a ./system/src/newlib/_syscalls.o
                                        0x1d6 (size before relaxing)
 .debug_str     0x000000000000033d       0x4e ./system/src/cortexm/_initialize_hardware.o
                                        0x1ce (size before relaxing)
 .debug_str     0x000000000000038b       0x79 ./system/src/cortexm/_reset_hardware.o
                                        0x1e1 (size before relaxing)
 .debug_str     0x0000000000000404       0xbb ./system/src/cortexm/exception_handlers.o
                                        0x223 (size before relaxing)
 .debug_str     0x00000000000004bf      0x113 ./system/src/cmsis/system_stm32f0xx.o
                                        0x295 (size before relaxing)
 .debug_str     0x00000000000005d2       0x56 ./system/src/cmsis/vectors_stm32f0xx.o
                                        0x1a4 (size before relaxing)
 .debug_str     0x0000000000000628      0x372 ./src/SPI.o
                                        0x56f (size before relaxing)
 .debug_str     0x000000000000099a       0x83 ./src/Timer.o
                                        0x452 (size before relaxing)
 .debug_str     0x0000000000000a1d       0x79 ./src/main.o
                                        0x55c (size before relaxing)

.debug_loc      0x0000000000000000      0x556
 *(.debug_loc)
 .debug_loc     0x0000000000000000       0x21 ./system/src/newlib/_exit.o
 .debug_loc     0x0000000000000021      0x218 ./system/src/newlib/_startup.o
 .debug_loc     0x0000000000000239       0x63 ./system/src/newlib/_syscalls.o
 .debug_loc     0x000000000000029c       0xe7 ./system/src/cmsis/system_stm32f0xx.o
 .debug_loc     0x0000000000000383       0xb4 ./src/SPI.o
 .debug_loc     0x0000000000000437       0x49 ./src/Timer.o
 .debug_loc     0x0000000000000480       0xd6 ./src/main.o

.debug_macinfo
 *(.debug_macinfo)

.debug_weaknames
 *(.debug_weaknames)

.debug_funcnames
 *(.debug_funcnames)

.debug_typenames
 *(.debug_typenames)

.debug_varnames
 *(.debug_varnames)
OUTPUT(SPITest.elf elf32-littlearm)

.debug_ranges   0x0000000000000000      0x250
 .debug_ranges  0x0000000000000000       0x18 ./system/src/newlib/_exit.o
 .debug_ranges  0x0000000000000018       0x48 ./system/src/newlib/_startup.o
 .debug_ranges  0x0000000000000060       0x20 ./system/src/newlib/_syscalls.o
 .debug_ranges  0x0000000000000080       0x18 ./system/src/cortexm/_initialize_hardware.o
 .debug_ranges  0x0000000000000098       0x10 ./system/src/cortexm/_reset_hardware.o
 .debug_ranges  0x00000000000000a8       0x40 ./system/src/cortexm/exception_handlers.o
 .debug_ranges  0x00000000000000e8       0x38 ./system/src/cmsis/system_stm32f0xx.o
 .debug_ranges  0x0000000000000120       0x10 ./system/src/cmsis/vectors_stm32f0xx.o
 .debug_ranges  0x0000000000000130       0x90 ./src/SPI.o
 .debug_ranges  0x00000000000001c0       0x58 ./src/Timer.o
 .debug_ranges  0x0000000000000218       0x38 ./src/main.o
