10:11:08 **** Incremental Build of configuration Release for project UART_Receiver ****
make all 
Building file: ../src/Timer.c
Invoking: Cross ARM C Compiler
arm-none-eabi-gcc -mcpu=cortex-m0 -mthumb -Os -fmessage-length=0 -fsigned-char -ffunction-sections -fdata-sections -ffreestanding -Wall -Wextra  -g -DOS_USE_TRACE_SEMIHOSTING_DEBUG -DSTM32F051 -DUSE_STDPERIPH_DRIVER -DHSE_VALUE=8000000 -I"../include" -I"../system/include" -I"../system/include/cmsis" -I"../system/include/stm32f0-stdperiph" -std=gnu11 -MMD -MP -MF"src/Timer.d" -MT"src/Timer.o" -c -o "src/Timer.o" "../src/Timer.c"
Finished building: ../src/Timer.c
 
Building file: ../src/UART_Receiver.c
Invoking: Cross ARM C Compiler
arm-none-eabi-gcc -mcpu=cortex-m0 -mthumb -Os -fmessage-length=0 -fsigned-char -ffunction-sections -fdata-sections -ffreestanding -Wall -Wextra  -g -DOS_USE_TRACE_SEMIHOSTING_DEBUG -DSTM32F051 -DUSE_STDPERIPH_DRIVER -DHSE_VALUE=8000000 -I"../include" -I"../system/include" -I"../system/include/cmsis" -I"../system/include/stm32f0-stdperiph" -std=gnu11 -MMD -MP -MF"src/UART_Receiver.d" -MT"src/UART_Receiver.o" -c -o "src/UART_Receiver.o" "../src/UART_Receiver.c"
Finished building: ../src/UART_Receiver.c
 
Building file: ../src/_write.c
Invoking: Cross ARM C Compiler
arm-none-eabi-gcc -mcpu=cortex-m0 -mthumb -Os -fmessage-length=0 -fsigned-char -ffunction-sections -fdata-sections -ffreestanding -Wall -Wextra  -g -DOS_USE_TRACE_SEMIHOSTING_DEBUG -DSTM32F051 -DUSE_STDPERIPH_DRIVER -DHSE_VALUE=8000000 -I"../include" -I"../system/include" -I"../system/include/cmsis" -I"../system/include/stm32f0-stdperiph" -std=gnu11 -MMD -MP -MF"src/_write.d" -MT"src/_write.o" -c -o "src/_write.o" "../src/_write.c"
Finished building: ../src/_write.c
 
Building file: ../src/main.c
Invoking: Cross ARM C Compiler
arm-none-eabi-gcc -mcpu=cortex-m0 -mthumb -Os -fmessage-length=0 -fsigned-char -ffunction-sections -fdata-sections -ffreestanding -Wall -Wextra  -g -DOS_USE_TRACE_SEMIHOSTING_DEBUG -DSTM32F051 -DUSE_STDPERIPH_DRIVER -DHSE_VALUE=8000000 -I"../include" -I"../system/include" -I"../system/include/cmsis" -I"../system/include/stm32f0-stdperiph" -std=gnu11 -MMD -MP -MF"src/main.d" -MT"src/main.o" -c -o "src/main.o" "../src/main.c"
Finished building: ../src/main.c
 
Building target: UART_Receiver.elf
Invoking: Cross ARM C++ Linker
arm-none-eabi-g++ -mcpu=cortex-m0 -mthumb -Os -fmessage-length=0 -fsigned-char -ffunction-sections -fdata-sections -ffreestanding -Wall -Wextra  -g -T mem.ld -T libs.ld -T sections.ld -nostartfiles -Xlinker --gc-sections -L"../ldscripts" -Wl,-Map,"UART_Receiver.map" --specs=nano.specs -o "UART_Receiver.elf"  ./system/src/stm32f0-stdperiph/stm32f0xx_gpio.o ./system/src/stm32f0-stdperiph/stm32f0xx_rcc.o  ./system/src/newlib/_cxx.o ./system/src/newlib/_exit.o ./system/src/newlib/_sbrk.o ./system/src/newlib/_startup.o ./system/src/newlib/_syscalls.o ./system/src/newlib/assert.o  ./system/src/diag/Trace.o ./system/src/diag/trace_impl.o  ./system/src/cortexm/_initialize_hardware.o ./system/src/cortexm/_reset_hardware.o ./system/src/cortexm/exception_handlers.o  ./system/src/cmsis/system_stm32f0xx.o ./system/src/cmsis/vectors_stm32f0xx.o  ./src/Timer.o ./src/UART_Receiver.o ./src/_write.o ./src/main.o   
Finished building target: UART_Receiver.elf
 
Invoking: Cross ARM GNU Create Flash Image
arm-none-eabi-objcopy -O ihex "UART_Receiver.elf"  "UART_Receiver.hex"
Finished building: UART_Receiver.hex
 
Invoking: Cross ARM GNU Print Size
arm-none-eabi-size --format=berkeley "UART_Receiver.elf"
   text	   data	    bss	    dec	    hex	filename
   1558	     68	    264	   1890	    762	UART_Receiver.elf
Finished building: UART_Receiver.siz
 

10:11:09 Build Finished (took 211ms)

